Archive member included because of file (symbol)

/usr/local/ps3dev/portlibs/ppu/lib/libtiny3d.a(rsxutil.o)
                              main.o (Video_Resolution)
/usr/local/ps3dev/portlibs/ppu/lib/libtiny3d.a(tiny3d.o)
                              /usr/local/ps3dev/portlibs/ppu/lib/libtiny3d.a(rsxutil.o) (internal_reality_SetRenderSurface)
/usr/local/ps3dev/portlibs/ppu/lib/libtiny3d.a(vshader_text_normal.vcg.o)
                              /usr/local/ps3dev/portlibs/ppu/lib/libtiny3d.a(tiny3d.o) (vshader_text_normal_bin)
/usr/local/ps3dev/portlibs/ppu/lib/libtiny3d.a(realityVP.o)
                              /usr/local/ps3dev/portlibs/ppu/lib/libtiny3d.a(tiny3d.o) (internal_reality_VertexProgramGetUCode)
/usr/local/ps3dev/portlibs/ppu/lib/libtiny3d.a(matrix.o)
                              /usr/local/ps3dev/portlibs/ppu/lib/libtiny3d.a(tiny3d.o) (MatrixVectorMultiply)
/usr/local/ps3dev/ppu/lib/libgcm_sys.a(sprx.o)
                              /usr/local/ps3dev/portlibs/ppu/lib/libtiny3d.a(rsxutil.o) (gcmSetFlip)
/usr/local/ps3dev/portlibs/ppu/lib/libfont.a(libfont.o)
                              main.o (ResetFont)
/usr/local/ps3dev/ppu/lib/libio.a(sprx.o)
                              main.o (ioPadInit)
/usr/local/ps3dev/ppu/lib/gcc/powerpc64-ps3-elf/7.2.0/../../../../powerpc64-ps3-elf/lib/libm.a(lib_a-sf_cos.o)
                              /usr/local/ps3dev/portlibs/ppu/lib/libtiny3d.a(matrix.o) (cosf)
/usr/local/ps3dev/ppu/lib/gcc/powerpc64-ps3-elf/7.2.0/../../../../powerpc64-ps3-elf/lib/libm.a(lib_a-sf_sin.o)
                              /usr/local/ps3dev/portlibs/ppu/lib/libtiny3d.a(matrix.o) (sinf)
/usr/local/ps3dev/ppu/lib/gcc/powerpc64-ps3-elf/7.2.0/../../../../powerpc64-ps3-elf/lib/libm.a(lib_a-sf_tan.o)
                              /usr/local/ps3dev/portlibs/ppu/lib/libtiny3d.a(matrix.o) (tanf)
/usr/local/ps3dev/ppu/lib/gcc/powerpc64-ps3-elf/7.2.0/../../../../powerpc64-ps3-elf/lib/libm.a(lib_a-wf_sqrt.o)
                              /usr/local/ps3dev/portlibs/ppu/lib/libtiny3d.a(matrix.o) (sqrtf)
/usr/local/ps3dev/ppu/lib/gcc/powerpc64-ps3-elf/7.2.0/../../../../powerpc64-ps3-elf/lib/libm.a(lib_a-ef_rem_pio2.o)
                              /usr/local/ps3dev/ppu/lib/gcc/powerpc64-ps3-elf/7.2.0/../../../../powerpc64-ps3-elf/lib/libm.a(lib_a-sf_cos.o) (__ieee754_rem_pio2f)
/usr/local/ps3dev/ppu/lib/gcc/powerpc64-ps3-elf/7.2.0/../../../../powerpc64-ps3-elf/lib/libm.a(lib_a-ef_sqrt.o)
                              /usr/local/ps3dev/ppu/lib/gcc/powerpc64-ps3-elf/7.2.0/../../../../powerpc64-ps3-elf/lib/libm.a(lib_a-wf_sqrt.o) (__ieee754_sqrtf)
/usr/local/ps3dev/ppu/lib/gcc/powerpc64-ps3-elf/7.2.0/../../../../powerpc64-ps3-elf/lib/libm.a(lib_a-kf_cos.o)
                              /usr/local/ps3dev/ppu/lib/gcc/powerpc64-ps3-elf/7.2.0/../../../../powerpc64-ps3-elf/lib/libm.a(lib_a-sf_cos.o) (__kernel_cosf)
/usr/local/ps3dev/ppu/lib/gcc/powerpc64-ps3-elf/7.2.0/../../../../powerpc64-ps3-elf/lib/libm.a(lib_a-kf_rem_pio2.o)
                              /usr/local/ps3dev/ppu/lib/gcc/powerpc64-ps3-elf/7.2.0/../../../../powerpc64-ps3-elf/lib/libm.a(lib_a-ef_rem_pio2.o) (__kernel_rem_pio2f)
/usr/local/ps3dev/ppu/lib/gcc/powerpc64-ps3-elf/7.2.0/../../../../powerpc64-ps3-elf/lib/libm.a(lib_a-kf_sin.o)
                              /usr/local/ps3dev/ppu/lib/gcc/powerpc64-ps3-elf/7.2.0/../../../../powerpc64-ps3-elf/lib/libm.a(lib_a-sf_cos.o) (__kernel_sinf)
/usr/local/ps3dev/ppu/lib/gcc/powerpc64-ps3-elf/7.2.0/../../../../powerpc64-ps3-elf/lib/libm.a(lib_a-kf_tan.o)
                              /usr/local/ps3dev/ppu/lib/gcc/powerpc64-ps3-elf/7.2.0/../../../../powerpc64-ps3-elf/lib/libm.a(lib_a-sf_tan.o) (__kernel_tanf)
/usr/local/ps3dev/ppu/lib/gcc/powerpc64-ps3-elf/7.2.0/../../../../powerpc64-ps3-elf/lib/libm.a(lib_a-s_lib_ver.o)
                              /usr/local/ps3dev/ppu/lib/gcc/powerpc64-ps3-elf/7.2.0/../../../../powerpc64-ps3-elf/lib/libm.a(lib_a-wf_sqrt.o) (__fdlib_version)
/usr/local/ps3dev/ppu/lib/gcc/powerpc64-ps3-elf/7.2.0/../../../../powerpc64-ps3-elf/lib/libm.a(lib_a-s_matherr.o)
                              /usr/local/ps3dev/ppu/lib/gcc/powerpc64-ps3-elf/7.2.0/../../../../powerpc64-ps3-elf/lib/libm.a(lib_a-wf_sqrt.o) (matherr)
/usr/local/ps3dev/ppu/lib/gcc/powerpc64-ps3-elf/7.2.0/../../../../powerpc64-ps3-elf/lib/libm.a(lib_a-sf_fabs.o)
                              /usr/local/ps3dev/ppu/lib/gcc/powerpc64-ps3-elf/7.2.0/../../../../powerpc64-ps3-elf/lib/libm.a(lib_a-ef_rem_pio2.o) (fabsf)
/usr/local/ps3dev/ppu/lib/gcc/powerpc64-ps3-elf/7.2.0/../../../../powerpc64-ps3-elf/lib/libm.a(lib_a-sf_floor.o)
                              /usr/local/ps3dev/ppu/lib/gcc/powerpc64-ps3-elf/7.2.0/../../../../powerpc64-ps3-elf/lib/libm.a(lib_a-kf_rem_pio2.o) (floorf)
/usr/local/ps3dev/ppu/lib/gcc/powerpc64-ps3-elf/7.2.0/../../../../powerpc64-ps3-elf/lib/libm.a(lib_a-sf_fpclassify.o)
[...]
Memory Configuration

Name             Origin             Length             Attributes
*default*        0x0000000000000000 0xffffffffffffffff

Linker script and memory map

                0x0000000000010000                PROVIDE (__executable_start, 0x10000)
                0x0000000000010200                . = (0x10000 + SIZEOF_HEADERS)

.interp
 *(.interp)

.hash
 *(.hash)

.dynsym
 *(.dynsym)

.dynstr
 *(.dynstr)

.gnu.version
 *(.gnu.version)

.gnu.version_d
 *(.gnu.version_d)

.gnu.version_r
 *(.gnu.version_r)

.rel.dyn
 *(.rel.init)
 *(.rel.text .rel.text.* .rel.gnu.linkonce.t.*)
 *(.rel.fini)
 *(.rel.rodata .rel.rodata.* .rel.gnu.linkonce.r.*)
 *(.rel.data.rel.ro*)
 *(.rel.data .rel.data.* .rel.gnu.linkonce.d.*)
 *(.rel.tdata .rel.tdata.* .rel.gnu.linkonce.td.*)
 *(.rel.tbss .rel.tbss.* .rel.gnu.linkonce.tb.*)
 *(.rel.ctors)
 *(.rel.dtors)
 *(.rel.got)
 *(.rel.sdata .rel.sdata.* .rel.gnu.linkonce.s.*)
 *(.rel.sbss .rel.sbss.* .rel.gnu.linkonce.sb.*)
 *(.rel.sdata2 .rel.sdata2.* .rel.gnu.linkonce.s2.*)
 *(.rel.sbss2 .rel.sbss2.* .rel.gnu.linkonce.sb2.*)
 *(.rel.bss .rel.bss.* .rel.gnu.linkonce.b.*)

.rela.dyn       0x0000000000010200        0x0
 *(.rela.init)
 *(.rela.text .rela.text.* .rela.gnu.linkonce.t.*)
 *(.rela.fini)
 *(.rela.rodata .rela.rodata.* .rela.gnu.linkonce.r.*)
 *(.rela.data .rela.data.* .rela.gnu.linkonce.d.*)
 .rela.data.rel.ro.ft_default_modules
                0x0000000000000000        0x0 linker stubs
 *(.rela.tdata .rela.tdata.* .rela.gnu.linkonce.td.*)
 *(.rela.tbss .rela.tbss.* .rela.gnu.linkonce.tb.*)
 *(.rela.ctors)
 *(.rela.dtors)
 *(.rela.got)
 *(.rela.toc)
 .rela.toc      0x0000000000000000        0x0 linker stubs
 *(.rela.sdata .rela.sdata.* .rela.gnu.linkonce.s.*)
 *(.rela.sbss .rela.sbss.* .rela.gnu.linkonce.sb.*)
 *(.rela.sdata2 .rela.sdata2.* .rela.gnu.linkonce.s2.*)
 *(.rela.sbss2 .rela.sbss2.* .rela.gnu.linkonce.sb2.*)
 *(.rela.bss .rela.bss.* .rela.gnu.linkonce.b.*)
 .rela.iplt     0x0000000000000000        0x0 linker stubs
 .rela.sys_proc_prx_param
                0x0000000000000000        0x0 linker stubs
 .rela.opd      0x0000000000000000        0x0 linker stubs

.rel.plt
 *(.rel.plt)

.rela.plt
 *(.rela.plt)

.rela.tocbss
 *(.rela.tocbss)

.init           0x0000000000010200       0x2c
 *(.init)
 .init          0x0000000000010200        0xc /usr/local/ps3dev/ppu/lib/gcc/powerpc64-ps3-elf/7.2.0/../../../../powerpc64-ps3-elf/lib/lv2-crti.o
                0x0000000000010200                ._init
 .init          0x000000000001020c        0x8 /usr/local/ps3dev/ppu/lib/gcc/powerpc64-ps3-elf/7.2.0/crtbegin.o
 .init          0x0000000000010214        0x8 /usr/local/ps3dev/ppu/lib/gcc/powerpc64-ps3-elf/7.2.0/crtend.o
 .init          0x000000000001021c       0x10 /usr/local/ps3dev/ppu/lib/gcc/powerpc64-ps3-elf/7.2.0/../../../../powerpc64-ps3-elf/lib/lv2-crtn.o

.text           0x0000000000010230    0xcea44
 *(.text .stub .text.* .gnu.linkonce.t.*)
 .text          0x0000000000010230        0x0 /usr/local/ps3dev/ppu/lib/gcc/powerpc64-ps3-elf/7.2.0/../../../../powerpc64-ps3-elf/lib/lv2-crti.o
 .text          0x0000000000010230        0x0 /usr/local/ps3dev/ppu/lib/gcc/powerpc64-ps3-elf/7.2.0/crtbegin.o
 .text.deregister_tm_clones
                0x0000000000010230       0x54 /usr/local/ps3dev/ppu/lib/gcc/powerpc64-ps3-elf/7.2.0/crtbegin.o
 *fill*         0x0000000000010284        0x4 60000000
 .text.register_tm_clones
                0x0000000000010288       0x60 /usr/local/ps3dev/ppu/lib/gcc/powerpc64-ps3-elf/7.2.0/crtbegin.o
 .text.__do_global_dtors_aux
                0x00000000000102e8       0xd4 /usr/local/ps3dev/ppu/lib/gcc/powerpc64-ps3-elf/7.2.0/crtbegin.o
 *fill*         0x00000000000103bc        0x4 60000000
 .text.frame_dummy
                0x00000000000103c0       0x38 /usr/local/ps3dev/ppu/lib/gcc/powerpc64-ps3-elf/7.2.0/crtbegin.o
 .text          0x00000000000103f8       0x58 /usr/local/ps3dev/ppu/lib/gcc/powerpc64-ps3-elf/7.2.0/../../../../powerpc64-ps3-elf/lib/lv2-crt0.o
                0x00000000000103f8                ._start
 .text.startup.__syscalls_init
                0x0000000000010450      0x134 /usr/local/ps3dev/ppu/lib/gcc/powerpc64-ps3-elf/7.2.0/../../../../powerpc64-ps3-elf/lib/lv2-crt0.o
 *fill*         0x0000000000010584        0x4 60000000
 .text._initialize
                0x0000000000010588       0x40 /usr/local/ps3dev/ppu/lib/gcc/powerpc64-ps3-elf/7.2.0/../../../../powerpc64-ps3-elf/lib/lv2-crt0.o
                0x0000000000010588                ._initialize
 .text          0x00000000000105c8        0x0 /usr/local/ps3dev/ppu/lib/gcc/powerpc64-ps3-elf/7.2.0/../../../../powerpc64-ps3-elf/lib/lv2-sprx.o
 .text          0x00000000000105c8        0x0 PS_ttf.bin.o
 .text          0x00000000000105c8        0x0 main.o
 .text.TTF_to_Bitmap
                0x00000000000105c8      0x210 main.o
                0x00000000000105c8                .TTF_to_Bitmap
 .text.TTFLoadFont
                0x00000000000107d8      0x104 main.o
                0x00000000000107d8                .TTFLoadFont
 *fill*         0x00000000000108dc        0x4 60000000
 .text.TTFUnloadFont
                0x00000000000108e0       0x44 main.o
                0x00000000000108e0                .TTFUnloadFont
 *fill*         0x0000000000010924        0x4 60000000
 .text.cls      0x0000000000010928       0x78 main.o
                0x0000000000010928                .cls
 .text.DrawPressure
                0x00000000000109a0       0xf8 main.o
                0x00000000000109a0                .DrawPressure
 .text.Init_Graph
                0x0000000000010a98      0x154 main.o
                0x0000000000010a98                .Init_Graph
 *fill*         0x0000000000010bec        0x4 60000000
 .text.startup.main
                0x0000000000010bf0     0x1190 main.o
                0x0000000000010bf0                .main
 .text          0x0000000000011d80        0x0 pad.o
 .text.ps3pad_read
                0x0000000000011d80      0x124 pad.o
                0x0000000000011d80                .ps3pad_read
 .text          0x0000000000011ea4        0x0 /usr/local/ps3dev/portlibs/ppu/lib/libtiny3d.a(rsxutil.o)
 *fill*         0x0000000000011ea4        0x4 60000000
 .text.waitFlip
                0x0000000000011ea8       0x50 /usr/local/ps3dev/portlibs/ppu/lib/libtiny3d.a(rsxutil.o)
                0x0000000000011ea8                .waitFlip
 .text.flip     0x0000000000011ef8       0x7c /usr/local/ps3dev/portlibs/ppu/lib/libtiny3d.a(rsxutil.o)
                0x0000000000011ef8                .flip
 *fill*         0x0000000000011f74        0x4 60000000
 .text.init_screen
                0x0000000000011f78      0x4a4 /usr/local/ps3dev/portlibs/ppu/lib/libtiny3d.a(rsxutil.o)
                0x0000000000011f78                .init_screen
 *fill*         0x000000000001241c        0x4 60000000
 .text.setupRenderTarget
                0x0000000000012420       0xb4 /usr/local/ps3dev/portlibs/ppu/lib/libtiny3d.a(rsxutil.o)
                0x0000000000012420                .setupRenderTarget
 *fill*         0x00000000000124d4        0x4 60000000
 .text.setupRenderTarget2
                0x00000000000124d8       0xdc /usr/local/ps3dev/portlibs/ppu/lib/libtiny3d.a(rsxutil.o)
                0x00000000000124d8                .setupRenderTarget2
 .text          0x00000000000125b4        0x0 /usr/local/ps3dev/portlibs/ppu/lib/libtiny3d.a(tiny3d.o)
 *fill*         0x00000000000125b4        0x4 60000000
 .text.put_vertex
                0x00000000000125b8      0x1c8 /usr/local/ps3dev/portlibs/ppu/lib/libtiny3d.a(tiny3d.o)
 .text.push_list_cmd
                0x0000000000012780      0x16c /usr/local/ps3dev/portlibs/ppu/lib/libtiny3d.a(tiny3d.o)
 *fill*         0x00000000000128ec        0x4 60000000
 .text.tiny3d_callback
                0x00000000000128f0      0x180 /usr/local/ps3dev/portlibs/ppu/lib/libtiny3d.a(tiny3d.o)
 .text.push_normal_list
                0x0000000000012a70      0x198 /usr/local/ps3dev/portlibs/ppu/lib/libtiny3d.a(tiny3d.o)
 .text.push_position_list
                0x0000000000012c08      0x1b0 /usr/local/ps3dev/portlibs/ppu/lib/libtiny3d.a(tiny3d.o)
 .text.internal_commandBufferPutCmd1
                0x0000000000012db8       0x2c /usr/local/ps3dev/portlibs/ppu/lib/libtiny3d.a(tiny3d.o)
                0x0000000000012db8                .internal_commandBufferPutCmd1
 *fill*         0x0000000000012de4        0x4 60000000
 .text.internal_commandBufferPutCmd2
                0x0000000000012de8       0x30 /usr/local/ps3dev/portlibs/ppu/lib/libtiny3d.a(tiny3d.o)
                0x0000000000012de8                .internal_commandBufferPutCmd2
 .text.internal_commandBufferPutCmd3
                0x0000000000012e18       0x34 /usr/local/ps3dev/portlibs/ppu/lib/libtiny3d.a(tiny3d.o)
                0x0000000000012e18                .internal_commandBufferPutCmd3
 *fill*         0x0000000000012e4c        0x4 60000000
 .text.internal_commandBufferPutCmd4
                0x0000000000012e50       0x38 /usr/local/ps3dev/portlibs/ppu/lib/libtiny3d.a(tiny3d.o)
                0x0000000000012e50                .internal_commandBufferPutCmd4
 .text.internal_commandBufferPutCmd5
                0x0000000000012e88       0x3c /usr/local/ps3dev/portlibs/ppu/lib/libtiny3d.a(tiny3d.o)
                0x0000000000012e88                .internal_commandBufferPutCmd5
 *fill*         0x0000000000012ec4        0x4 60000000
 .text.internal_commandBufferPutCmd6
                0x0000000000012ec8       0x40 /usr/local/ps3dev/portlibs/ppu/lib/libtiny3d.a(tiny3d.o)
                0x0000000000012ec8                .internal_commandBufferPutCmd6
 .text.internal_commandBufferPutCmd7
                0x0000000000012f08       0x48 /usr/local/ps3dev/portlibs/ppu/lib/libtiny3d.a(tiny3d.o)
                0x0000000000012f08                .internal_commandBufferPutCmd7
 .text.internal_commandBufferPutCmd8
                0x0000000000012f50       0x50 /usr/local/ps3dev/portlibs/ppu/lib/libtiny3d.a(tiny3d.o)
                0x0000000000012f50                .internal_commandBufferPutCmd8
 .text.internal_reality_SetClearColor
                0x0000000000012fa0       0xd0 /usr/local/ps3dev/portlibs/ppu/lib/libtiny3d.a(tiny3d.o)
                0x0000000000012fa0                .internal_reality_SetClearColor
 .text.internal_reality_SetClearDepthValue
                0x0000000000013070       0xd0 /usr/local/ps3dev/portlibs/ppu/lib/libtiny3d.a(tiny3d.o)
                0x0000000000013070                .internal_reality_SetClearDepthValue
 .text.internal_reality_Nop
                0x0000000000013140       0xbc /usr/local/ps3dev/portlibs/ppu/lib/libtiny3d.a(tiny3d.o)
                0x0000000000013140                .internal_reality_Nop
 *fill*         0x00000000000131fc        0x4 60000000
 .text.internal_reality_ClearBuffers
                0x0000000000013200       0xc0 /usr/local/ps3dev/portlibs/ppu/lib/libtiny3d.a(tiny3d.o)
                0x0000000000013200                .internal_reality_ClearBuffers
 .text.internal_reality_SetRenderSurface
                0x00000000000132c0      0x100 /usr/local/ps3dev/portlibs/ppu/lib/libtiny3d.a(tiny3d.o)
                0x00000000000132c0                .internal_reality_SetRenderSurface
 .text.internal_reality_SelectRenderTarget
                0x00000000000133c0      0x184 /usr/local/ps3dev/portlibs/ppu/lib/libtiny3d.a(tiny3d.o)
                0x00000000000133c0                .internal_reality_SelectRenderTarget
 *fill*         0x0000000000013544        0x4 60000000
 .text.internal_reality_Viewport
                0x0000000000013548       0xec /usr/local/ps3dev/portlibs/ppu/lib/libtiny3d.a(tiny3d.o)
                0x0000000000013548                .internal_reality_Viewport
 *fill*         0x0000000000013634        0x4 60000000
 .text.internal_reality_ViewportClip
                0x0000000000013638       0xd0 /usr/local/ps3dev/portlibs/ppu/lib/libtiny3d.a(tiny3d.o)
                0x0000000000013638                .internal_reality_ViewportClip
 .text.internal_reality_VertexBegin
                0x0000000000013708       0xd0 /usr/local/ps3dev/portlibs/ppu/lib/libtiny3d.a(tiny3d.o)
                0x0000000000013708                .internal_reality_VertexBegin
 .text.internal_reality_VertexEnd
                0x00000000000137d8       0xbc /usr/local/ps3dev/portlibs/ppu/lib/libtiny3d.a(tiny3d.o)
                0x00000000000137d8                .internal_reality_VertexEnd
 *fill*         0x0000000000013894        0x4 60000000
 .text.internal_reality_Vertex4f
                0x0000000000013898       0xe8 /usr/local/ps3dev/portlibs/ppu/lib/libtiny3d.a(tiny3d.o)
                0x0000000000013898                .internal_reality_Vertex4f
 .text.internal_reality_TexCoord2f
                0x0000000000013980       0xf0 /usr/local/ps3dev/portlibs/ppu/lib/libtiny3d.a(tiny3d.o)
                0x0000000000013980                .internal_reality_TexCoord2f
 .text.internal_reality_LoadVertexProgram_old
                0x0000000000013a70      0x168 /usr/local/ps3dev/portlibs/ppu/lib/libtiny3d.a(tiny3d.o)
                0x0000000000013a70                .internal_reality_LoadVertexProgram_old
 .text.internal_reality_SetVertexProgramConstant4f
                0x0000000000013bd8       0xd0 /usr/local/ps3dev/portlibs/ppu/lib/libtiny3d.a(tiny3d.o)
                0x0000000000013bd8                .internal_reality_SetVertexProgramConstant4f
 .text.internal_reality_LoadVertexProgram
                0x0000000000013ca8      0x274 /usr/local/ps3dev/portlibs/ppu/lib/libtiny3d.a(tiny3d.o)
                0x0000000000013ca8                .internal_reality_LoadVertexProgram
 *fill*         0x0000000000013f1c        0x4 60000000
 .text.Update_With_Normal
                0x0000000000013f20      0x2ac /usr/local/ps3dev/portlibs/ppu/lib/libtiny3d.a(tiny3d.o)
 *fill*         0x00000000000141cc        0x4 60000000
 .text.internal_reality_SetVertexProgramConstant4fBlock
                0x00000000000141d0       0x88 /usr/local/ps3dev/portlibs/ppu/lib/libtiny3d.a(tiny3d.o)
                0x00000000000141d0                .internal_reality_SetVertexProgramConstant4fBlock
 .text.internal_reality_InstallFragmentProgram
                0x0000000000014258       0x90 /usr/local/ps3dev/portlibs/ppu/lib/libtiny3d.a(tiny3d.o)
                0x0000000000014258                .internal_reality_InstallFragmentProgram
 .text.internal_reality_LoadFragmentProgram
                0x00000000000142e8       0xf4 /usr/local/ps3dev/portlibs/ppu/lib/libtiny3d.a(tiny3d.o)
                0x00000000000142e8                .internal_reality_LoadFragmentProgram
 *fill*         0x00000000000143dc        0x4 60000000
 .text.internal_reality_SetTexture
                0x00000000000143e0      0x11c /usr/local/ps3dev/portlibs/ppu/lib/libtiny3d.a(tiny3d.o)
                0x00000000000143e0                .internal_reality_SetTexture
 *fill*         0x00000000000144fc        0x4 60000000
 .text.internal_reality_ViewportTranslate
                0x0000000000014500       0xe8 /usr/local/ps3dev/portlibs/ppu/lib/libtiny3d.a(tiny3d.o)
                0x0000000000014500                .internal_reality_ViewportTranslate
 .text.internal_reality_ViewportScale
                0x00000000000145e8       0xe8 /usr/local/ps3dev/portlibs/ppu/lib/libtiny3d.a(tiny3d.o)
                0x00000000000145e8                .internal_reality_ViewportScale
 .text.internal_reality_CullFace
                0x00000000000146d0       0xd0 /usr/local/ps3dev/portlibs/ppu/lib/libtiny3d.a(tiny3d.o)
                0x00000000000146d0                .internal_reality_CullFace
 .text.internal_reality_FrontFace
                0x00000000000147a0       0xd0 /usr/local/ps3dev/portlibs/ppu/lib/libtiny3d.a(tiny3d.o)
                0x00000000000147a0                .internal_reality_FrontFace
 .text.internal_reality_CullEnable
                0x0000000000014870       0xd0 /usr/local/ps3dev/portlibs/ppu/lib/libtiny3d.a(tiny3d.o)
                0x0000000000014870                .internal_reality_CullEnable
 .text.internal_reality_AlphaEnable
                0x0000000000014940       0xd0 /usr/local/ps3dev/portlibs/ppu/lib/libtiny3d.a(tiny3d.o)
                0x0000000000014940                .internal_reality_AlphaEnable
 .text.internal_reality_AlphaRef
                0x0000000000014a10       0xd0 /usr/local/ps3dev/portlibs/ppu/lib/libtiny3d.a(tiny3d.o)
                0x0000000000014a10                .internal_reality_AlphaRef
 .text.internal_reality_AlphaFunc
                0x0000000000014ae0       0xd0 /usr/local/ps3dev/portlibs/ppu/lib/libtiny3d.a(tiny3d.o)
                0x0000000000014ae0                .internal_reality_AlphaFunc
 .text.internal_reality_BlendEnable
                0x0000000000014bb0       0xd0 /usr/local/ps3dev/portlibs/ppu/lib/libtiny3d.a(tiny3d.o)
                0x0000000000014bb0                .internal_reality_BlendEnable
 .text.internal_reality_BlendEquation
                0x0000000000014c80       0xd0 /usr/local/ps3dev/portlibs/ppu/lib/libtiny3d.a(tiny3d.o)
                0x0000000000014c80                .internal_reality_BlendEquation
 .text.internal_reality_BlendFunc
                0x0000000000014d50       0xdc /usr/local/ps3dev/portlibs/ppu/lib/libtiny3d.a(tiny3d.o)
                0x0000000000014d50                .internal_reality_BlendFunc
 *fill*         0x0000000000014e2c        0x4 60000000
 .text.internal_reality_ZControl
                0x0000000000014e30      0x100 /usr/local/ps3dev/portlibs/ppu/lib/libtiny3d.a(tiny3d.o)
                0x0000000000014e30                .internal_reality_ZControl
 .text.internal_reality_BindVertexBufferAttribute
                0x0000000000014f30      0x100 /usr/local/ps3dev/portlibs/ppu/lib/libtiny3d.a(tiny3d.o)
                0x0000000000014f30                .internal_reality_BindVertexBufferAttribute
 .text.internal_reality_DrawVertexBuffer
                0x0000000000015030      0x274 /usr/local/ps3dev/portlibs/ppu/lib/libtiny3d.a(tiny3d.o)
                0x0000000000015030                .internal_reality_DrawVertexBuffer
 *fill*         0x00000000000152a4        0x4 60000000
 .text.internal_reality_DrawVertexBufferIndex
                0x00000000000152a8      0x2b4 /usr/local/ps3dev/portlibs/ppu/lib/libtiny3d.a(tiny3d.o)
                0x00000000000152a8                .internal_reality_DrawVertexBufferIndex
 *fill*         0x000000000001555c        0x4 60000000
 .text.internal_reality_DepthTestEnable
                0x0000000000015560       0xd0 /usr/local/ps3dev/portlibs/ppu/lib/libtiny3d.a(tiny3d.o)
                0x0000000000015560                .internal_reality_DepthTestEnable
 .text.internal_reality_DepthTestFunc
                0x0000000000015630       0xd0 /usr/local/ps3dev/portlibs/ppu/lib/libtiny3d.a(tiny3d.o)
                0x0000000000015630                .internal_reality_DepthTestFunc
 .text.internal_reality_DepthWriteEnable
                0x0000000000015700       0xd0 /usr/local/ps3dev/portlibs/ppu/lib/libtiny3d.a(tiny3d.o)
                0x0000000000015700                .internal_reality_DepthWriteEnable
 .text.tiny3d_RecordList
                0x00000000000157d0       0xac /usr/local/ps3dev/portlibs/ppu/lib/libtiny3d.a(tiny3d.o)
                0x00000000000157d0                .tiny3d_RecordList
 *fill*         0x000000000001587c        0x4 60000000
 .text.tiny3d_StopList
                0x0000000000015880      0x14c /usr/local/ps3dev/portlibs/ppu/lib/libtiny3d.a(tiny3d.o)
                0x0000000000015880                .tiny3d_StopList
 *fill*         0x00000000000159cc        0x4 60000000
 .text.tiny3d_FreeList
                0x00000000000159d0       0xb4 /usr/local/ps3dev/portlibs/ppu/lib/libtiny3d.a(tiny3d.o)
                0x00000000000159d0                .tiny3d_FreeList
 *fill*         0x0000000000015a84        0x4 60000000
 .text.tiny3d_DynamicMatrixList
                0x0000000000015a88      0x104 /usr/local/ps3dev/portlibs/ppu/lib/libtiny3d.a(tiny3d.o)
                0x0000000000015a88                .tiny3d_DynamicMatrixList
 *fill*         0x0000000000015b8c        0x4 60000000
 .text.tiny3d_ApplyMatrixList
                0x0000000000015b90       0xc8 /usr/local/ps3dev/portlibs/ppu/lib/libtiny3d.a(tiny3d.o)
                0x0000000000015b90                .tiny3d_ApplyMatrixList
 .text.tiny3d_Init
                0x0000000000015c58      0x510 /usr/local/ps3dev/portlibs/ppu/lib/libtiny3d.a(tiny3d.o)
                0x0000000000015c58                .tiny3d_Init
 .text.tiny3d_SetPolygon
                0x0000000000016168      0x220 /usr/local/ps3dev/portlibs/ppu/lib/libtiny3d.a(tiny3d.o)
                0x0000000000016168                .tiny3d_SetPolygon
 .text.tiny3d_VertexPos
                0x0000000000016388       0xc8 /usr/local/ps3dev/portlibs/ppu/lib/libtiny3d.a(tiny3d.o)
                0x0000000000016388                .tiny3d_VertexPos
 .text.tiny3d_VertexPos4
                0x0000000000016450       0xc8 /usr/local/ps3dev/portlibs/ppu/lib/libtiny3d.a(tiny3d.o)
                0x0000000000016450                .tiny3d_VertexPos4
 .text.tiny3d_VertexPosVector
                0x0000000000016518       0xd8 /usr/local/ps3dev/portlibs/ppu/lib/libtiny3d.a(tiny3d.o)
                0x0000000000016518                .tiny3d_VertexPosVector
 .text.tiny3d_VertexColor
                0x00000000000165f0       0xcc /usr/local/ps3dev/portlibs/ppu/lib/libtiny3d.a(tiny3d.o)
                0x00000000000165f0                .tiny3d_VertexColor
 *fill*         0x00000000000166bc        0x4 60000000
 .text.tiny3d_VertexFcolor
                0x00000000000166c0      0x114 /usr/local/ps3dev/portlibs/ppu/lib/libtiny3d.a(tiny3d.o)
                0x00000000000166c0                .tiny3d_VertexFcolor
 *fill*         0x00000000000167d4        0x4 60000000
 .text.tiny3d_VertexTexture
                0x00000000000167d8       0xe4 /usr/local/ps3dev/portlibs/ppu/lib/libtiny3d.a(tiny3d.o)
                0x00000000000167d8                .tiny3d_VertexTexture
 *fill*         0x00000000000168bc        0x4 60000000
 .text.tiny3d_VertexTexture2
                0x00000000000168c0       0xe4 /usr/local/ps3dev/portlibs/ppu/lib/libtiny3d.a(tiny3d.o)
                0x00000000000168c0                .tiny3d_VertexTexture2
 *fill*         0x00000000000169a4        0x4 60000000
 .text.tiny3d_Normal
                0x00000000000169a8       0x48 /usr/local/ps3dev/portlibs/ppu/lib/libtiny3d.a(tiny3d.o)
                0x00000000000169a8                .tiny3d_Normal
 .text.tiny3d_NormalVector
                0x00000000000169f0       0x58 /usr/local/ps3dev/portlibs/ppu/lib/libtiny3d.a(tiny3d.o)
                0x00000000000169f0                .tiny3d_NormalVector
 .text.tiny3d_End
                0x0000000000016a48      0xbf8 /usr/local/ps3dev/portlibs/ppu/lib/libtiny3d.a(tiny3d.o)
                0x0000000000016a48                .tiny3d_End
 .text.tiny3d_SetMatrixModelView
                0x0000000000017640      0x1dc /usr/local/ps3dev/portlibs/ppu/lib/libtiny3d.a(tiny3d.o)
                0x0000000000017640                .tiny3d_SetMatrixModelView
 *fill*         0x000000000001781c        0x4 60000000
 .text.tiny3d_SetProjectionMatrix
                0x0000000000017820       0xd8 /usr/local/ps3dev/portlibs/ppu/lib/libtiny3d.a(tiny3d.o)
                0x0000000000017820                .tiny3d_SetProjectionMatrix
 .text.tiny3d_Flip
                0x00000000000178f8      0x11c /usr/local/ps3dev/portlibs/ppu/lib/libtiny3d.a(tiny3d.o)
                0x00000000000178f8                .tiny3d_Flip
 *fill*         0x0000000000017a14        0x4 60000000
 .text.tiny3d_UserViewport
                0x0000000000017a18       0x48 /usr/local/ps3dev/portlibs/ppu/lib/libtiny3d.a(tiny3d.o)
                0x0000000000017a18                .tiny3d_UserViewport
 .text.tiny3d_Project2D
                0x0000000000017a60      0x280 /usr/local/ps3dev/portlibs/ppu/lib/libtiny3d.a(tiny3d.o)
                0x0000000000017a60                .tiny3d_Project2D
 .text.tiny3d_Project3D
                0x0000000000017ce0      0x1bc /usr/local/ps3dev/portlibs/ppu/lib/libtiny3d.a(tiny3d.o)
                0x0000000000017ce0                .tiny3d_Project3D
 *fill*         0x0000000000017e9c        0x4 60000000
 .text.tiny3d_Clear
                0x0000000000017ea0      0x314 /usr/local/ps3dev/portlibs/ppu/lib/libtiny3d.a(tiny3d.o)
                0x0000000000017ea0                .tiny3d_Clear
 *fill*         0x00000000000181b4        0x4 60000000
 .text.tiny3d_ClearSurface
                0x00000000000181b8      0x1f0 /usr/local/ps3dev/portlibs/ppu/lib/libtiny3d.a(tiny3d.o)
                0x00000000000181b8                .tiny3d_ClearSurface
 .text.tiny3d_AlphaTest
                0x00000000000183a8       0x74 /usr/local/ps3dev/portlibs/ppu/lib/libtiny3d.a(tiny3d.o)
                0x00000000000183a8                .tiny3d_AlphaTest
 *fill*         0x000000000001841c        0x4 60000000
 .text.tiny3d_BlendFunc
                0x0000000000018420       0x70 /usr/local/ps3dev/portlibs/ppu/lib/libtiny3d.a(tiny3d.o)
                0x0000000000018420                .tiny3d_BlendFunc
 .text.tiny3d_SetTextureWrap
                0x0000000000018490      0x1c8 /usr/local/ps3dev/portlibs/ppu/lib/libtiny3d.a(tiny3d.o)
                0x0000000000018490                .tiny3d_SetTextureWrap
 .text.tiny3d_SetTexture
                0x0000000000018658      0x120 /usr/local/ps3dev/portlibs/ppu/lib/libtiny3d.a(tiny3d.o)
                0x0000000000018658                .tiny3d_SetTexture
 .text.tiny3d_AllocTexture
                0x0000000000018778       0x38 /usr/local/ps3dev/portlibs/ppu/lib/libtiny3d.a(tiny3d.o)
                0x0000000000018778                .tiny3d_AllocTexture
 .text.tiny3d_FreeTexture
                0x00000000000187b0       0x30 /usr/local/ps3dev/portlibs/ppu/lib/libtiny3d.a(tiny3d.o)
                0x00000000000187b0                .tiny3d_FreeTexture
 .text.tiny3d_TextureOffset
                0x00000000000187e0       0x60 /usr/local/ps3dev/portlibs/ppu/lib/libtiny3d.a(tiny3d.o)
                0x00000000000187e0                .tiny3d_TextureOffset
 .text.tiny3d_EmissiveMaterial
                0x0000000000018840      0x104 /usr/local/ps3dev/portlibs/ppu/lib/libtiny3d.a(tiny3d.o)
                0x0000000000018840                .tiny3d_EmissiveMaterial
 *fill*         0x0000000000018944        0x4 60000000
 .text.tiny3d_AmbientMaterial
                0x0000000000018948      0x104 /usr/local/ps3dev/portlibs/ppu/lib/libtiny3d.a(tiny3d.o)
                0x0000000000018948                .tiny3d_AmbientMaterial
 *fill*         0x0000000000018a4c        0x4 60000000
 .text.tiny3d_DiffuseMaterial
                0x0000000000018a50      0x104 /usr/local/ps3dev/portlibs/ppu/lib/libtiny3d.a(tiny3d.o)
                0x0000000000018a50                .tiny3d_DiffuseMaterial
 *fill*         0x0000000000018b54        0x4 60000000
 .text.tiny3d_SpecularMaterial
                0x0000000000018b58      0x104 /usr/local/ps3dev/portlibs/ppu/lib/libtiny3d.a(tiny3d.o)
                0x0000000000018b58                .tiny3d_SpecularMaterial
 *fill*         0x0000000000018c5c        0x4 60000000
 .text.tiny3d_SetLightCameraPosition
                0x0000000000018c60       0x3c /usr/local/ps3dev/portlibs/ppu/lib/libtiny3d.a(tiny3d.o)
                0x0000000000018c60                .tiny3d_SetLightCameraPosition
 *fill*         0x0000000000018c9c        0x4 60000000
 .text.tiny3d_SetLight
                0x0000000000018ca0       0xd4 /usr/local/ps3dev/portlibs/ppu/lib/libtiny3d.a(tiny3d.o)
                0x0000000000018ca0                .tiny3d_SetLight
 *fill*         0x0000000000018d74        0x4 60000000
 .text.tiny3d_SetLightsOff
                0x0000000000018d78       0x3c /usr/local/ps3dev/portlibs/ppu/lib/libtiny3d.a(tiny3d.o)
                0x0000000000018d78                .tiny3d_SetLightsOff
 *fill*         0x0000000000018db4        0x4 60000000
 .text.tiny3d_SetAmbientLight
                0x0000000000018db8       0x3c /usr/local/ps3dev/portlibs/ppu/lib/libtiny3d.a(tiny3d.o)
                0x0000000000018db8                .tiny3d_SetAmbientLight
 *fill*         0x0000000000018df4        0x4 60000000
 .text.tiny3d_SelMultiTexturesMethod
                0x0000000000018df8       0xc0 /usr/local/ps3dev/portlibs/ppu/lib/libtiny3d.a(tiny3d.o)
                0x0000000000018df8                .tiny3d_SelMultiTexturesMethod
 .text.tiny3d_DrawList
                0x0000000000018eb8      0x58c /usr/local/ps3dev/portlibs/ppu/lib/libtiny3d.a(tiny3d.o)
                0x0000000000018eb8                .tiny3d_DrawList
 *fill*         0x0000000000019444        0x4 60000000
 .text.tiny3d_MenuActive
                0x0000000000019448       0x1c /usr/local/ps3dev/portlibs/ppu/lib/libtiny3d.a(tiny3d.o)
                0x0000000000019448                .tiny3d_MenuActive
 *fill*         0x0000000000019464        0x4 60000000
 .text.tiny3d_Enable_YUV
                0x0000000000019468       0x2c /usr/local/ps3dev/portlibs/ppu/lib/libtiny3d.a(tiny3d.o)
                0x0000000000019468                .tiny3d_Enable_YUV
 *fill*         0x0000000000019494        0x4 60000000
 .text.tiny3d_Disable_YUV
                0x0000000000019498       0x28 /usr/local/ps3dev/portlibs/ppu/lib/libtiny3d.a(tiny3d.o)
                0x0000000000019498                .tiny3d_Disable_YUV
 .text.tiny3d_Dirty_Status
                0x00000000000194c0       0x4c /usr/local/ps3dev/portlibs/ppu/lib/libtiny3d.a(tiny3d.o)
                0x00000000000194c0                .tiny3d_Dirty_Status
 .text          0x000000000001950c        0x0 /usr/local/ps3dev/portlibs/ppu/lib/libtiny3d.a(vshader_text_normal.vcg.o)
 .text          0x000000000001950c        0x0 /usr/local/ps3dev/portlibs/ppu/lib/libtiny3d.a(realityVP.o)
 *fill*         0x000000000001950c        0x4 60000000
 .text.internal_reality_VertexProgramGetUCode
                0x0000000000019510       0x18 /usr/local/ps3dev/portlibs/ppu/lib/libtiny3d.a(realityVP.o)
                0x0000000000019510                .internal_reality_VertexProgramGetUCode
 .text.internal_reality_VertexProgramGetInputMask
                0x0000000000019528       0x14 /usr/local/ps3dev/portlibs/ppu/lib/libtiny3d.a(realityVP.o)
                0x0000000000019528                .internal_reality_VertexProgramGetInputMask
 *fill*         0x000000000001953c        0x4 60000000
 .text.internal_reality_VertexProgramGetOutputMask
                0x0000000000019540       0x14 /usr/local/ps3dev/portlibs/ppu/lib/libtiny3d.a(realityVP.o)
                0x0000000000019540                .internal_reality_VertexProgramGetOutputMask
 *fill*         0x0000000000019554        0x4 60000000
 .text.internal_reality_VertexProgramGetAttributes
                0x0000000000019558       0x18 /usr/local/ps3dev/portlibs/ppu/lib/libtiny3d.a(realityVP.o)
                0x0000000000019558                .internal_reality_VertexProgramGetAttributes
 .text.internal_reality_VertexProgramGetInputAttribute
                0x0000000000019570       0xc8 /usr/local/ps3dev/portlibs/ppu/lib/libtiny3d.a(realityVP.o)
                0x0000000000019570                .internal_reality_VertexProgramGetInputAttribute
 .text.internal_reality_VertexProgramGetConstants
                0x0000000000019638       0x18 /usr/local/ps3dev/portlibs/ppu/lib/libtiny3d.a(realityVP.o)
                0x0000000000019638                .internal_reality_VertexProgramGetConstants
 .text.internal_reality_VertexProgramGetConstant
                0x0000000000019650       0xc8 /usr/local/ps3dev/portlibs/ppu/lib/libtiny3d.a(realityVP.o)
                0x0000000000019650                .internal_reality_VertexProgramGetConstant
 .text          0x0000000000019718        0x0 /usr/local/ps3dev/portlibs/ppu/lib/libtiny3d.a(matrix.o)
 .text.MatrixProjPerspective
                0x0000000000019718      0x108 /usr/local/ps3dev/portlibs/ppu/lib/libtiny3d.a(matrix.o)
                0x0000000000019718                .MatrixProjPerspective
 .text.MatrixVectorMultiply
                0x0000000000019820       0xac /usr/local/ps3dev/portlibs/ppu/lib/libtiny3d.a(matrix.o)
                0x0000000000019820                .MatrixVectorMultiply
 *fill*         0x00000000000198cc        0x4 60000000
 .text.MatrixVectorMultiply3x3
                0x00000000000198d0       0x8c /usr/local/ps3dev/portlibs/ppu/lib/libtiny3d.a(matrix.o)
                0x00000000000198d0                .MatrixVectorMultiply3x3
 *fill*         0x000000000001995c        0x4 60000000
 .text.MatrixMultiply
                0x0000000000019960      0x2f4 /usr/local/ps3dev/portlibs/ppu/lib/libtiny3d.a(matrix.o)
                0x0000000000019960                .MatrixMultiply
 *fill*         0x0000000000019c54        0x4 60000000
 .text.MatrixIdentity
                0x0000000000019c58       0x54 /usr/local/ps3dev/portlibs/ppu/lib/libtiny3d.a(matrix.o)
                0x0000000000019c58                .MatrixIdentity
 *fill*         0x0000000000019cac        0x4 60000000
 .text.MatrixTranslation
                0x0000000000019cb0       0x58 /usr/local/ps3dev/portlibs/ppu/lib/libtiny3d.a(matrix.o)
                0x0000000000019cb0                .MatrixTranslation
 .text.MatrixTranspose
                0x0000000000019d08       0xb0 /usr/local/ps3dev/portlibs/ppu/lib/libtiny3d.a(matrix.o)
                0x0000000000019d08                .MatrixTranspose
 .text.MatrixScale
                0x0000000000019db8       0x60 /usr/local/ps3dev/portlibs/ppu/lib/libtiny3d.a(matrix.o)
                0x0000000000019db8                .MatrixScale
 .text.MatrixRotationX
                0x0000000000019e18       0xbc /usr/local/ps3dev/portlibs/ppu/lib/libtiny3d.a(matrix.o)
                0x0000000000019e18                .MatrixRotationX
 *fill*         0x0000000000019ed4        0x4 60000000
 .text.MatrixRotationY
                0x0000000000019ed8       0xbc /usr/local/ps3dev/portlibs/ppu/lib/libtiny3d.a(matrix.o)
                0x0000000000019ed8                .MatrixRotationY
 *fill*         0x0000000000019f94        0x4 60000000
 .text.MatrixRotationZ
                0x0000000000019f98       0xac /usr/local/ps3dev/portlibs/ppu/lib/libtiny3d.a(matrix.o)
                0x0000000000019f98                .MatrixRotationZ
 *fill*         0x000000000001a044        0x4 60000000
 .text.MatrixRotationAxis
                0x000000000001a048      0x2b0 /usr/local/ps3dev/portlibs/ppu/lib/libtiny3d.a(matrix.o)
                0x000000000001a048                .MatrixRotationAxis
 .text.VectorToUnit
                0x000000000001a2f8       0xc4 /usr/local/ps3dev/portlibs/ppu/lib/libtiny3d.a(matrix.o)
                0x000000000001a2f8                .VectorToUnit
 *fill*         0x000000000001a3bc        0x4 60000000
 .text.VectorNormalPlane
                0x000000000001a3c0       0xdc /usr/local/ps3dev/portlibs/ppu/lib/libtiny3d.a(matrix.o)
                0x000000000001a3c0                .VectorNormalPlane
 .text          0x000000000001a49c        0x0 /usr/local/ps3dev/ppu/lib/libgcm_sys.a(sprx.o)
 .text          0x000000000001a49c        0x0 /usr/local/ps3dev/portlibs/ppu/lib/libfont.a(libfont.o)
 *fill*         0x000000000001a49c        0x4 60000000
 .text.i_must_break_line
                0x000000000001a4a0      0x134 /usr/local/ps3dev/portlibs/ppu/lib/libfont.a(libfont.o)
 *fill*         0x000000000001a5d4        0x4 60000000
 .text.ResetFont
                0x000000000001a5d8       0x44 /usr/local/ps3dev/portlibs/ppu/lib/libfont.a(libfont.o)
                0x000000000001a5d8                .ResetFont
 *fill*         0x000000000001a61c        0x4 60000000
 .text.AddFontFromBitmapArray
                0x000000000001a620      0x3cc /usr/local/ps3dev/portlibs/ppu/lib/libfont.a(libfont.o)
                0x000000000001a620                .AddFontFromBitmapArray
 *fill*         0x000000000001a9ec        0x4 60000000
 .text.AddFontFromTTF
                0x000000000001a9f0      0x3c0 /usr/local/ps3dev/portlibs/ppu/lib/libfont.a(libfont.o)
                0x000000000001a9f0                .AddFontFromTTF
 .text.SetCurrentFont
                0x000000000001adb0       0x44 /usr/local/ps3dev/portlibs/ppu/lib/libfont.a(libfont.o)
                0x000000000001adb0                .SetCurrentFont
 *fill*         0x000000000001adf4        0x4 60000000
 .text.SetFontSize
                0x000000000001adf8       0x3c /usr/local/ps3dev/portlibs/ppu/lib/libfont.a(libfont.o)
                0x000000000001adf8                .SetFontSize
 *fill*         0x000000000001ae34        0x4 60000000
 .text.SetFontColor
                0x000000000001ae38       0x1c /usr/local/ps3dev/portlibs/ppu/lib/libfont.a(libfont.o)
                0x000000000001ae38                .SetFontColor
 *fill*         0x000000000001ae54        0x4 60000000
 .text.SetFontAutoCenter
                0x000000000001ae58       0x20 /usr/local/ps3dev/portlibs/ppu/lib/libfont.a(libfont.o)
                0x000000000001ae58                .SetFontAutoCenter
 .text.SetFontAutoNewLine
                0x000000000001ae78       0x20 /usr/local/ps3dev/portlibs/ppu/lib/libfont.a(libfont.o)
                0x000000000001ae78                .SetFontAutoNewLine
 .text.SetFontZ
                0x000000000001ae98       0x18 /usr/local/ps3dev/portlibs/ppu/lib/libfont.a(libfont.o)
                0x000000000001ae98                .SetFontZ
 .text.GetFontX
                0x000000000001aeb0       0x18 /usr/local/ps3dev/portlibs/ppu/lib/libfont.a(libfont.o)
                0x000000000001aeb0                .GetFontX
 .text.GetFontY
                0x000000000001aec8       0x18 /usr/local/ps3dev/portlibs/ppu/lib/libfont.a(libfont.o)
                0x000000000001aec8                .GetFontY
 .text.DrawChar
                0x000000000001aee0      0x50c /usr/local/ps3dev/portlibs/ppu/lib/libfont.a(libfont.o)
                0x000000000001aee0                .DrawChar
 *fill*         0x000000000001b3ec        0x4 60000000
 .text.DrawString
                0x000000000001b3f0      0x304 /usr/local/ps3dev/portlibs/ppu/lib/libfont.a(libfont.o)
                0x000000000001b3f0                .DrawString
 *fill*         0x000000000001b6f4        0x4 60000000
 .text.DrawFormatString
                0x000000000001b6f8      0x330 /usr/local/ps3dev/portlibs/ppu/lib/libfont.a(libfont.o)
                0x000000000001b6f8                .DrawFormatString
 .text          0x000000000001ba28        0x0 /usr/local/ps3dev/ppu/lib/libio.a(sprx.o)
 .text          0x000000000001ba28        0x0 /usr/local/ps3dev/ppu/lib/gcc/powerpc64-ps3-elf/7.2.0/../../../../powerpc64-ps3-elf/lib/libm.a(lib_a-sf_cos.o)
 .text.cosf     0x000000000001ba28      0x12c /usr/local/ps3dev/ppu/lib/gcc/powerpc64-ps3-elf/7.2.0/../../../../powerpc64-ps3-elf/lib/libm.a(lib_a-sf_cos.o)
                0x000000000001ba28                .cosf
 .text          0x000000000001bb54        0x0 /usr/local/ps3dev/ppu/lib/gcc/powerpc64-ps3-elf/7.2.0/../../../../powerpc64-ps3-elf/lib/libm.a(lib_a-sf_sin.o)
 *fill*         0x000000000001bb54        0x4 60000000
 .text.sinf     0x000000000001bb58      0x130 /usr/local/ps3dev/ppu/lib/gcc/powerpc64-ps3-elf/7.2.0/../../../../powerpc64-ps3-elf/lib/libm.a(lib_a-sf_sin.o)
                0x000000000001bb58                .sinf
 .text          0x000000000001bc88        0x0 /usr/local/ps3dev/ppu/lib/gcc/powerpc64-ps3-elf/7.2.0/../../../../powerpc64-ps3-elf/lib/libm.a(lib_a-sf_tan.o)
 .text.tanf     0x000000000001bc88       0xb8 /usr/local/ps3dev/ppu/lib/gcc/powerpc64-ps3-elf/7.2.0/../../../../powerpc64-ps3-elf/lib/libm.a(lib_a-sf_tan.o)
                0x000000000001bc88                .tanf
 .text          0x000000000001bd40        0x0 /usr/local/ps3dev/ppu/lib/gcc/powerpc64-ps3-elf/7.2.0/../../../../powerpc64-ps3-elf/lib/libm.a(lib_a-wf_sqrt.o)
 .text.sqrtf    0x000000000001bd40      0x140 /usr/local/ps3dev/ppu/lib/gcc/powerpc64-ps3-elf/7.2.0/../../../../powerpc64-ps3-elf/lib/libm.a(lib_a-wf_sqrt.o)
                0x000000000001bd40                .sqrtf
 .text          0x000000000001be80        0x0 /usr/local/ps3dev/ppu/lib/gcc/powerpc64-ps3-elf/7.2.0/../../../../powerpc64-ps3-elf/lib/libm.a(lib_a-ef_rem_pio2.o)
 .text.__ieee754_rem_pio2f
                0x000000000001be80      0x4b4 /usr/local/ps3dev/ppu/lib/gcc/powerpc64-ps3-elf/7.2.0/../../../../powerpc64-ps3-elf/lib/libm.a(lib_a-ef_rem_pio2.o)
                0x000000000001be80                .__ieee754_rem_pio2f
 .text          0x000000000001c334        0x0 /usr/local/ps3dev/ppu/lib/gcc/powerpc64-ps3-elf/7.2.0/../../../../powerpc64-ps3-elf/lib/libm.a(lib_a-ef_sqrt.o)
 *fill*         0x000000000001c334        0x4 60000000
 .text.__ieee754_sqrtf
                0x000000000001c338      0x164 /usr/local/ps3dev/ppu/lib/gcc/powerpc64-ps3-elf/7.2.0/../../../../powerpc64-ps3-elf/lib/libm.a(lib_a-ef_sqrt.o)
                0x000000000001c338                .__ieee754_sqrtf
 .text          0x000000000001c49c        0x0 /usr/local/ps3dev/ppu/lib/gcc/powerpc64-ps3-elf/7.2.0/../../../../powerpc64-ps3-elf/lib/libm.a(lib_a-kf_cos.o)
 *fill*         0x000000000001c49c        0x4 60000000
 .text.__kernel_cosf
                0x000000000001c4a0      0x1b8 /usr/local/ps3dev/ppu/lib/gcc/powerpc64-ps3-elf/7.2.0/../../../../powerpc64-ps3-elf/lib/libm.a(lib_a-kf_cos.o)
                0x000000000001c4a0                .__kernel_cosf
 .text          0x000000000001c658        0x0 /usr/local/ps3dev/ppu/lib/gcc/powerpc64-ps3-elf/7.2.0/../../../../powerpc64-ps3-elf/lib/libm.a(lib_a-kf_rem_pio2.o)
 .text.__kernel_rem_pio2f
                0x000000000001c658      0xda4 /usr/local/ps3dev/ppu/lib/gcc/powerpc64-ps3-elf/7.2.0/../../../../powerpc64-ps3-elf/lib/libm.a(lib_a-kf_rem_pio2.o)
                0x000000000001c658                .__kernel_rem_pio2f
 .text          0x000000000001d3fc        0x0 /usr/local/ps3dev/ppu/lib/gcc/powerpc64-ps3-elf/7.2.0/../../../../powerpc64-ps3-elf/lib/libm.a(lib_a-kf_sin.o)
 *fill*         0x000000000001d3fc        0x4 60000000
 .text.__kernel_sinf
                0x000000000001d400       0xd0 /usr/local/ps3dev/ppu/lib/gcc/powerpc64-ps3-elf/7.2.0/../../../../powerpc64-ps3-elf/lib/libm.a(lib_a-kf_sin.o)
                0x000000000001d400                .__kernel_sinf
 .text          0x000000000001d4d0        0x0 /usr/local/ps3dev/ppu/lib/gcc/powerpc64-ps3-elf/7.2.0/../../../../powerpc64-ps3-elf/lib/libm.a(lib_a-kf_tan.o)
 .text.__kernel_tanf
                0x000000000001d4d0      0x338 /usr/local/ps3dev/ppu/lib/gcc/powerpc64-ps3-elf/7.2.0/../../../../powerpc64-ps3-elf/lib/libm.a(lib_a-kf_tan.o)
                0x000000000001d4d0                .__kernel_tanf
 .text          0x000000000001d808        0x0 /usr/local/ps3dev/ppu/lib/gcc/powerpc64-ps3-elf/7.2.0/../../../../powerpc64-ps3-elf/lib/libm.a(lib_a-s_lib_ver.o)
 .text          0x000000000001d808        0x0 /usr/local/ps3dev/ppu/lib/gcc/powerpc64-ps3-elf/7.2.0/../../../../powerpc64-ps3-elf/lib/libm.a(lib_a-s_matherr.o)
 .text.matherr  0x000000000001d808       0x14 /usr/local/ps3dev/ppu/lib/gcc/powerpc64-ps3-elf/7.2.0/../../../../powerpc64-ps3-elf/lib/libm.a(lib_a-s_matherr.o)
                0x000000000001d808                .matherr
 .text          0x000000000001d81c        0x0 /usr/local/ps3dev/ppu/lib/gcc/powerpc64-ps3-elf/7.2.0/../../../../powerpc64-ps3-elf/lib/libm.a(lib_a-sf_fabs.o)
 *fill*         0x000000000001d81c        0x4 60000000
 .text.fabsf    0x000000000001d820       0x24 /usr/local/ps3dev/ppu/lib/gcc/powerpc64-ps3-elf/7.2.0/../../../../powerpc64-ps3-elf/lib/libm.a(lib_a-sf_fabs.o)
                0x000000000001d820                .fabsf
 .text          0x000000000001d844        0x0 /usr/local/ps3dev/ppu/lib/gcc/powerpc64-ps3-elf/7.2.0/../../../../powerpc64-ps3-elf/lib/libm.a(lib_a-sf_floor.o)
 *fill*         0x000000000001d844        0x4 60000000
 .text.floorf   0x000000000001d848      0x120 /usr/local/ps3dev/ppu/lib/gcc/powerpc64-ps3-elf/7.2.0/../../../../powerpc64-ps3-elf/lib/libm.a(lib_a-sf_floor.o)
                0x000000000001d848                .floorf
 .text          0x000000000001d968        0x0 /usr/local/ps3dev/ppu/lib/gcc/powerpc64-ps3-elf/7.2.0/../../../../powerpc64-ps3-elf/lib/libm.a(lib_a-sf_fpclassify.o)
 .text.__fpclassifyf
                0x000000000001d968       0x68 /usr/local/ps3dev/ppu/lib/gcc/powerpc64-ps3-elf/7.2.0/../../../../powerpc64-ps3-elf/lib/libm.a(lib_a-sf_fpclassify.o)
                0x000000000001d968                .__fpclassifyf
 .text          0x000000000001d9d0        0x0 /usr/local/ps3dev/ppu/lib/gcc/powerpc64-ps3-elf/7.2.0/../../../../powerpc64-ps3-elf/lib/libm.a(lib_a-sf_scalbn.o)
 .text.scalbnf  0x000000000001d9d0      0x194 /usr/local/ps3dev/ppu/lib/gcc/powerpc64-ps3-elf/7.2.0/../../../../powerpc64-ps3-elf/lib/libm.a(lib_a-sf_scalbn.o)
                0x000000000001d9d0                .scalbnf
 .text          0x000000000001db64        0x0 /usr/local/ps3dev/ppu/lib/gcc/powerpc64-ps3-elf/7.2.0/../../../../powerpc64-ps3-elf/lib/libm.a(lib_a-sf_copysign.o)
 *fill*         0x000000000001db64        0x4 60000000
 .text.copysignf
                0x000000000001db68       0x2c /usr/local/ps3dev/ppu/lib/gcc/powerpc64-ps3-elf/7.2.0/../../../../powerpc64-ps3-elf/lib/libm.a(lib_a-sf_copysign.o)
                0x000000000001db68                .copysignf
 .text          0x000000000001db94        0x0 /usr/local/ps3dev/ppu/lib/libsysutil.a(sprx.o)
 .text          0x000000000001db94        0x0 /usr/local/ps3dev/ppu/lib/libsysutil.a(sysutil_wrapper.o)
 *fill*         0x000000000001db94        0x4 60000000
 .text.sysUtilRegisterCallback
                0x000000000001db98       0x34 /usr/local/ps3dev/ppu/lib/libsysutil.a(sysutil_wrapper.o)
                0x000000000001db98                .sysUtilRegisterCallback
 *fill*         0x000000000001dbcc        0x4 60000000
 .text.msgDialogOpen
                0x000000000001dbd0       0x34 /usr/local/ps3dev/ppu/lib/libsysutil.a(sysutil_wrapper.o)
                0x000000000001dbd0                .msgDialogOpen
 *fill*         0x000000000001dc04        0x4 60000000
 .text.msgDialogOpen2
                0x000000000001dc08       0x34 /usr/local/ps3dev/ppu/lib/libsysutil.a(sysutil_wrapper.o)
                0x000000000001dc08                .msgDialogOpen2
 *fill*         0x000000000001dc3c        0x4 60000000
 .text.msgDialogOpenErrorCode
                0x000000000001dc40       0x34 /usr/local/ps3dev/ppu/lib/libsysutil.a(sysutil_wrapper.o)
                0x000000000001dc40                .msgDialogOpenErrorCode
 *fill*         0x000000000001dc74        0x4 60000000
 .text.sysSaveListLoad2
                0x000000000001dc78       0x3c /usr/local/ps3dev/ppu/lib/libsysutil.a(sysutil_wrapper.o)
                0x000000000001dc78                .sysSaveListLoad2
 *fill*         0x000000000001dcb4        0x4 60000000
 .text.sysSaveListSave2
                0x000000000001dcb8       0x3c /usr/local/ps3dev/ppu/lib/libsysutil.a(sysutil_wrapper.o)
                0x000000000001dcb8                .sysSaveListSave2
 *fill*         0x000000000001dcf4        0x4 60000000
 .text.sysSaveListAutoLoad
                0x000000000001dcf8       0x44 /usr/local/ps3dev/ppu/lib/libsysutil.a(sysutil_wrapper.o)
                0x000000000001dcf8                .sysSaveListAutoLoad
 *fill*         0x000000000001dd3c        0x4 60000000
 .text.sysSaveListAutoSave
                0x000000000001dd40       0x44 /usr/local/ps3dev/ppu/lib/libsysutil.a(sysutil_wrapper.o)
                0x000000000001dd40                .sysSaveListAutoSave
 *fill*         0x000000000001dd84        0x4 60000000
 .text.sysSaveFixedLoad2
                0x000000000001dd88       0x3c /usr/local/ps3dev/ppu/lib/libsysutil.a(sysutil_wrapper.o)
                0x000000000001dd88                .sysSaveFixedLoad2
 *fill*         0x000000000001ddc4        0x4 60000000
 .text.sysSaveFixedSave2
                0x000000000001ddc8       0x3c /usr/local/ps3dev/ppu/lib/libsysutil.a(sysutil_wrapper.o)
                0x000000000001ddc8                .sysSaveFixedSave2
 *fill*         0x000000000001de04        0x4 60000000
 .text.sysSaveAutoLoad2
                0x000000000001de08       0x38 /usr/local/ps3dev/ppu/lib/libsysutil.a(sysutil_wrapper.o)
                0x000000000001de08                .sysSaveAutoLoad2
 .text.sysSaveAutoSave2
                0x000000000001de40       0x38 /usr/local/ps3dev/ppu/lib/libsysutil.a(sysutil_wrapper.o)
                0x000000000001de40                .sysSaveAutoSave2
 .text.sysGameThemeInstallFromBuffer
                0x000000000001de78       0x34 /usr/local/ps3dev/ppu/lib/libsysutil.a(sysutil_wrapper.o)
                0x000000000001de78                .sysGameThemeInstallFromBuffer
 *fill*         0x000000000001deac        0x4 60000000
 .text.sysDiscRegisterDiscChangeCallback
                0x000000000001deb0       0x38 /usr/local/ps3dev/ppu/lib/libsysutil.a(sysutil_wrapper.o)
                0x000000000001deb0                .sysDiscRegisterDiscChangeCallback
 .text.sysGameDiscRegisterDiscChangeCallback
                0x000000000001dee8       0x10 /usr/local/ps3dev/ppu/lib/libsysutil.a(sysutil_wrapper.o)
                0x000000000001dee8                .sysGameDiscRegisterDiscChangeCallback
 .text          0x000000000001def8        0x0 /usr/local/ps3dev/portlibs/ppu/lib/libfreetype.a(ftinit.o)
 .text.FT_Add_Default_Modules
                0x000000000001def8       0x84 /usr/local/ps3dev/portlibs/ppu/lib/libfreetype.a(ftinit.o)
                0x000000000001def8                .FT_Add_Default_Modules
 .text.FT_Init_FreeType
                0x000000000001df7c       0xa8 /usr/local/ps3dev/portlibs/ppu/lib/libfreetype.a(ftinit.o)
                0x000000000001df7c                .FT_Init_FreeType
 .text.FT_Done_FreeType
                0x000000000001e024       0x70 /usr/local/ps3dev/portlibs/ppu/lib/libfreetype.a(ftinit.o)
                0x000000000001e024                .FT_Done_FreeType
 .text          0x000000000001e094        0x0 /usr/local/ps3dev/portlibs/ppu/lib/libfreetype.a(ftbase.o)
 .text._ft_face_scale_advances
                0x000000000001e094      0x130 /usr/local/ps3dev/portlibs/ppu/lib/libfreetype.a(ftbase.o)
 .text.FT_Get_Advance
                0x000000000001e1c4      0x194 /usr/local/ps3dev/portlibs/ppu/lib/libfreetype.a(ftbase.o)
                0x000000000001e1c4                .FT_Get_Advance
 .text.FT_Get_Advances
                0x000000000001e358      0x2cc /usr/local/ps3dev/portlibs/ppu/lib/libfreetype.a(ftbase.o)
                0x000000000001e358                .FT_Get_Advances
 .text.FT_RoundFix
                0x000000000001e624       0x64 /usr/local/ps3dev/portlibs/ppu/lib/libfreetype.a(ftbase.o)
                0x000000000001e624                .FT_RoundFix
 .text.FT_CeilFix
                0x000000000001e688       0x64 /usr/local/ps3dev/portlibs/ppu/lib/libfreetype.a(ftbase.o)
                0x000000000001e688                .FT_CeilFix
 .text.FT_FloorFix
                0x000000000001e6ec       0x54 /usr/local/ps3dev/portlibs/ppu/lib/libfreetype.a(ftbase.o)
                0x000000000001e6ec                .FT_FloorFix
 .text.FT_Sqrt32
                0x000000000001e740       0xb4 /usr/local/ps3dev/portlibs/ppu/lib/libfreetype.a(ftbase.o)
                0x000000000001e740                .FT_Sqrt32
 .text.ft_multo64
                0x000000000001e7f4      0x160 /usr/local/ps3dev/portlibs/ppu/lib/libfreetype.a(ftbase.o)
 .text.ft_div64by32
                0x000000000001e954      0x100 /usr/local/ps3dev/portlibs/ppu/lib/libfreetype.a(ftbase.o)
 .text.FT_Add64
                0x000000000001ea54       0xb0 /usr/local/ps3dev/portlibs/ppu/lib/libfreetype.a(ftbase.o)
 .text.FT_MulDiv
                0x000000000001eb04      0x200 /usr/local/ps3dev/portlibs/ppu/lib/libfreetype.a(ftbase.o)
                0x000000000001eb04                .FT_MulDiv
 .text.FT_MulDiv_No_Round
                0x000000000001ed04      0x1ac /usr/local/ps3dev/portlibs/ppu/lib/libfreetype.a(ftbase.o)
                0x000000000001ed04                .FT_MulDiv_No_Round
 .text.FT_MulFix
                0x000000000001eeb0      0x158 /usr/local/ps3dev/portlibs/ppu/lib/libfreetype.a(ftbase.o)
                0x000000000001eeb0                .FT_MulFix
 .text.FT_DivFix
                0x000000000001f008      0x198 /usr/local/ps3dev/portlibs/ppu/lib/libfreetype.a(ftbase.o)
                0x000000000001f008                .FT_DivFix
 .text.FT_Matrix_Multiply
                0x000000000001f1a0      0x1b4 /usr/local/ps3dev/portlibs/ppu/lib/libfreetype.a(ftbase.o)
                0x000000000001f1a0                .FT_Matrix_Multiply
 .text.FT_Matrix_Invert
                0x000000000001f354      0x148 /usr/local/ps3dev/portlibs/ppu/lib/libfreetype.a(ftbase.o)
                0x000000000001f354                .FT_Matrix_Invert
 .text.FT_Matrix_Multiply_Scaled
                0x000000000001f49c      0x1e4 /usr/local/ps3dev/portlibs/ppu/lib/libfreetype.a(ftbase.o)
                0x000000000001f49c                .FT_Matrix_Multiply_Scaled
 .text.FT_Vector_Transform_Scaled
                0x000000000001f680      0x12c /usr/local/ps3dev/portlibs/ppu/lib/libfreetype.a(ftbase.o)
                0x000000000001f680                .FT_Vector_Transform_Scaled
 .text.FT_SqrtFixed
                0x000000000001f7ac       0xf4 /usr/local/ps3dev/portlibs/ppu/lib/libfreetype.a(ftbase.o)
                0x000000000001f7ac                .FT_SqrtFixed
 .text.ft_corner_orientation
                0x000000000001f8a0      0x1e0 /usr/local/ps3dev/portlibs/ppu/lib/libfreetype.a(ftbase.o)
                0x000000000001f8a0                .ft_corner_orientation
 .text.ft_corner_is_flat
                0x000000000001fa80      0x170 /usr/local/ps3dev/portlibs/ppu/lib/libfreetype.a(ftbase.o)
                0x000000000001fa80                .ft_corner_is_flat
 .text.FT_GlyphLoader_New
                0x000000000001fbf0       0x90 /usr/local/ps3dev/portlibs/ppu/lib/libfreetype.a(ftbase.o)
                0x000000000001fbf0                .FT_GlyphLoader_New
 .text.FT_GlyphLoader_Rewind
                0x000000000001fc80       0x9c /usr/local/ps3dev/portlibs/ppu/lib/libfreetype.a(ftbase.o)
                0x000000000001fc80                .FT_GlyphLoader_Rewind
 .text.FT_GlyphLoader_Reset
                0x000000000001fd1c      0x120 /usr/local/ps3dev/portlibs/ppu/lib/libfreetype.a(ftbase.o)
                0x000000000001fd1c                .FT_GlyphLoader_Reset
 .text.FT_GlyphLoader_Done
                0x000000000001fe3c       0x70 /usr/local/ps3dev/portlibs/ppu/lib/libfreetype.a(ftbase.o)
                0x000000000001fe3c                .FT_GlyphLoader_Done
 .text.FT_GlyphLoader_Adjust_Points
                0x000000000001feac      0x104 /usr/local/ps3dev/portlibs/ppu/lib/libfreetype.a(ftbase.o)
 .text.FT_GlyphLoader_CreateExtra
                0x000000000001ffb0       0xd4 /usr/local/ps3dev/portlibs/ppu/lib/libfreetype.a(ftbase.o)
                0x000000000001ffb0                .FT_GlyphLoader_CreateExtra
 .text.FT_GlyphLoader_Adjust_Subglyphs
                0x0000000000020084       0x64 /usr/local/ps3dev/portlibs/ppu/lib/libfreetype.a(ftbase.o)
 .text.FT_GlyphLoader_CheckPoints
                0x00000000000200e8      0x370 /usr/local/ps3dev/portlibs/ppu/lib/libfreetype.a(ftbase.o)
                0x00000000000200e8                .FT_GlyphLoader_CheckPoints
 .text.FT_GlyphLoader_CheckSubGlyphs
                0x0000000000020458      0x134 /usr/local/ps3dev/portlibs/ppu/lib/libfreetype.a(ftbase.o)
                0x0000000000020458                .FT_GlyphLoader_CheckSubGlyphs
 .text.FT_GlyphLoader_Prepare
                0x000000000002058c       0x7c /usr/local/ps3dev/portlibs/ppu/lib/libfreetype.a(ftbase.o)
                0x000000000002058c                .FT_GlyphLoader_Prepare
 .text.FT_GlyphLoader_Add
                0x0000000000020608      0x188 /usr/local/ps3dev/portlibs/ppu/lib/libfreetype.a(ftbase.o)
                0x0000000000020608                .FT_GlyphLoader_Add
 .text.FT_GlyphLoader_CopyPoints
                0x0000000000020790      0x1cc /usr/local/ps3dev/portlibs/ppu/lib/libfreetype.a(ftbase.o)
                0x0000000000020790                .FT_GlyphLoader_CopyPoints
 .text.ft_service_list_lookup
                0x000000000002095c       0xc0 /usr/local/ps3dev/portlibs/ppu/lib/libfreetype.a(ftbase.o)
                0x000000000002095c                .ft_service_list_lookup
 .text.ft_validator_init
                0x0000000000020a1c       0x6c /usr/local/ps3dev/portlibs/ppu/lib/libfreetype.a(ftbase.o)
                0x0000000000020a1c                .ft_validator_init
 .text.ft_validator_run
                0x0000000000020a88       0x30 /usr/local/ps3dev/portlibs/ppu/lib/libfreetype.a(ftbase.o)
                0x0000000000020a88                .ft_validator_run
 .text.ft_validator_error
                0x0000000000020ab8       0x6c /usr/local/ps3dev/portlibs/ppu/lib/libfreetype.a(ftbase.o)
                0x0000000000020ab8                .ft_validator_error
 .text.FT_Stream_New
                0x0000000000020b24      0x1e4 /usr/local/ps3dev/portlibs/ppu/lib/libfreetype.a(ftbase.o)
                0x0000000000020b24                .FT_Stream_New
 .text.FT_Stream_Free
                0x0000000000020d08       0x84 /usr/local/ps3dev/portlibs/ppu/lib/libfreetype.a(ftbase.o)
                0x0000000000020d08                .FT_Stream_Free
 .text.ft_glyphslot_init
                0x0000000000020d8c      0x150 /usr/local/ps3dev/portlibs/ppu/lib/libfreetype.a(ftbase.o)
 .text.ft_glyphslot_free_bitmap
                0x0000000000020edc       0xc8 /usr/local/ps3dev/portlibs/ppu/lib/libfreetype.a(ftbase.o)
                0x0000000000020edc                .ft_glyphslot_free_bitmap
 .text.ft_glyphslot_set_bitmap
                0x0000000000020fa4       0x54 /usr/local/ps3dev/portlibs/ppu/lib/libfreetype.a(ftbase.o)
                0x0000000000020fa4                .ft_glyphslot_set_bitmap
 .text.ft_glyphslot_alloc_bitmap
                0x0000000000020ff8       0xdc /usr/local/ps3dev/portlibs/ppu/lib/libfreetype.a(ftbase.o)
                0x0000000000020ff8                .ft_glyphslot_alloc_bitmap
 .text.ft_glyphslot_clear
                0x00000000000210d4      0x13c /usr/local/ps3dev/portlibs/ppu/lib/libfreetype.a(ftbase.o)
 .text.ft_glyphslot_done
                0x0000000000021210      0x110 /usr/local/ps3dev/portlibs/ppu/lib/libfreetype.a(ftbase.o)
 .text.FT_New_GlyphSlot
                0x0000000000021320      0x164 /usr/local/ps3dev/portlibs/ppu/lib/libfreetype.a(ftbase.o)
                0x0000000000021320                .FT_New_GlyphSlot
 .text.FT_Done_GlyphSlot
                0x0000000000021484      0x108 /usr/local/ps3dev/portlibs/ppu/lib/libfreetype.a(ftbase.o)
                0x0000000000021484                .FT_Done_GlyphSlot
 .text.FT_Set_Transform
                0x000000000002158c      0x1b8 /usr/local/ps3dev/portlibs/ppu/lib/libfreetype.a(ftbase.o)
                0x000000000002158c                .FT_Set_Transform
 .text.ft_glyphslot_grid_fit_metrics
                0x0000000000021744      0x204 /usr/local/ps3dev/portlibs/ppu/lib/libfreetype.a(ftbase.o)
 .text.FT_Load_Glyph
                0x0000000000021948      0x750 /usr/local/ps3dev/portlibs/ppu/lib/libfreetype.a(ftbase.o)
                0x0000000000021948                .FT_Load_Glyph
 .text.FT_Load_Char
                0x0000000000022098       0xa8 /usr/local/ps3dev/portlibs/ppu/lib/libfreetype.a(ftbase.o)
                0x0000000000022098                .FT_Load_Char
 .text.destroy_size
                0x0000000000022140       0xf0 /usr/local/ps3dev/portlibs/ppu/lib/libfreetype.a(ftbase.o)
 .text.destroy_charmaps
                0x0000000000022230       0xf4 /usr/local/ps3dev/portlibs/ppu/lib/libfreetype.a(ftbase.o)
 .text.destroy_face
                0x0000000000022324      0x1d8 /usr/local/ps3dev/portlibs/ppu/lib/libfreetype.a(ftbase.o)
 .text.Destroy_Driver
                0x00000000000224fc       0x88 /usr/local/ps3dev/portlibs/ppu/lib/libfreetype.a(ftbase.o)
 .text.find_unicode_charmap
                0x0000000000022584      0x1b0 /usr/local/ps3dev/portlibs/ppu/lib/libfreetype.a(ftbase.o)
 .text.find_variant_selector_charmap
                0x0000000000022734      0x10c /usr/local/ps3dev/portlibs/ppu/lib/libfreetype.a(ftbase.o)
 .text.open_face
                0x0000000000022840      0x2f4 /usr/local/ps3dev/portlibs/ppu/lib/libfreetype.a(ftbase.o)
 .text.FT_New_Face
                0x0000000000022b34       0x90 /usr/local/ps3dev/portlibs/ppu/lib/libfreetype.a(ftbase.o)
                0x0000000000022b34                .FT_New_Face
 .text.FT_New_Memory_Face
                0x0000000000022bc4       0x9c /usr/local/ps3dev/portlibs/ppu/lib/libfreetype.a(ftbase.o)
                0x0000000000022bc4                .FT_New_Memory_Face
 .text.memory_stream_close
                0x0000000000022c60       0x8c /usr/local/ps3dev/portlibs/ppu/lib/libfreetype.a(ftbase.o)
 .text.new_memory_stream
                0x0000000000022cec       0xec /usr/local/ps3dev/portlibs/ppu/lib/libfreetype.a(ftbase.o)
 .text.open_face_from_buffer
                0x0000000000022dd8      0x178 /usr/local/ps3dev/portlibs/ppu/lib/libfreetype.a(ftbase.o)
 .text.ft_lookup_PS_in_sfnt_stream
                0x0000000000022f50      0x314 /usr/local/ps3dev/portlibs/ppu/lib/libfreetype.a(ftbase.o)
 .text.open_face_PS_from_sfnt_stream
                0x0000000000023264      0x1dc /usr/local/ps3dev/portlibs/ppu/lib/libfreetype.a(ftbase.o)
 .text.Mac_Read_POST_Resource
                0x0000000000023440      0x6b0 /usr/local/ps3dev/portlibs/ppu/lib/libfreetype.a(ftbase.o)
 .text.Mac_Read_sfnt_Resource
                0x0000000000023af0      0x270 /usr/local/ps3dev/portlibs/ppu/lib/libfreetype.a(ftbase.o)
 .text.IsMacResource
                0x0000000000023d60      0x1fc /usr/local/ps3dev/portlibs/ppu/lib/libfreetype.a(ftbase.o)
 .text.IsMacBinary
                0x0000000000023f5c      0x1b4 /usr/local/ps3dev/portlibs/ppu/lib/libfreetype.a(ftbase.o)
 .text.load_face_in_embedded_rfork
                0x0000000000024110      0x280 /usr/local/ps3dev/portlibs/ppu/lib/libfreetype.a(ftbase.o)
 .text.load_mac_face
                0x0000000000024390      0x104 /usr/local/ps3dev/portlibs/ppu/lib/libfreetype.a(ftbase.o)
 .text.FT_Open_Face
                0x0000000000024494      0x7b0 /usr/local/ps3dev/portlibs/ppu/lib/libfreetype.a(ftbase.o)
                0x0000000000024494                .FT_Open_Face
 .text.FT_Attach_File
                0x0000000000024c44       0x80 /usr/local/ps3dev/portlibs/ppu/lib/libfreetype.a(ftbase.o)
                0x0000000000024c44                .FT_Attach_File
 .text.FT_Attach_Stream
                0x0000000000024cc4      0x15c /usr/local/ps3dev/portlibs/ppu/lib/libfreetype.a(ftbase.o)
                0x0000000000024cc4                .FT_Attach_Stream
 .text.FT_Reference_Face
                0x0000000000024e20       0x48 /usr/local/ps3dev/portlibs/ppu/lib/libfreetype.a(ftbase.o)
                0x0000000000024e20                .FT_Reference_Face
 .text.FT_Done_Face
                0x0000000000024e68      0x11c /usr/local/ps3dev/portlibs/ppu/lib/libfreetype.a(ftbase.o)
                0x0000000000024e68                .FT_Done_Face
 .text.FT_New_Size
                0x0000000000024f84      0x1f4 /usr/local/ps3dev/portlibs/ppu/lib/libfreetype.a(ftbase.o)
                0x0000000000024f84                .FT_New_Size
 .text.FT_Done_Size
                0x0000000000025178      0x158 /usr/local/ps3dev/portlibs/ppu/lib/libfreetype.a(ftbase.o)
                0x0000000000025178                .FT_Done_Size
 .text.FT_Match_Size
                0x00000000000252d0      0x238 /usr/local/ps3dev/portlibs/ppu/lib/libfreetype.a(ftbase.o)
                0x00000000000252d0                .FT_Match_Size
 .text.ft_synthesize_vertical_metrics
                0x0000000000025508      0x110 /usr/local/ps3dev/portlibs/ppu/lib/libfreetype.a(ftbase.o)
                0x0000000000025508                .ft_synthesize_vertical_metrics
 .text.ft_recompute_scaled_metrics
                0x0000000000025618      0x11c /usr/local/ps3dev/portlibs/ppu/lib/libfreetype.a(ftbase.o)
 .text.FT_Select_Metrics
                0x0000000000025734      0x17c /usr/local/ps3dev/portlibs/ppu/lib/libfreetype.a(ftbase.o)
                0x0000000000025734                .FT_Select_Metrics
 .text.FT_Request_Metrics
                0x00000000000258b0      0x498 /usr/local/ps3dev/portlibs/ppu/lib/libfreetype.a(ftbase.o)
                0x00000000000258b0                .FT_Request_Metrics
 .text.FT_Select_Size
                0x0000000000025d48      0x114 /usr/local/ps3dev/portlibs/ppu/lib/libfreetype.a(ftbase.o)
                0x0000000000025d48                .FT_Select_Size
 .text.FT_Request_Size
                0x0000000000025e5c      0x180 /usr/local/ps3dev/portlibs/ppu/lib/libfreetype.a(ftbase.o)
                0x0000000000025e5c                .FT_Request_Size
 .text.FT_Set_Char_Size
                0x0000000000025fdc      0x130 /usr/local/ps3dev/portlibs/ppu/lib/libfreetype.a(ftbase.o)
                0x0000000000025fdc                .FT_Set_Char_Size
 .text.FT_Set_Pixel_Sizes
                0x000000000002610c      0x130 /usr/local/ps3dev/portlibs/ppu/lib/libfreetype.a(ftbase.o)
                0x000000000002610c                .FT_Set_Pixel_Sizes
 .text.FT_Get_Kerning
                0x000000000002623c      0x24c /usr/local/ps3dev/portlibs/ppu/lib/libfreetype.a(ftbase.o)
                0x000000000002623c                .FT_Get_Kerning
 .text.FT_Get_Track_Kerning
                0x0000000000026488      0x140 /usr/local/ps3dev/portlibs/ppu/lib/libfreetype.a(ftbase.o)
                0x0000000000026488                .FT_Get_Track_Kerning
 .text.FT_Select_Charmap
                0x00000000000265c8      0x13c /usr/local/ps3dev/portlibs/ppu/lib/libfreetype.a(ftbase.o)
                0x00000000000265c8                .FT_Select_Charmap
 .text.FT_Set_Charmap
                0x0000000000026704      0x118 /usr/local/ps3dev/portlibs/ppu/lib/libfreetype.a(ftbase.o)
                0x0000000000026704                .FT_Set_Charmap
 .text.FT_Get_Charmap_Index
                0x000000000002681c       0xdc /usr/local/ps3dev/portlibs/ppu/lib/libfreetype.a(ftbase.o)
                0x000000000002681c                .FT_Get_Charmap_Index
 .text.ft_cmap_done_internal
                0x00000000000268f8       0xac /usr/local/ps3dev/portlibs/ppu/lib/libfreetype.a(ftbase.o)
 .text.FT_CMap_Done
                0x00000000000269a4      0x248 /usr/local/ps3dev/portlibs/ppu/lib/libfreetype.a(ftbase.o)
                0x00000000000269a4                .FT_CMap_Done
 .text.FT_CMap_New
                0x0000000000026bec      0x228 /usr/local/ps3dev/portlibs/ppu/lib/libfreetype.a(ftbase.o)
                0x0000000000026bec                .FT_CMap_New
 .text.FT_Get_Char_Index
                0x0000000000026e14       0xb4 /usr/local/ps3dev/portlibs/ppu/lib/libfreetype.a(ftbase.o)
                0x0000000000026e14                .FT_Get_Char_Index
 .text.FT_Get_First_Char
                0x0000000000026ec8       0xe8 /usr/local/ps3dev/portlibs/ppu/lib/libfreetype.a(ftbase.o)
                0x0000000000026ec8                .FT_Get_First_Char
 .text.FT_Get_Next_Char
                0x0000000000026fb0      0x124 /usr/local/ps3dev/portlibs/ppu/lib/libfreetype.a(ftbase.o)
                0x0000000000026fb0                .FT_Get_Next_Char
 .text.FT_Face_GetCharVariantIndex
                0x00000000000270d4      0x104 /usr/local/ps3dev/portlibs/ppu/lib/libfreetype.a(ftbase.o)
                0x00000000000270d4                .FT_Face_GetCharVariantIndex
 .text.FT_Face_GetCharVariantIsDefault
                0x00000000000271d8       0xcc /usr/local/ps3dev/portlibs/ppu/lib/libfreetype.a(ftbase.o)
                0x00000000000271d8                .FT_Face_GetCharVariantIsDefault
 .text.FT_Face_GetVariantSelectors
                0x00000000000272a4       0xb4 /usr/local/ps3dev/portlibs/ppu/lib/libfreetype.a(ftbase.o)
                0x00000000000272a4                .FT_Face_GetVariantSelectors
 .text.FT_Face_GetVariantsOfChar
                0x0000000000027358       0xc4 /usr/local/ps3dev/portlibs/ppu/lib/libfreetype.a(ftbase.o)
                0x0000000000027358                .FT_Face_GetVariantsOfChar
 .text.FT_Face_GetCharsOfVariant
                0x000000000002741c       0xc4 /usr/local/ps3dev/portlibs/ppu/lib/libfreetype.a(ftbase.o)
                0x000000000002741c                .FT_Face_GetCharsOfVariant
 .text.FT_Get_Name_Index
                0x00000000000274e0      0x184 /usr/local/ps3dev/portlibs/ppu/lib/libfreetype.a(ftbase.o)
                0x00000000000274e0                .FT_Get_Name_Index
 .text.FT_Get_Glyph_Name
                0x0000000000027664      0x1e4 /usr/local/ps3dev/portlibs/ppu/lib/libfreetype.a(ftbase.o)
                0x0000000000027664                .FT_Get_Glyph_Name
 .text.FT_Get_Postscript_Name
                0x0000000000027848      0x180 /usr/local/ps3dev/portlibs/ppu/lib/libfreetype.a(ftbase.o)
                0x0000000000027848                .FT_Get_Postscript_Name
 .text.FT_Get_Sfnt_Table
                0x00000000000279c8      0x114 /usr/local/ps3dev/portlibs/ppu/lib/libfreetype.a(ftbase.o)
                0x00000000000279c8                .FT_Get_Sfnt_Table
 .text.FT_Load_Sfnt_Table
                0x0000000000027adc      0x128 /usr/local/ps3dev/portlibs/ppu/lib/libfreetype.a(ftbase.o)
                0x0000000000027adc                .FT_Load_Sfnt_Table
 .text.FT_Sfnt_Table_Info
                0x0000000000027c04      0x130 /usr/local/ps3dev/portlibs/ppu/lib/libfreetype.a(ftbase.o)
                0x0000000000027c04                .FT_Sfnt_Table_Info
 .text.FT_Get_CMap_Language_ID
                0x0000000000027d34      0x12c /usr/local/ps3dev/portlibs/ppu/lib/libfreetype.a(ftbase.o)
                0x0000000000027d34                .FT_Get_CMap_Language_ID
 .text.FT_Get_CMap_Format
                0x0000000000027e60      0x12c /usr/local/ps3dev/portlibs/ppu/lib/libfreetype.a(ftbase.o)
                0x0000000000027e60                .FT_Get_CMap_Format
 .text.FT_Activate_Size
                0x0000000000027f8c       0x80 /usr/local/ps3dev/portlibs/ppu/lib/libfreetype.a(ftbase.o)
                0x0000000000027f8c                .FT_Activate_Size
 .text.FT_Lookup_Renderer
                0x000000000002800c       0xfc /usr/local/ps3dev/portlibs/ppu/lib/libfreetype.a(ftbase.o)
                0x000000000002800c                .FT_Lookup_Renderer
 .text.ft_lookup_glyph_renderer
                0x0000000000028108       0xa8 /usr/local/ps3dev/portlibs/ppu/lib/libfreetype.a(ftbase.o)
 .text.ft_set_current_renderer
                0x00000000000281b0       0x60 /usr/local/ps3dev/portlibs/ppu/lib/libfreetype.a(ftbase.o)
 .text.ft_add_renderer
                0x0000000000028210      0x1c0 /usr/local/ps3dev/portlibs/ppu/lib/libfreetype.a(ftbase.o)
 .text.ft_remove_renderer
                0x00000000000283d0      0x114 /usr/local/ps3dev/portlibs/ppu/lib/libfreetype.a(ftbase.o)
 .text.FT_Get_Renderer
                0x00000000000284e4       0x5c /usr/local/ps3dev/portlibs/ppu/lib/libfreetype.a(ftbase.o)
                0x00000000000284e4                .FT_Get_Renderer
 .text.FT_Set_Renderer
                0x0000000000028540      0x180 /usr/local/ps3dev/portlibs/ppu/lib/libfreetype.a(ftbase.o)
                0x0000000000028540                .FT_Set_Renderer
 .text.FT_Render_Glyph_Internal
                0x00000000000286c0      0x1b4 /usr/local/ps3dev/portlibs/ppu/lib/libfreetype.a(ftbase.o)
                0x00000000000286c0                .FT_Render_Glyph_Internal
 .text.FT_Render_Glyph
                0x0000000000028874       0x94 /usr/local/ps3dev/portlibs/ppu/lib/libfreetype.a(ftbase.o)
                0x0000000000028874                .FT_Render_Glyph
 .text.Destroy_Module
                0x0000000000028908      0x150 /usr/local/ps3dev/portlibs/ppu/lib/libfreetype.a(ftbase.o)
 .text.FT_Add_Module
                0x0000000000028a58      0x41c /usr/local/ps3dev/portlibs/ppu/lib/libfreetype.a(ftbase.o)
                0x0000000000028a58                .FT_Add_Module
 .text.FT_Get_Module
                0x0000000000028e74       0xec /usr/local/ps3dev/portlibs/ppu/lib/libfreetype.a(ftbase.o)
                0x0000000000028e74                .FT_Get_Module
 .text.FT_Get_Module_Interface
                0x0000000000028f60       0x70 /usr/local/ps3dev/portlibs/ppu/lib/libfreetype.a(ftbase.o)
                0x0000000000028f60                .FT_Get_Module_Interface
 .text.ft_module_get_service
                0x0000000000028fd0      0x17c /usr/local/ps3dev/portlibs/ppu/lib/libfreetype.a(ftbase.o)
                0x0000000000028fd0                .ft_module_get_service
 .text.FT_Remove_Module
                0x000000000002914c      0x12c /usr/local/ps3dev/portlibs/ppu/lib/libfreetype.a(ftbase.o)
                0x000000000002914c                .FT_Remove_Module
 .text.FT_Reference_Library
                0x0000000000029278       0x48 /usr/local/ps3dev/portlibs/ppu/lib/libfreetype.a(ftbase.o)
                0x0000000000029278                .FT_Reference_Library
 .text.FT_New_Library
                0x00000000000292c0      0x13c /usr/local/ps3dev/portlibs/ppu/lib/libfreetype.a(ftbase.o)
                0x00000000000292c0                .FT_New_Library
 .text.FT_Library_Version
                0x00000000000293fc       0xc8 /usr/local/ps3dev/portlibs/ppu/lib/libfreetype.a(ftbase.o)
                0x00000000000293fc                .FT_Library_Version
 .text.FT_Done_Library
                0x00000000000294c4      0x290 /usr/local/ps3dev/portlibs/ppu/lib/libfreetype.a(ftbase.o)
                0x00000000000294c4                .FT_Done_Library
 .text.FT_Set_Debug_Hook
                0x0000000000029754       0x7c /usr/local/ps3dev/portlibs/ppu/lib/libfreetype.a(ftbase.o)
                0x0000000000029754                .FT_Set_Debug_Hook
 .text.FT_Get_TrueType_Engine_Type
                0x00000000000297d0       0x98 /usr/local/ps3dev/portlibs/ppu/lib/libfreetype.a(ftbase.o)
                0x00000000000297d0                .FT_Get_TrueType_Engine_Type
 .text.ft_stub_set_char_sizes
                0x0000000000029868      0x128 /usr/local/ps3dev/portlibs/ppu/lib/libfreetype.a(ftbase.o)
                0x0000000000029868                .ft_stub_set_char_sizes
 .text.ft_stub_set_pixel_sizes
                0x0000000000029990       0xec /usr/local/ps3dev/portlibs/ppu/lib/libfreetype.a(ftbase.o)
                0x0000000000029990                .ft_stub_set_pixel_sizes
 .text.FT_Get_SubGlyph_Info
                0x0000000000029a7c      0x134 /usr/local/ps3dev/portlibs/ppu/lib/libfreetype.a(ftbase.o)
                0x0000000000029a7c                .FT_Get_SubGlyph_Info
 .text.FT_Outline_Decompose
                0x0000000000029bb0      0x840 /usr/local/ps3dev/portlibs/ppu/lib/libfreetype.a(ftbase.o)
                0x0000000000029bb0                .FT_Outline_Decompose
 .text.FT_Outline_New_Internal
                0x000000000002a3f0      0x1dc /usr/local/ps3dev/portlibs/ppu/lib/libfreetype.a(ftbase.o)
                0x000000000002a3f0                .FT_Outline_New_Internal
 .text.FT_Outline_New
                0x000000000002a5cc       0x94 /usr/local/ps3dev/portlibs/ppu/lib/libfreetype.a(ftbase.o)
                0x000000000002a5cc                .FT_Outline_New
 .text.FT_Outline_Check
                0x000000000002a660      0x144 /usr/local/ps3dev/portlibs/ppu/lib/libfreetype.a(ftbase.o)
                0x000000000002a660                .FT_Outline_Check
 .text.FT_Outline_Copy
                0x000000000002a7a4      0x1b8 /usr/local/ps3dev/portlibs/ppu/lib/libfreetype.a(ftbase.o)
                0x000000000002a7a4                .FT_Outline_Copy
 .text.FT_Outline_Done_Internal
                0x000000000002a95c      0x10c /usr/local/ps3dev/portlibs/ppu/lib/libfreetype.a(ftbase.o)
                0x000000000002a95c                .FT_Outline_Done_Internal
 .text.FT_Outline_Done
                0x000000000002aa68       0x6c /usr/local/ps3dev/portlibs/ppu/lib/libfreetype.a(ftbase.o)
                0x000000000002aa68                .FT_Outline_Done
 .text.FT_Outline_Get_CBox
                0x000000000002aad4      0x1a4 /usr/local/ps3dev/portlibs/ppu/lib/libfreetype.a(ftbase.o)
                0x000000000002aad4                .FT_Outline_Get_CBox
 .text.FT_Outline_Translate
                0x000000000002ac78       0xc4 /usr/local/ps3dev/portlibs/ppu/lib/libfreetype.a(ftbase.o)
                0x000000000002ac78                .FT_Outline_Translate
 .text.FT_Outline_Reverse
                0x000000000002ad3c      0x1f4 /usr/local/ps3dev/portlibs/ppu/lib/libfreetype.a(ftbase.o)
                0x000000000002ad3c                .FT_Outline_Reverse
 .text.FT_Outline_Render
                0x000000000002af30      0x17c /usr/local/ps3dev/portlibs/ppu/lib/libfreetype.a(ftbase.o)
                0x000000000002af30                .FT_Outline_Render
 .text.FT_Outline_Get_Bitmap
                0x000000000002b0ac       0xc4 /usr/local/ps3dev/portlibs/ppu/lib/libfreetype.a(ftbase.o)
                0x000000000002b0ac                .FT_Outline_Get_Bitmap
 .text.FT_Vector_Transform
                0x000000000002b170      0x10c /usr/local/ps3dev/portlibs/ppu/lib/libfreetype.a(ftbase.o)
                0x000000000002b170                .FT_Vector_Transform
 .text.FT_Outline_Transform
                0x000000000002b27c       0xb0 /usr/local/ps3dev/portlibs/ppu/lib/libfreetype.a(ftbase.o)
                0x000000000002b27c                .FT_Outline_Transform
 .text.FT_Outline_Embolden
                0x000000000002b32c      0x3d4 /usr/local/ps3dev/portlibs/ppu/lib/libfreetype.a(ftbase.o)
                0x000000000002b32c                .FT_Outline_Embolden
 .text.FT_Outline_Get_Orientation
                0x000000000002b700      0x6bc /usr/local/ps3dev/portlibs/ppu/lib/libfreetype.a(ftbase.o)
                0x000000000002b700                .FT_Outline_Get_Orientation
 .text.FT_Raccess_Get_HeaderInfo
                0x000000000002bdbc      0x3e8 /usr/local/ps3dev/portlibs/ppu/lib/libfreetype.a(ftbase.o)
                0x000000000002bdbc                .FT_Raccess_Get_HeaderInfo
 .text.ft_raccess_sort_ref_by_id
                0x000000000002c1a4       0x74 /usr/local/ps3dev/portlibs/ppu/lib/libfreetype.a(ftbase.o)
 .text.FT_Raccess_Get_DataOffsets
                0x000000000002c218      0x464 /usr/local/ps3dev/portlibs/ppu/lib/libfreetype.a(ftbase.o)
                0x000000000002c218                .FT_Raccess_Get_DataOffsets
 .text.FT_Raccess_Guess
                0x000000000002c67c      0x1a4 /usr/local/ps3dev/portlibs/ppu/lib/libfreetype.a(ftbase.o)
                0x000000000002c67c                .FT_Raccess_Guess
 .text.raccess_guess_apple_double
                0x000000000002c820       0x9c /usr/local/ps3dev/portlibs/ppu/lib/libfreetype.a(ftbase.o)
 .text.raccess_guess_apple_single
                0x000000000002c8bc       0x9c /usr/local/ps3dev/portlibs/ppu/lib/libfreetype.a(ftbase.o)
 .text.raccess_guess_darwin_ufs_export
                0x000000000002c958       0xd0 /usr/local/ps3dev/portlibs/ppu/lib/libfreetype.a(ftbase.o)
 .text.raccess_guess_darwin_hfsplus
                0x000000000002ca28      0x11c /usr/local/ps3dev/portlibs/ppu/lib/libfreetype.a(ftbase.o)
 .text.raccess_guess_darwin_newvfs
                0x000000000002cb44      0x11c /usr/local/ps3dev/portlibs/ppu/lib/libfreetype.a(ftbase.o)
 .text.raccess_guess_vfat
                0x000000000002cc60       0x9c /usr/local/ps3dev/portlibs/ppu/lib/libfreetype.a(ftbase.o)
 .text.raccess_guess_linux_cap
                0x000000000002ccfc       0x9c /usr/local/ps3dev/portlibs/ppu/lib/libfreetype.a(ftbase.o)
 .text.raccess_guess_linux_double
                0x000000000002cd98       0xd0 /usr/local/ps3dev/portlibs/ppu/lib/libfreetype.a(ftbase.o)
 .text.raccess_guess_linux_netatalk
                0x000000000002ce68       0xd0 /usr/local/ps3dev/portlibs/ppu/lib/libfreetype.a(ftbase.o)
 .text.raccess_guess_apple_generic
                0x000000000002cf38      0x26c /usr/local/ps3dev/portlibs/ppu/lib/libfreetype.a(ftbase.o)
 .text.raccess_guess_linux_double_from_file_name
                0x000000000002d1a4       0xd4 /usr/local/ps3dev/portlibs/ppu/lib/libfreetype.a(ftbase.o)
 .text.raccess_make_file_name
                0x000000000002d278      0x178 /usr/local/ps3dev/portlibs/ppu/lib/libfreetype.a(ftbase.o)
 .text.FT_Get_Sfnt_Name_Count
                0x000000000002d3f0       0x60 /usr/local/ps3dev/portlibs/ppu/lib/libfreetype.a(ftbase.o)
                0x000000000002d3f0                .FT_Get_Sfnt_Name_Count
 .text.FT_Get_Sfnt_Name
                0x000000000002d450      0x238 /usr/local/ps3dev/portlibs/ppu/lib/libfreetype.a(ftbase.o)
                0x000000000002d450                .FT_Get_Sfnt_Name
 .text.FT_Stream_OpenMemory
                0x000000000002d688       0x7c /usr/local/ps3dev/portlibs/ppu/lib/libfreetype.a(ftbase.o)
                0x000000000002d688                .FT_Stream_OpenMemory
 .text.FT_Stream_Close
                0x000000000002d704       0x80 /usr/local/ps3dev/portlibs/ppu/lib/libfreetype.a(ftbase.o)
                0x000000000002d704                .FT_Stream_Close
 .text.FT_Stream_Seek
                0x000000000002d784       0xe0 /usr/local/ps3dev/portlibs/ppu/lib/libfreetype.a(ftbase.o)
                0x000000000002d784                .FT_Stream_Seek
 .text.FT_Stream_Skip
                0x000000000002d864       0x74 /usr/local/ps3dev/portlibs/ppu/lib/libfreetype.a(ftbase.o)
                0x000000000002d864                .FT_Stream_Skip
 .text.FT_Stream_Pos
                0x000000000002d8d8       0x34 /usr/local/ps3dev/portlibs/ppu/lib/libfreetype.a(ftbase.o)
                0x000000000002d8d8                .FT_Stream_Pos
 .text.FT_Stream_Read
                0x000000000002d90c       0x64 /usr/local/ps3dev/portlibs/ppu/lib/libfreetype.a(ftbase.o)
                0x000000000002d90c                .FT_Stream_Read
 .text.FT_Stream_ReadAt
                0x000000000002d970      0x13c /usr/local/ps3dev/portlibs/ppu/lib/libfreetype.a(ftbase.o)
                0x000000000002d970                .FT_Stream_ReadAt
 .text.FT_Stream_TryRead
                0x000000000002daac      0x134 /usr/local/ps3dev/portlibs/ppu/lib/libfreetype.a(ftbase.o)
                0x000000000002daac                .FT_Stream_TryRead
 .text.FT_Stream_ExtractFrame
                0x000000000002dbe0       0x94 /usr/local/ps3dev/portlibs/ppu/lib/libfreetype.a(ftbase.o)
                0x000000000002dbe0                .FT_Stream_ExtractFrame
 .text.FT_Stream_ReleaseFrame
                0x000000000002dc74       0x94 /usr/local/ps3dev/portlibs/ppu/lib/libfreetype.a(ftbase.o)
                0x000000000002dc74                .FT_Stream_ReleaseFrame
 .text.FT_Stream_EnterFrame
                0x000000000002dd08      0x21c /usr/local/ps3dev/portlibs/ppu/lib/libfreetype.a(ftbase.o)
                0x000000000002dd08                .FT_Stream_EnterFrame
 .text.FT_Stream_ExitFrame
                0x000000000002df24       0x90 /usr/local/ps3dev/portlibs/ppu/lib/libfreetype.a(ftbase.o)
                0x000000000002df24                .FT_Stream_ExitFrame
 .text.FT_Stream_GetChar
                0x000000000002dfb4       0x70 /usr/local/ps3dev/portlibs/ppu/lib/libfreetype.a(ftbase.o)
                0x000000000002dfb4                .FT_Stream_GetChar
 .text.FT_Stream_GetShort
                0x000000000002e024       0xb4 /usr/local/ps3dev/portlibs/ppu/lib/libfreetype.a(ftbase.o)
                0x000000000002e024                .FT_Stream_GetShort
 .text.FT_Stream_GetShortLE
                0x000000000002e0d8       0xb4 /usr/local/ps3dev/portlibs/ppu/lib/libfreetype.a(ftbase.o)
                0x000000000002e0d8                .FT_Stream_GetShortLE
 .text.FT_Stream_GetOffset
                0x000000000002e18c       0xd4 /usr/local/ps3dev/portlibs/ppu/lib/libfreetype.a(ftbase.o)
                0x000000000002e18c                .FT_Stream_GetOffset
 .text.FT_Stream_GetLong
                0x000000000002e260       0xf8 /usr/local/ps3dev/portlibs/ppu/lib/libfreetype.a(ftbase.o)
                0x000000000002e260                .FT_Stream_GetLong
 .text.FT_Stream_GetLongLE
                0x000000000002e358       0xf8 /usr/local/ps3dev/portlibs/ppu/lib/libfreetype.a(ftbase.o)
                0x000000000002e358                .FT_Stream_GetLongLE
 .text.FT_Stream_ReadChar
                0x000000000002e450      0x11c /usr/local/ps3dev/portlibs/ppu/lib/libfreetype.a(ftbase.o)
                0x000000000002e450                .FT_Stream_ReadChar
 .text.FT_Stream_ReadShort
                0x000000000002e56c      0x188 /usr/local/ps3dev/portlibs/ppu/lib/libfreetype.a(ftbase.o)
                0x000000000002e56c                .FT_Stream_ReadShort
 .text.FT_Stream_ReadShortLE
                0x000000000002e6f4      0x188 /usr/local/ps3dev/portlibs/ppu/lib/libfreetype.a(ftbase.o)
                0x000000000002e6f4                .FT_Stream_ReadShortLE
 .text.FT_Stream_ReadOffset
                0x000000000002e87c      0x1a8 /usr/local/ps3dev/portlibs/ppu/lib/libfreetype.a(ftbase.o)
                0x000000000002e87c                .FT_Stream_ReadOffset
 .text.FT_Stream_ReadLong
                0x000000000002ea24      0x1cc /usr/local/ps3dev/portlibs/ppu/lib/libfreetype.a(ftbase.o)
                0x000000000002ea24                .FT_Stream_ReadLong
 .text.FT_Stream_ReadLongLE
                0x000000000002ebf0      0x1cc /usr/local/ps3dev/portlibs/ppu/lib/libfreetype.a(ftbase.o)
                0x000000000002ebf0                .FT_Stream_ReadLongLE
 .text.FT_Stream_ReadFields
                0x000000000002edbc      0x5e0 /usr/local/ps3dev/portlibs/ppu/lib/libfreetype.a(ftbase.o)
                0x000000000002edbc                .FT_Stream_ReadFields
 .text.ft_trig_downscale
                0x000000000002f39c      0x150 /usr/local/ps3dev/portlibs/ppu/lib/libfreetype.a(ftbase.o)
 .text.ft_trig_prenorm
                0x000000000002f4ec      0x1c4 /usr/local/ps3dev/portlibs/ppu/lib/libfreetype.a(ftbase.o)
 .text.ft_trig_pseudo_rotate
                0x000000000002f6b0      0x25c /usr/local/ps3dev/portlibs/ppu/lib/libfreetype.a(ftbase.o)
 .text.ft_trig_pseudo_polarize
                0x000000000002f90c      0x274 /usr/local/ps3dev/portlibs/ppu/lib/libfreetype.a(ftbase.o)
 .text.FT_Cos   0x000000000002fb80       0x6c /usr/local/ps3dev/portlibs/ppu/lib/libfreetype.a(ftbase.o)
                0x000000000002fb80                .FT_Cos
 .text.FT_Sin   0x000000000002fbec       0x54 /usr/local/ps3dev/portlibs/ppu/lib/libfreetype.a(ftbase.o)
                0x000000000002fbec                .FT_Sin
 .text.FT_Tan   0x000000000002fc40       0x78 /usr/local/ps3dev/portlibs/ppu/lib/libfreetype.a(ftbase.o)
                0x000000000002fc40                .FT_Tan
 .text.FT_Atan2
                0x000000000002fcb8       0x8c /usr/local/ps3dev/portlibs/ppu/lib/libfreetype.a(ftbase.o)
                0x000000000002fcb8                .FT_Atan2
 .text.FT_Vector_Unit
                0x000000000002fd44       0x90 /usr/local/ps3dev/portlibs/ppu/lib/libfreetype.a(ftbase.o)
                0x000000000002fd44                .FT_Vector_Unit
 .text.FT_Vector_Rotate
                0x000000000002fdd4      0x17c /usr/local/ps3dev/portlibs/ppu/lib/libfreetype.a(ftbase.o)
                0x000000000002fdd4                .FT_Vector_Rotate
 .text.FT_Vector_Length
                0x000000000002ff50      0x114 /usr/local/ps3dev/portlibs/ppu/lib/libfreetype.a(ftbase.o)
                0x000000000002ff50                .FT_Vector_Length
 .text.FT_Vector_Polarize
                0x0000000000030064       0xf0 /usr/local/ps3dev/portlibs/ppu/lib/libfreetype.a(ftbase.o)
                0x0000000000030064                .FT_Vector_Polarize
 .text.FT_Vector_From_Polar
                0x0000000000030154       0x68 /usr/local/ps3dev/portlibs/ppu/lib/libfreetype.a(ftbase.o)
                0x0000000000030154                .FT_Vector_From_Polar
 .text.FT_Angle_Diff
                0x00000000000301bc       0xb4 /usr/local/ps3dev/portlibs/ppu/lib/libfreetype.a(ftbase.o)
                0x00000000000301bc                .FT_Angle_Diff
 .text.ft_mem_alloc
                0x0000000000030270       0xa4 /usr/local/ps3dev/portlibs/ppu/lib/libfreetype.a(ftbase.o)
                0x0000000000030270                .ft_mem_alloc
 .text.ft_mem_qalloc
                0x0000000000030314       0xcc /usr/local/ps3dev/portlibs/ppu/lib/libfreetype.a(ftbase.o)
                0x0000000000030314                .ft_mem_qalloc
 .text.ft_mem_realloc
                0x00000000000303e0       0xf0 /usr/local/ps3dev/portlibs/ppu/lib/libfreetype.a(ftbase.o)
                0x00000000000303e0                .ft_mem_realloc
 .text.ft_mem_qrealloc
                0x00000000000304d0      0x1a0 /usr/local/ps3dev/portlibs/ppu/lib/libfreetype.a(ftbase.o)
                0x00000000000304d0                .ft_mem_qrealloc
 .text.ft_mem_free
                0x0000000000030670       0x78 /usr/local/ps3dev/portlibs/ppu/lib/libfreetype.a(ftbase.o)
                0x0000000000030670                .ft_mem_free
 .text.ft_mem_dup
                0x00000000000306e8       0xa8 /usr/local/ps3dev/portlibs/ppu/lib/libfreetype.a(ftbase.o)
                0x00000000000306e8                .ft_mem_dup
 .text.ft_mem_strdup
                0x0000000000030790       0x88 /usr/local/ps3dev/portlibs/ppu/lib/libfreetype.a(ftbase.o)
                0x0000000000030790                .ft_mem_strdup
 .text.ft_mem_strcpyn
                0x0000000000030818       0xa8 /usr/local/ps3dev/portlibs/ppu/lib/libfreetype.a(ftbase.o)
                0x0000000000030818                .ft_mem_strcpyn
 .text.FT_List_Find
                0x00000000000308c0       0x78 /usr/local/ps3dev/portlibs/ppu/lib/libfreetype.a(ftbase.o)
                0x00000000000308c0                .FT_List_Find
 .text.FT_List_Add
                0x0000000000030938       0x88 /usr/local/ps3dev/portlibs/ppu/lib/libfreetype.a(ftbase.o)
                0x0000000000030938                .FT_List_Add
 .text.FT_List_Insert
                0x00000000000309c0       0x88 /usr/local/ps3dev/portlibs/ppu/lib/libfreetype.a(ftbase.o)
                0x00000000000309c0                .FT_List_Insert
 .text.FT_List_Remove
                0x0000000000030a48       0x98 /usr/local/ps3dev/portlibs/ppu/lib/libfreetype.a(ftbase.o)
                0x0000000000030a48                .FT_List_Remove
 .text.FT_List_Up
                0x0000000000030ae0       0xc4 /usr/local/ps3dev/portlibs/ppu/lib/libfreetype.a(ftbase.o)
                0x0000000000030ae0                .FT_List_Up
 .text.FT_List_Iterate
                0x0000000000030ba4       0xc8 /usr/local/ps3dev/portlibs/ppu/lib/libfreetype.a(ftbase.o)
                0x0000000000030ba4                .FT_List_Iterate
 .text.FT_List_Finalize
                0x0000000000030c6c       0xe8 /usr/local/ps3dev/portlibs/ppu/lib/libfreetype.a(ftbase.o)
                0x0000000000030c6c                .FT_List_Finalize
 .text.ft_highpow2
                0x0000000000030d54       0x68 /usr/local/ps3dev/portlibs/ppu/lib/libfreetype.a(ftbase.o)
                0x0000000000030d54                .ft_highpow2
 .text.FT_Alloc
                0x0000000000030dbc       0x6c /usr/local/ps3dev/portlibs/ppu/lib/libfreetype.a(ftbase.o)
                0x0000000000030dbc                .FT_Alloc
 .text.FT_QAlloc
                0x0000000000030e28       0x6c /usr/local/ps3dev/portlibs/ppu/lib/libfreetype.a(ftbase.o)
                0x0000000000030e28                .FT_QAlloc
 .text.FT_Realloc
                0x0000000000030e94       0x84 /usr/local/ps3dev/portlibs/ppu/lib/libfreetype.a(ftbase.o)
                0x0000000000030e94                .FT_Realloc
 .text.FT_QRealloc
                0x0000000000030f18       0x84 /usr/local/ps3dev/portlibs/ppu/lib/libfreetype.a(ftbase.o)
                0x0000000000030f18                .FT_QRealloc
 .text.FT_Free  0x0000000000030f9c       0x70 /usr/local/ps3dev/portlibs/ppu/lib/libfreetype.a(ftbase.o)
                0x0000000000030f9c                .FT_Free
 .text          0x000000000003100c        0x0 /usr/local/ps3dev/portlibs/ppu/lib/libfreetype.a(truetype.o)
 .text.tt_get_kerning
                0x000000000003100c       0xd8 /usr/local/ps3dev/portlibs/ppu/lib/libfreetype.a(truetype.o)
 .text.tt_get_advances
                0x00000000000310e4      0x188 /usr/local/ps3dev/portlibs/ppu/lib/libfreetype.a(truetype.o)
 .text.tt_size_select
                0x000000000003126c      0x118 /usr/local/ps3dev/portlibs/ppu/lib/libfreetype.a(truetype.o)
 .text.tt_size_request
                0x0000000000031384      0x13c /usr/local/ps3dev/portlibs/ppu/lib/libfreetype.a(truetype.o)
 .text.Load_Glyph
                0x00000000000314c0      0x1a8 /usr/local/ps3dev/portlibs/ppu/lib/libfreetype.a(truetype.o)
 .text.tt_get_interface
                0x0000000000031668       0xf8 /usr/local/ps3dev/portlibs/ppu/lib/libfreetype.a(truetype.o)
 .text.tt_face_load_loca
                0x0000000000031760      0x2dc /usr/local/ps3dev/portlibs/ppu/lib/libfreetype.a(truetype.o)
 .text.tt_face_get_location
                0x0000000000031a3c      0x388 /usr/local/ps3dev/portlibs/ppu/lib/libfreetype.a(truetype.o)
 .text.tt_face_done_loca
                0x0000000000031dc4       0x6c /usr/local/ps3dev/portlibs/ppu/lib/libfreetype.a(truetype.o)
 .text.tt_face_load_cvt
                0x0000000000031e30      0x204 /usr/local/ps3dev/portlibs/ppu/lib/libfreetype.a(truetype.o)
 .text.tt_face_load_fpgm
                0x0000000000032034       0xf4 /usr/local/ps3dev/portlibs/ppu/lib/libfreetype.a(truetype.o)
 .text.tt_face_load_prep
                0x0000000000032128       0xf4 /usr/local/ps3dev/portlibs/ppu/lib/libfreetype.a(truetype.o)
 .text.tt_face_load_hdmx
                0x000000000003221c      0x39c /usr/local/ps3dev/portlibs/ppu/lib/libfreetype.a(truetype.o)
 .text.tt_face_free_hdmx
                0x00000000000325b8       0x90 /usr/local/ps3dev/portlibs/ppu/lib/libfreetype.a(truetype.o)
 .text.tt_face_get_device_metrics
                0x0000000000032648      0x100 /usr/local/ps3dev/portlibs/ppu/lib/libfreetype.a(truetype.o)
 .text.TT_Get_HMetrics
                0x0000000000032748       0xc4 /usr/local/ps3dev/portlibs/ppu/lib/libfreetype.a(truetype.o)
 .text.TT_Get_VMetrics
                0x000000000003280c       0xc8 /usr/local/ps3dev/portlibs/ppu/lib/libfreetype.a(truetype.o)
 .text.tt_get_metrics
                0x00000000000328d4      0x15c /usr/local/ps3dev/portlibs/ppu/lib/libfreetype.a(truetype.o)
 .text.tt_get_metrics_incr_overrides