Archive member included because of file (symbol)

/usr/local/ps3dev/portlibs/ppu/lib/libtiny3d.a(rsxutil.o)
                              main.o (Video_Resolution)
/usr/local/ps3dev/portlibs/ppu/lib/libtiny3d.a(tiny3d.o)
                              /usr/local/ps3dev/portlibs/ppu/lib/libtiny3d.a(rsxutil.o) (internal_reality_SetRenderSurface)
/usr/local/ps3dev/portlibs/ppu/lib/libtiny3d.a(vshader_text_normal.vcg.o)
                              /usr/local/ps3dev/portlibs/ppu/lib/libtiny3d.a(tiny3d.o) (vshader_text_normal_bin)
/usr/local/ps3dev/portlibs/ppu/lib/libtiny3d.a(realityVP.o)
                              /usr/local/ps3dev/portlibs/ppu/lib/libtiny3d.a(tiny3d.o) (internal_reality_VertexProgramGetUCode)
/usr/local/ps3dev/portlibs/ppu/lib/libtiny3d.a(matrix.o)
                              /usr/local/ps3dev/portlibs/ppu/lib/libtiny3d.a(tiny3d.o) (MatrixVectorMultiply)
/usr/local/ps3dev/ppu/lib/libgcm_sys.a(sprx.o)
                              /usr/local/ps3dev/portlibs/ppu/lib/libtiny3d.a(rsxutil.o) (gcmSetFlip)
/usr/local/ps3dev/portlibs/ppu/lib/libfont.a(libfont.o)
                              main.o (ResetFont)
/usr/local/ps3dev/ppu/lib/libio.a(sprx.o)
                              main.o (ioPadInit)
/usr/local/ps3dev/ppu/lib/gcc/powerpc64-ps3-elf/7.2.0/../../../../powerpc64-ps3-elf/lib/libm.a(lib_a-sf_cos.o)
                              /usr/local/ps3dev/portlibs/ppu/lib/libtiny3d.a(matrix.o) (cosf)
/usr/local/ps3dev/ppu/lib/gcc/powerpc64-ps3-elf/7.2.0/../../../../powerpc64-ps3-elf/lib/libm.a(lib_a-sf_sin.o)
                              /usr/local/ps3dev/portlibs/ppu/lib/libtiny3d.a(matrix.o) (sinf)
/usr/local/ps3dev/ppu/lib/gcc/powerpc64-ps3-elf/7.2.0/../../../../powerpc64-ps3-elf/lib/libm.a(lib_a-sf_tan.o)
                              /usr/local/ps3dev/portlibs/ppu/lib/libtiny3d.a(matrix.o) (tanf)
/usr/local/ps3dev/ppu/lib/gcc/powerpc64-ps3-elf/7.2.0/../../../../powerpc64-ps3-elf/lib/libm.a(lib_a-wf_sqrt.o)
                              /usr/local/ps3dev/portlibs/ppu/lib/libtiny3d.a(matrix.o) (sqrtf)
/usr/local/ps3dev/ppu/lib/gcc/powerpc64-ps3-elf/7.2.0/../../../../powerpc64-ps3-elf/lib/libm.a(lib_a-ef_rem_pio2.o)
                              /usr/local/ps3dev/ppu/lib/gcc/powerpc64-ps3-elf/7.2.0/../../../../powerpc64-ps3-elf/lib/libm.a(lib_a-sf_cos.o) (__ieee754_rem_pio2f)
/usr/local/ps3dev/ppu/lib/gcc/powerpc64-ps3-elf/7.2.0/../../../../powerpc64-ps3-elf/lib/libm.a(lib_a-ef_sqrt.o)
                              /usr/local/ps3dev/ppu/lib/gcc/powerpc64-ps3-elf/7.2.0/../../../../powerpc64-ps3-elf/lib/libm.a(lib_a-wf_sqrt.o) (__ieee754_sqrtf)
/usr/local/ps3dev/ppu/lib/gcc/powerpc64-ps3-elf/7.2.0/../../../../powerpc64-ps3-elf/lib/libm.a(lib_a-kf_cos.o)
                              /usr/local/ps3dev/ppu/lib/gcc/powerpc64-ps3-elf/7.2.0/../../../../powerpc64-ps3-elf/lib/libm.a(lib_a-sf_cos.o) (__kernel_cosf)
/usr/local/ps3dev/ppu/lib/gcc/powerpc64-ps3-elf/7.2.0/../../../../powerpc64-ps3-elf/lib/libm.a(lib_a-kf_rem_pio2.o)
                              /usr/local/ps3dev/ppu/lib/gcc/powerpc64-ps3-elf/7.2.0/../../../../powerpc64-ps3-elf/lib/libm.a(lib_a-ef_rem_pio2.o) (__kernel_rem_pio2f)
/usr/local/ps3dev/ppu/lib/gcc/powerpc64-ps3-elf/7.2.0/../../../../powerpc64-ps3-elf/lib/libm.a(lib_a-kf_sin.o)
                              /usr/local/ps3dev/ppu/lib/gcc/powerpc64-ps3-elf/7.2.0/../../../../powerpc64-ps3-elf/lib/libm.a(lib_a-sf_cos.o) (__kernel_sinf)
/usr/local/ps3dev/ppu/lib/gcc/powerpc64-ps3-elf/7.2.0/../../../../powerpc64-ps3-elf/lib/libm.a(lib_a-kf_tan.o)
                              /usr/local/ps3dev/ppu/lib/gcc/powerpc64-ps3-elf/7.2.0/../../../../powerpc64-ps3-elf/lib/libm.a(lib_a-sf_tan.o) (__kernel_tanf)
/usr/local/ps3dev/ppu/lib/gcc/powerpc64-ps3-elf/7.2.0/../../../../powerpc64-ps3-elf/lib/libm.a(lib_a-s_lib_ver.o)
                              /usr/local/ps3dev/ppu/lib/gcc/powerpc64-ps3-elf/7.2.0/../../../../powerpc64-ps3-elf/lib/libm.a(lib_a-wf_sqrt.o) (__fdlib_version)
/usr/local/ps3dev/ppu/lib/gcc/powerpc64-ps3-elf/7.2.0/../../../../powerpc64-ps3-elf/lib/libm.a(lib_a-s_matherr.o)
                              /usr/local/ps3dev/ppu/lib/gcc/powerpc64-ps3-elf/7.2.0/../../../../powerpc64-ps3-elf/lib/libm.a(lib_a-wf_sqrt.o) (matherr)
/usr/local/ps3dev/ppu/lib/gcc/powerpc64-ps3-elf/7.2.0/../../../../powerpc64-ps3-elf/lib/libm.a(lib_a-sf_fabs.o)
                              /usr/local/ps3dev/ppu/lib/gcc/powerpc64-ps3-elf/7.2.0/../../../../powerpc64-ps3-elf/lib/libm.a(lib_a-ef_rem_pio2.o) (fabsf)
/usr/local/ps3dev/ppu/lib/gcc/powerpc64-ps3-elf/7.2.0/../../../../powerpc64-ps3-elf/lib/libm.a(lib_a-sf_floor.o)
                              /usr/local/ps3dev/ppu/lib/gcc/powerpc64-ps3-elf/7.2.0/../../../../powerpc64-ps3-elf/lib/libm.a(lib_a-kf_rem_pio2.o) (floorf)
/usr/local/ps3dev/ppu/lib/gcc/powerpc64-ps3-elf/7.2.0/../../../../powerpc64-ps3-elf/lib/libm.a(lib_a-sf_fpclassify.o)
[...]
Memory Configuration

Name             Origin             Length             Attributes
*default*        0x0000000000000000 0xffffffffffffffff

Linker script and memory map

                0x0000000000010000                PROVIDE (__executable_start, 0x10000)
                0x0000000000010200                . = (0x10000 + SIZEOF_HEADERS)

.interp
 *(.interp)

.hash
 *(.hash)

.dynsym
 *(.dynsym)

.dynstr
 *(.dynstr)

.gnu.version
 *(.gnu.version)

.gnu.version_d
 *(.gnu.version_d)

.gnu.version_r
 *(.gnu.version_r)

.rel.dyn
 *(.rel.init)
 *(.rel.text .rel.text.* .rel.gnu.linkonce.t.*)
 *(.rel.fini)
 *(.rel.rodata .rel.rodata.* .rel.gnu.linkonce.r.*)
 *(.rel.data.rel.ro*)
 *(.rel.data .rel.data.* .rel.gnu.linkonce.d.*)
 *(.rel.tdata .rel.tdata.* .rel.gnu.linkonce.td.*)
 *(.rel.tbss .rel.tbss.* .rel.gnu.linkonce.tb.*)
 *(.rel.ctors)
 *(.rel.dtors)
 *(.rel.got)
 *(.rel.sdata .rel.sdata.* .rel.gnu.linkonce.s.*)
 *(.rel.sbss .rel.sbss.* .rel.gnu.linkonce.sb.*)
 *(.rel.sdata2 .rel.sdata2.* .rel.gnu.linkonce.s2.*)
 *(.rel.sbss2 .rel.sbss2.* .rel.gnu.linkonce.sb2.*)
 *(.rel.bss .rel.bss.* .rel.gnu.linkonce.b.*)

.rela.dyn       0x0000000000010200        0x0
 *(.rela.init)
 *(.rela.text .rela.text.* .rela.gnu.linkonce.t.*)
 *(.rela.fini)
 *(.rela.rodata .rela.rodata.* .rela.gnu.linkonce.r.*)
 *(.rela.data .rela.data.* .rela.gnu.linkonce.d.*)
 .rela.data.rel.ro.ft_default_modules
                0x0000000000000000        0x0 linker stubs
 *(.rela.tdata .rela.tdata.* .rela.gnu.linkonce.td.*)
 *(.rela.tbss .rela.tbss.* .rela.gnu.linkonce.tb.*)
 *(.rela.ctors)
 *(.rela.dtors)
 *(.rela.got)
 *(.rela.toc)
 .rela.toc      0x0000000000000000        0x0 linker stubs
 *(.rela.sdata .rela.sdata.* .rela.gnu.linkonce.s.*)
 *(.rela.sbss .rela.sbss.* .rela.gnu.linkonce.sb.*)
 *(.rela.sdata2 .rela.sdata2.* .rela.gnu.linkonce.s2.*)
 *(.rela.sbss2 .rela.sbss2.* .rela.gnu.linkonce.sb2.*)
 *(.rela.bss .rela.bss.* .rela.gnu.linkonce.b.*)
 .rela.iplt     0x0000000000000000        0x0 linker stubs
 .rela.sys_proc_prx_param
                0x0000000000000000        0x0 linker stubs
 .rela.opd      0x0000000000000000        0x0 linker stubs

.rel.plt
 *(.rel.plt)

.rela.plt
 *(.rela.plt)

.rela.tocbss
 *(.rela.tocbss)

.init           0x0000000000010200       0x2c
 *(.init)
 .init          0x0000000000010200        0xc /usr/local/ps3dev/ppu/lib/gcc/powerpc64-ps3-elf/7.2.0/../../../../powerpc64-ps3-elf/lib/lv2-crti.o
                0x0000000000010200                ._init
 .init          0x000000000001020c        0x8 /usr/local/ps3dev/ppu/lib/gcc/powerpc64-ps3-elf/7.2.0/crtbegin.o
 .init          0x0000000000010214        0x8 /usr/local/ps3dev/ppu/lib/gcc/powerpc64-ps3-elf/7.2.0/crtend.o
 .init          0x000000000001021c       0x10 /usr/local/ps3dev/ppu/lib/gcc/powerpc64-ps3-elf/7.2.0/../../../../powerpc64-ps3-elf/lib/lv2-crtn.o

.text           0x0000000000010230    0xce8bc
 *(.text .stub .text.* .gnu.linkonce.t.*)
 .text          0x0000000000010230        0x0 /usr/local/ps3dev/ppu/lib/gcc/powerpc64-ps3-elf/7.2.0/../../../../powerpc64-ps3-elf/lib/lv2-crti.o
 .text          0x0000000000010230        0x0 /usr/local/ps3dev/ppu/lib/gcc/powerpc64-ps3-elf/7.2.0/crtbegin.o
 .text.deregister_tm_clones
                0x0000000000010230       0x54 /usr/local/ps3dev/ppu/lib/gcc/powerpc64-ps3-elf/7.2.0/crtbegin.o
 *fill*         0x0000000000010284        0x4 60000000
 .text.register_tm_clones
                0x0000000000010288       0x60 /usr/local/ps3dev/ppu/lib/gcc/powerpc64-ps3-elf/7.2.0/crtbegin.o
 .text.__do_global_dtors_aux
                0x00000000000102e8       0xd4 /usr/local/ps3dev/ppu/lib/gcc/powerpc64-ps3-elf/7.2.0/crtbegin.o
 *fill*         0x00000000000103bc        0x4 60000000
 .text.frame_dummy
                0x00000000000103c0       0x38 /usr/local/ps3dev/ppu/lib/gcc/powerpc64-ps3-elf/7.2.0/crtbegin.o
 .text          0x00000000000103f8       0x58 /usr/local/ps3dev/ppu/lib/gcc/powerpc64-ps3-elf/7.2.0/../../../../powerpc64-ps3-elf/lib/lv2-crt0.o
                0x00000000000103f8                ._start
 .text.startup.__syscalls_init
                0x0000000000010450      0x134 /usr/local/ps3dev/ppu/lib/gcc/powerpc64-ps3-elf/7.2.0/../../../../powerpc64-ps3-elf/lib/lv2-crt0.o
 *fill*         0x0000000000010584        0x4 60000000
 .text._initialize
                0x0000000000010588       0x40 /usr/local/ps3dev/ppu/lib/gcc/powerpc64-ps3-elf/7.2.0/../../../../powerpc64-ps3-elf/lib/lv2-crt0.o
                0x0000000000010588                ._initialize
 .text          0x00000000000105c8        0x0 /usr/local/ps3dev/ppu/lib/gcc/powerpc64-ps3-elf/7.2.0/../../../../powerpc64-ps3-elf/lib/lv2-sprx.o
 .text          0x00000000000105c8        0x0 PS_ttf.bin.o
 .text          0x00000000000105c8        0x0 main.o
 .text.TTF_to_Bitmap
                0x00000000000105c8      0x210 main.o
                0x00000000000105c8                .TTF_to_Bitmap
 .text.TTFLoadFont
                0x00000000000107d8      0x104 main.o
                0x00000000000107d8                .TTFLoadFont
 *fill*         0x00000000000108dc        0x4 60000000
 .text.TTFUnloadFont
                0x00000000000108e0       0x44 main.o
                0x00000000000108e0                .TTFUnloadFont
 *fill*         0x0000000000010924        0x4 60000000
 .text.cls      0x0000000000010928       0x78 main.o
                0x0000000000010928                .cls
 .text.DrawPressure
                0x00000000000109a0       0xf8 main.o
                0x00000000000109a0                .DrawPressure
 .text.Init_Graph
                0x0000000000010a98      0x154 main.o
                0x0000000000010a98                .Init_Graph
 *fill*         0x0000000000010bec        0x4 60000000
 .text.startup.main
                0x0000000000010bf0     0x1004 main.o
                0x0000000000010bf0                .main
 .text          0x0000000000011bf4        0x0 pad.o
 *fill*         0x0000000000011bf4        0x4 60000000
 .text.ps3pad_read
                0x0000000000011bf8      0x124 pad.o
                0x0000000000011bf8                .ps3pad_read
 .text          0x0000000000011d1c        0x0 /usr/local/ps3dev/portlibs/ppu/lib/libtiny3d.a(rsxutil.o)
 *fill*         0x0000000000011d1c        0x4 60000000
 .text.waitFlip
                0x0000000000011d20       0x50 /usr/local/ps3dev/portlibs/ppu/lib/libtiny3d.a(rsxutil.o)
                0x0000000000011d20                .waitFlip
 .text.flip     0x0000000000011d70       0x7c /usr/local/ps3dev/portlibs/ppu/lib/libtiny3d.a(rsxutil.o)
                0x0000000000011d70                .flip
 *fill*         0x0000000000011dec        0x4 60000000
 .text.init_screen
                0x0000000000011df0      0x4a4 /usr/local/ps3dev/portlibs/ppu/lib/libtiny3d.a(rsxutil.o)
                0x0000000000011df0                .init_screen
 *fill*         0x0000000000012294        0x4 60000000
 .text.setupRenderTarget
                0x0000000000012298       0xb4 /usr/local/ps3dev/portlibs/ppu/lib/libtiny3d.a(rsxutil.o)
                0x0000000000012298                .setupRenderTarget
 *fill*         0x000000000001234c        0x4 60000000
 .text.setupRenderTarget2
                0x0000000000012350       0xdc /usr/local/ps3dev/portlibs/ppu/lib/libtiny3d.a(rsxutil.o)
                0x0000000000012350                .setupRenderTarget2
 .text          0x000000000001242c        0x0 /usr/local/ps3dev/portlibs/ppu/lib/libtiny3d.a(tiny3d.o)
 *fill*         0x000000000001242c        0x4 60000000
 .text.put_vertex
                0x0000000000012430      0x1c8 /usr/local/ps3dev/portlibs/ppu/lib/libtiny3d.a(tiny3d.o)
 .text.push_list_cmd
                0x00000000000125f8      0x16c /usr/local/ps3dev/portlibs/ppu/lib/libtiny3d.a(tiny3d.o)
 *fill*         0x0000000000012764        0x4 60000000
 .text.tiny3d_callback
                0x0000000000012768      0x180 /usr/local/ps3dev/portlibs/ppu/lib/libtiny3d.a(tiny3d.o)
 .text.push_normal_list
                0x00000000000128e8      0x198 /usr/local/ps3dev/portlibs/ppu/lib/libtiny3d.a(tiny3d.o)
 .text.push_position_list
                0x0000000000012a80      0x1b0 /usr/local/ps3dev/portlibs/ppu/lib/libtiny3d.a(tiny3d.o)
 .text.internal_commandBufferPutCmd1
                0x0000000000012c30       0x2c /usr/local/ps3dev/portlibs/ppu/lib/libtiny3d.a(tiny3d.o)
                0x0000000000012c30                .internal_commandBufferPutCmd1
 *fill*         0x0000000000012c5c        0x4 60000000
 .text.internal_commandBufferPutCmd2
                0x0000000000012c60       0x30 /usr/local/ps3dev/portlibs/ppu/lib/libtiny3d.a(tiny3d.o)
                0x0000000000012c60                .internal_commandBufferPutCmd2
 .text.internal_commandBufferPutCmd3
                0x0000000000012c90       0x34 /usr/local/ps3dev/portlibs/ppu/lib/libtiny3d.a(tiny3d.o)
                0x0000000000012c90                .internal_commandBufferPutCmd3
 *fill*         0x0000000000012cc4        0x4 60000000
 .text.internal_commandBufferPutCmd4
                0x0000000000012cc8       0x38 /usr/local/ps3dev/portlibs/ppu/lib/libtiny3d.a(tiny3d.o)
                0x0000000000012cc8                .internal_commandBufferPutCmd4
 .text.internal_commandBufferPutCmd5
                0x0000000000012d00       0x3c /usr/local/ps3dev/portlibs/ppu/lib/libtiny3d.a(tiny3d.o)
                0x0000000000012d00                .internal_commandBufferPutCmd5
 *fill*         0x0000000000012d3c        0x4 60000000
 .text.internal_commandBufferPutCmd6
                0x0000000000012d40       0x40 /usr/local/ps3dev/portlibs/ppu/lib/libtiny3d.a(tiny3d.o)
                0x0000000000012d40                .internal_commandBufferPutCmd6
 .text.internal_commandBufferPutCmd7
                0x0000000000012d80       0x48 /usr/local/ps3dev/portlibs/ppu/lib/libtiny3d.a(tiny3d.o)
                0x0000000000012d80                .internal_commandBufferPutCmd7
 .text.internal_commandBufferPutCmd8
                0x0000000000012dc8       0x50 /usr/local/ps3dev/portlibs/ppu/lib/libtiny3d.a(tiny3d.o)
                0x0000000000012dc8                .internal_commandBufferPutCmd8
 .text.internal_reality_SetClearColor
                0x0000000000012e18       0xd0 /usr/local/ps3dev/portlibs/ppu/lib/libtiny3d.a(tiny3d.o)
                0x0000000000012e18                .internal_reality_SetClearColor
 .text.internal_reality_SetClearDepthValue
                0x0000000000012ee8       0xd0 /usr/local/ps3dev/portlibs/ppu/lib/libtiny3d.a(tiny3d.o)
                0x0000000000012ee8                .internal_reality_SetClearDepthValue
 .text.internal_reality_Nop
                0x0000000000012fb8       0xbc /usr/local/ps3dev/portlibs/ppu/lib/libtiny3d.a(tiny3d.o)
                0x0000000000012fb8                .internal_reality_Nop
 *fill*         0x0000000000013074        0x4 60000000
 .text.internal_reality_ClearBuffers
                0x0000000000013078       0xc0 /usr/local/ps3dev/portlibs/ppu/lib/libtiny3d.a(tiny3d.o)
                0x0000000000013078                .internal_reality_ClearBuffers
 .text.internal_reality_SetRenderSurface
                0x0000000000013138      0x100 /usr/local/ps3dev/portlibs/ppu/lib/libtiny3d.a(tiny3d.o)
                0x0000000000013138                .internal_reality_SetRenderSurface
 .text.internal_reality_SelectRenderTarget
                0x0000000000013238      0x184 /usr/local/ps3dev/portlibs/ppu/lib/libtiny3d.a(tiny3d.o)
                0x0000000000013238                .internal_reality_SelectRenderTarget
 *fill*         0x00000000000133bc        0x4 60000000
 .text.internal_reality_Viewport
                0x00000000000133c0       0xec /usr/local/ps3dev/portlibs/ppu/lib/libtiny3d.a(tiny3d.o)
                0x00000000000133c0                .internal_reality_Viewport
 *fill*         0x00000000000134ac        0x4 60000000
 .text.internal_reality_ViewportClip
                0x00000000000134b0       0xd0 /usr/local/ps3dev/portlibs/ppu/lib/libtiny3d.a(tiny3d.o)
                0x00000000000134b0                .internal_reality_ViewportClip
 .text.internal_reality_VertexBegin
                0x0000000000013580       0xd0 /usr/local/ps3dev/portlibs/ppu/lib/libtiny3d.a(tiny3d.o)
                0x0000000000013580                .internal_reality_VertexBegin
 .text.internal_reality_VertexEnd
                0x0000000000013650       0xbc /usr/local/ps3dev/portlibs/ppu/lib/libtiny3d.a(tiny3d.o)
                0x0000000000013650                .internal_reality_VertexEnd
 *fill*         0x000000000001370c        0x4 60000000
 .text.internal_reality_Vertex4f
                0x0000000000013710       0xe8 /usr/local/ps3dev/portlibs/ppu/lib/libtiny3d.a(tiny3d.o)
                0x0000000000013710                .internal_reality_Vertex4f
 .text.internal_reality_TexCoord2f
                0x00000000000137f8       0xf0 /usr/local/ps3dev/portlibs/ppu/lib/libtiny3d.a(tiny3d.o)
                0x00000000000137f8                .internal_reality_TexCoord2f
 .text.internal_reality_LoadVertexProgram_old
                0x00000000000138e8      0x168 /usr/local/ps3dev/portlibs/ppu/lib/libtiny3d.a(tiny3d.o)
                0x00000000000138e8                .internal_reality_LoadVertexProgram_old
 .text.internal_reality_SetVertexProgramConstant4f
                0x0000000000013a50       0xd0 /usr/local/ps3dev/portlibs/ppu/lib/libtiny3d.a(tiny3d.o)
                0x0000000000013a50                .internal_reality_SetVertexProgramConstant4f
 .text.internal_reality_LoadVertexProgram
                0x0000000000013b20      0x274 /usr/local/ps3dev/portlibs/ppu/lib/libtiny3d.a(tiny3d.o)
                0x0000000000013b20                .internal_reality_LoadVertexProgram
 *fill*         0x0000000000013d94        0x4 60000000
 .text.Update_With_Normal
                0x0000000000013d98      0x2ac /usr/local/ps3dev/portlibs/ppu/lib/libtiny3d.a(tiny3d.o)
 *fill*         0x0000000000014044        0x4 60000000
 .text.internal_reality_SetVertexProgramConstant4fBlock
                0x0000000000014048       0x88 /usr/local/ps3dev/portlibs/ppu/lib/libtiny3d.a(tiny3d.o)
                0x0000000000014048                .internal_reality_SetVertexProgramConstant4fBlock
 .text.internal_reality_InstallFragmentProgram
                0x00000000000140d0       0x90 /usr/local/ps3dev/portlibs/ppu/lib/libtiny3d.a(tiny3d.o)
                0x00000000000140d0                .internal_reality_InstallFragmentProgram
 .text.internal_reality_LoadFragmentProgram
                0x0000000000014160       0xf4 /usr/local/ps3dev/portlibs/ppu/lib/libtiny3d.a(tiny3d.o)
                0x0000000000014160                .internal_reality_LoadFragmentProgram
 *fill*         0x0000000000014254        0x4 60000000
 .text.internal_reality_SetTexture
                0x0000000000014258      0x11c /usr/local/ps3dev/portlibs/ppu/lib/libtiny3d.a(tiny3d.o)
                0x0000000000014258                .internal_reality_SetTexture
 *fill*         0x0000000000014374        0x4 60000000
 .text.internal_reality_ViewportTranslate
                0x0000000000014378       0xe8 /usr/local/ps3dev/portlibs/ppu/lib/libtiny3d.a(tiny3d.o)
                0x0000000000014378                .internal_reality_ViewportTranslate
 .text.internal_reality_ViewportScale
                0x0000000000014460       0xe8 /usr/local/ps3dev/portlibs/ppu/lib/libtiny3d.a(tiny3d.o)
                0x0000000000014460                .internal_reality_ViewportScale
 .text.internal_reality_CullFace
                0x0000000000014548       0xd0 /usr/local/ps3dev/portlibs/ppu/lib/libtiny3d.a(tiny3d.o)
                0x0000000000014548                .internal_reality_CullFace
 .text.internal_reality_FrontFace
                0x0000000000014618       0xd0 /usr/local/ps3dev/portlibs/ppu/lib/libtiny3d.a(tiny3d.o)
                0x0000000000014618                .internal_reality_FrontFace
 .text.internal_reality_CullEnable
                0x00000000000146e8       0xd0 /usr/local/ps3dev/portlibs/ppu/lib/libtiny3d.a(tiny3d.o)
                0x00000000000146e8                .internal_reality_CullEnable
 .text.internal_reality_AlphaEnable
                0x00000000000147b8       0xd0 /usr/local/ps3dev/portlibs/ppu/lib/libtiny3d.a(tiny3d.o)
                0x00000000000147b8                .internal_reality_AlphaEnable
 .text.internal_reality_AlphaRef
                0x0000000000014888       0xd0 /usr/local/ps3dev/portlibs/ppu/lib/libtiny3d.a(tiny3d.o)
                0x0000000000014888                .internal_reality_AlphaRef
 .text.internal_reality_AlphaFunc
                0x0000000000014958       0xd0 /usr/local/ps3dev/portlibs/ppu/lib/libtiny3d.a(tiny3d.o)
                0x0000000000014958                .internal_reality_AlphaFunc
 .text.internal_reality_BlendEnable
                0x0000000000014a28       0xd0 /usr/local/ps3dev/portlibs/ppu/lib/libtiny3d.a(tiny3d.o)
                0x0000000000014a28                .internal_reality_BlendEnable
 .text.internal_reality_BlendEquation
                0x0000000000014af8       0xd0 /usr/local/ps3dev/portlibs/ppu/lib/libtiny3d.a(tiny3d.o)
                0x0000000000014af8                .internal_reality_BlendEquation
 .text.internal_reality_BlendFunc
                0x0000000000014bc8       0xdc /usr/local/ps3dev/portlibs/ppu/lib/libtiny3d.a(tiny3d.o)
                0x0000000000014bc8                .internal_reality_BlendFunc
 *fill*         0x0000000000014ca4        0x4 60000000
 .text.internal_reality_ZControl
                0x0000000000014ca8      0x100 /usr/local/ps3dev/portlibs/ppu/lib/libtiny3d.a(tiny3d.o)
                0x0000000000014ca8                .internal_reality_ZControl
 .text.internal_reality_BindVertexBufferAttribute
                0x0000000000014da8      0x100 /usr/local/ps3dev/portlibs/ppu/lib/libtiny3d.a(tiny3d.o)
                0x0000000000014da8                .internal_reality_BindVertexBufferAttribute
 .text.internal_reality_DrawVertexBuffer
                0x0000000000014ea8      0x274 /usr/local/ps3dev/portlibs/ppu/lib/libtiny3d.a(tiny3d.o)
                0x0000000000014ea8                .internal_reality_DrawVertexBuffer
 *fill*         0x000000000001511c        0x4 60000000
 .text.internal_reality_DrawVertexBufferIndex
                0x0000000000015120      0x2b4 /usr/local/ps3dev/portlibs/ppu/lib/libtiny3d.a(tiny3d.o)
                0x0000000000015120                .internal_reality_DrawVertexBufferIndex
 *fill*         0x00000000000153d4        0x4 60000000
 .text.internal_reality_DepthTestEnable
                0x00000000000153d8       0xd0 /usr/local/ps3dev/portlibs/ppu/lib/libtiny3d.a(tiny3d.o)
                0x00000000000153d8                .internal_reality_DepthTestEnable
 .text.internal_reality_DepthTestFunc
                0x00000000000154a8       0xd0 /usr/local/ps3dev/portlibs/ppu/lib/libtiny3d.a(tiny3d.o)
                0x00000000000154a8                .internal_reality_DepthTestFunc
 .text.internal_reality_DepthWriteEnable
                0x0000000000015578       0xd0 /usr/local/ps3dev/portlibs/ppu/lib/libtiny3d.a(tiny3d.o)
                0x0000000000015578                .internal_reality_DepthWriteEnable
 .text.tiny3d_RecordList
                0x0000000000015648       0xac /usr/local/ps3dev/portlibs/ppu/lib/libtiny3d.a(tiny3d.o)
                0x0000000000015648                .tiny3d_RecordList
 *fill*         0x00000000000156f4        0x4 60000000
 .text.tiny3d_StopList
                0x00000000000156f8      0x14c /usr/local/ps3dev/portlibs/ppu/lib/libtiny3d.a(tiny3d.o)
                0x00000000000156f8                .tiny3d_StopList
 *fill*         0x0000000000015844        0x4 60000000
 .text.tiny3d_FreeList
                0x0000000000015848       0xb4 /usr/local/ps3dev/portlibs/ppu/lib/libtiny3d.a(tiny3d.o)
                0x0000000000015848                .tiny3d_FreeList
 *fill*         0x00000000000158fc        0x4 60000000
 .text.tiny3d_DynamicMatrixList
                0x0000000000015900      0x104 /usr/local/ps3dev/portlibs/ppu/lib/libtiny3d.a(tiny3d.o)
                0x0000000000015900                .tiny3d_DynamicMatrixList
 *fill*         0x0000000000015a04        0x4 60000000
 .text.tiny3d_ApplyMatrixList
                0x0000000000015a08       0xc8 /usr/local/ps3dev/portlibs/ppu/lib/libtiny3d.a(tiny3d.o)
                0x0000000000015a08                .tiny3d_ApplyMatrixList
 .text.tiny3d_Init
                0x0000000000015ad0      0x510 /usr/local/ps3dev/portlibs/ppu/lib/libtiny3d.a(tiny3d.o)
                0x0000000000015ad0                .tiny3d_Init
 .text.tiny3d_SetPolygon
                0x0000000000015fe0      0x220 /usr/local/ps3dev/portlibs/ppu/lib/libtiny3d.a(tiny3d.o)
                0x0000000000015fe0                .tiny3d_SetPolygon
 .text.tiny3d_VertexPos
                0x0000000000016200       0xc8 /usr/local/ps3dev/portlibs/ppu/lib/libtiny3d.a(tiny3d.o)
                0x0000000000016200                .tiny3d_VertexPos
 .text.tiny3d_VertexPos4
                0x00000000000162c8       0xc8 /usr/local/ps3dev/portlibs/ppu/lib/libtiny3d.a(tiny3d.o)
                0x00000000000162c8                .tiny3d_VertexPos4
 .text.tiny3d_VertexPosVector
                0x0000000000016390       0xd8 /usr/local/ps3dev/portlibs/ppu/lib/libtiny3d.a(tiny3d.o)
                0x0000000000016390                .tiny3d_VertexPosVector
 .text.tiny3d_VertexColor
                0x0000000000016468       0xcc /usr/local/ps3dev/portlibs/ppu/lib/libtiny3d.a(tiny3d.o)
                0x0000000000016468                .tiny3d_VertexColor
 *fill*         0x0000000000016534        0x4 60000000
 .text.tiny3d_VertexFcolor
                0x0000000000016538      0x114 /usr/local/ps3dev/portlibs/ppu/lib/libtiny3d.a(tiny3d.o)
                0x0000000000016538                .tiny3d_VertexFcolor
 *fill*         0x000000000001664c        0x4 60000000
 .text.tiny3d_VertexTexture
                0x0000000000016650       0xe4 /usr/local/ps3dev/portlibs/ppu/lib/libtiny3d.a(tiny3d.o)
                0x0000000000016650                .tiny3d_VertexTexture
 *fill*         0x0000000000016734        0x4 60000000
 .text.tiny3d_VertexTexture2
                0x0000000000016738       0xe4 /usr/local/ps3dev/portlibs/ppu/lib/libtiny3d.a(tiny3d.o)
                0x0000000000016738                .tiny3d_VertexTexture2
 *fill*         0x000000000001681c        0x4 60000000
 .text.tiny3d_Normal
                0x0000000000016820       0x48 /usr/local/ps3dev/portlibs/ppu/lib/libtiny3d.a(tiny3d.o)
                0x0000000000016820                .tiny3d_Normal
 .text.tiny3d_NormalVector
                0x0000000000016868       0x58 /usr/local/ps3dev/portlibs/ppu/lib/libtiny3d.a(tiny3d.o)
                0x0000000000016868                .tiny3d_NormalVector
 .text.tiny3d_End
                0x00000000000168c0      0xbf8 /usr/local/ps3dev/portlibs/ppu/lib/libtiny3d.a(tiny3d.o)
                0x00000000000168c0                .tiny3d_End
 .text.tiny3d_SetMatrixModelView
                0x00000000000174b8      0x1dc /usr/local/ps3dev/portlibs/ppu/lib/libtiny3d.a(tiny3d.o)
                0x00000000000174b8                .tiny3d_SetMatrixModelView
 *fill*         0x0000000000017694        0x4 60000000
 .text.tiny3d_SetProjectionMatrix
                0x0000000000017698       0xd8 /usr/local/ps3dev/portlibs/ppu/lib/libtiny3d.a(tiny3d.o)
                0x0000000000017698                .tiny3d_SetProjectionMatrix
 .text.tiny3d_Flip
                0x0000000000017770      0x11c /usr/local/ps3dev/portlibs/ppu/lib/libtiny3d.a(tiny3d.o)
                0x0000000000017770                .tiny3d_Flip
 *fill*         0x000000000001788c        0x4 60000000
 .text.tiny3d_UserViewport
                0x0000000000017890       0x48 /usr/local/ps3dev/portlibs/ppu/lib/libtiny3d.a(tiny3d.o)
                0x0000000000017890                .tiny3d_UserViewport
 .text.tiny3d_Project2D
                0x00000000000178d8      0x280 /usr/local/ps3dev/portlibs/ppu/lib/libtiny3d.a(tiny3d.o)
                0x00000000000178d8                .tiny3d_Project2D
 .text.tiny3d_Project3D
                0x0000000000017b58      0x1bc /usr/local/ps3dev/portlibs/ppu/lib/libtiny3d.a(tiny3d.o)
                0x0000000000017b58                .tiny3d_Project3D
 *fill*         0x0000000000017d14        0x4 60000000
 .text.tiny3d_Clear
                0x0000000000017d18      0x314 /usr/local/ps3dev/portlibs/ppu/lib/libtiny3d.a(tiny3d.o)
                0x0000000000017d18                .tiny3d_Clear
 *fill*         0x000000000001802c        0x4 60000000
 .text.tiny3d_ClearSurface
                0x0000000000018030      0x1f0 /usr/local/ps3dev/portlibs/ppu/lib/libtiny3d.a(tiny3d.o)
                0x0000000000018030                .tiny3d_ClearSurface
 .text.tiny3d_AlphaTest
                0x0000000000018220       0x74 /usr/local/ps3dev/portlibs/ppu/lib/libtiny3d.a(tiny3d.o)
                0x0000000000018220                .tiny3d_AlphaTest
 *fill*         0x0000000000018294        0x4 60000000
 .text.tiny3d_BlendFunc
                0x0000000000018298       0x70 /usr/local/ps3dev/portlibs/ppu/lib/libtiny3d.a(tiny3d.o)
                0x0000000000018298                .tiny3d_BlendFunc
 .text.tiny3d_SetTextureWrap
                0x0000000000018308      0x1c8 /usr/local/ps3dev/portlibs/ppu/lib/libtiny3d.a(tiny3d.o)
                0x0000000000018308                .tiny3d_SetTextureWrap
 .text.tiny3d_SetTexture
                0x00000000000184d0      0x120 /usr/local/ps3dev/portlibs/ppu/lib/libtiny3d.a(tiny3d.o)
                0x00000000000184d0                .tiny3d_SetTexture
 .text.tiny3d_AllocTexture
                0x00000000000185f0       0x38 /usr/local/ps3dev/portlibs/ppu/lib/libtiny3d.a(tiny3d.o)
                0x00000000000185f0                .tiny3d_AllocTexture
 .text.tiny3d_FreeTexture
                0x0000000000018628       0x30 /usr/local/ps3dev/portlibs/ppu/lib/libtiny3d.a(tiny3d.o)
                0x0000000000018628                .tiny3d_FreeTexture
 .text.tiny3d_TextureOffset
                0x0000000000018658       0x60 /usr/local/ps3dev/portlibs/ppu/lib/libtiny3d.a(tiny3d.o)
                0x0000000000018658                .tiny3d_TextureOffset
 .text.tiny3d_EmissiveMaterial
                0x00000000000186b8      0x104 /usr/local/ps3dev/portlibs/ppu/lib/libtiny3d.a(tiny3d.o)
                0x00000000000186b8                .tiny3d_EmissiveMaterial
 *fill*         0x00000000000187bc        0x4 60000000
 .text.tiny3d_AmbientMaterial
                0x00000000000187c0      0x104 /usr/local/ps3dev/portlibs/ppu/lib/libtiny3d.a(tiny3d.o)
                0x00000000000187c0                .tiny3d_AmbientMaterial
 *fill*         0x00000000000188c4        0x4 60000000
 .text.tiny3d_DiffuseMaterial
                0x00000000000188c8      0x104 /usr/local/ps3dev/portlibs/ppu/lib/libtiny3d.a(tiny3d.o)
                0x00000000000188c8                .tiny3d_DiffuseMaterial
 *fill*         0x00000000000189cc        0x4 60000000
 .text.tiny3d_SpecularMaterial
                0x00000000000189d0      0x104 /usr/local/ps3dev/portlibs/ppu/lib/libtiny3d.a(tiny3d.o)
                0x00000000000189d0                .tiny3d_SpecularMaterial
 *fill*         0x0000000000018ad4        0x4 60000000
 .text.tiny3d_SetLightCameraPosition
                0x0000000000018ad8       0x3c /usr/local/ps3dev/portlibs/ppu/lib/libtiny3d.a(tiny3d.o)
                0x0000000000018ad8                .tiny3d_SetLightCameraPosition
 *fill*         0x0000000000018b14        0x4 60000000
 .text.tiny3d_SetLight
                0x0000000000018b18       0xd4 /usr/local/ps3dev/portlibs/ppu/lib/libtiny3d.a(tiny3d.o)
                0x0000000000018b18                .tiny3d_SetLight
 *fill*         0x0000000000018bec        0x4 60000000
 .text.tiny3d_SetLightsOff
                0x0000000000018bf0       0x3c /usr/local/ps3dev/portlibs/ppu/lib/libtiny3d.a(tiny3d.o)
                0x0000000000018bf0                .tiny3d_SetLightsOff
 *fill*         0x0000000000018c2c        0x4 60000000
 .text.tiny3d_SetAmbientLight
                0x0000000000018c30       0x3c /usr/local/ps3dev/portlibs/ppu/lib/libtiny3d.a(tiny3d.o)
                0x0000000000018c30                .tiny3d_SetAmbientLight
 *fill*         0x0000000000018c6c        0x4 60000000
 .text.tiny3d_SelMultiTexturesMethod
                0x0000000000018c70       0xc0 /usr/local/ps3dev/portlibs/ppu/lib/libtiny3d.a(tiny3d.o)
                0x0000000000018c70                .tiny3d_SelMultiTexturesMethod
 .text.tiny3d_DrawList
                0x0000000000018d30      0x58c /usr/local/ps3dev/portlibs/ppu/lib/libtiny3d.a(tiny3d.o)
                0x0000000000018d30                .tiny3d_DrawList
 *fill*         0x00000000000192bc        0x4 60000000
 .text.tiny3d_MenuActive
                0x00000000000192c0       0x1c /usr/local/ps3dev/portlibs/ppu/lib/libtiny3d.a(tiny3d.o)
                0x00000000000192c0                .tiny3d_MenuActive
 *fill*         0x00000000000192dc        0x4 60000000
 .text.tiny3d_Enable_YUV
                0x00000000000192e0       0x2c /usr/local/ps3dev/portlibs/ppu/lib/libtiny3d.a(tiny3d.o)
                0x00000000000192e0                .tiny3d_Enable_YUV
 *fill*         0x000000000001930c        0x4 60000000
 .text.tiny3d_Disable_YUV
                0x0000000000019310       0x28 /usr/local/ps3dev/portlibs/ppu/lib/libtiny3d.a(tiny3d.o)
                0x0000000000019310                .tiny3d_Disable_YUV
 .text.tiny3d_Dirty_Status
                0x0000000000019338       0x4c /usr/local/ps3dev/portlibs/ppu/lib/libtiny3d.a(tiny3d.o)
                0x0000000000019338                .tiny3d_Dirty_Status
 .text          0x0000000000019384        0x0 /usr/local/ps3dev/portlibs/ppu/lib/libtiny3d.a(vshader_text_normal.vcg.o)
 .text          0x0000000000019384        0x0 /usr/local/ps3dev/portlibs/ppu/lib/libtiny3d.a(realityVP.o)
 *fill*         0x0000000000019384        0x4 60000000
 .text.internal_reality_VertexProgramGetUCode
                0x0000000000019388       0x18 /usr/local/ps3dev/portlibs/ppu/lib/libtiny3d.a(realityVP.o)
                0x0000000000019388                .internal_reality_VertexProgramGetUCode
 .text.internal_reality_VertexProgramGetInputMask
                0x00000000000193a0       0x14 /usr/local/ps3dev/portlibs/ppu/lib/libtiny3d.a(realityVP.o)
                0x00000000000193a0                .internal_reality_VertexProgramGetInputMask
 *fill*         0x00000000000193b4        0x4 60000000
 .text.internal_reality_VertexProgramGetOutputMask
                0x00000000000193b8       0x14 /usr/local/ps3dev/portlibs/ppu/lib/libtiny3d.a(realityVP.o)
                0x00000000000193b8                .internal_reality_VertexProgramGetOutputMask
 *fill*         0x00000000000193cc        0x4 60000000
 .text.internal_reality_VertexProgramGetAttributes
                0x00000000000193d0       0x18 /usr/local/ps3dev/portlibs/ppu/lib/libtiny3d.a(realityVP.o)
                0x00000000000193d0                .internal_reality_VertexProgramGetAttributes
 .text.internal_reality_VertexProgramGetInputAttribute
                0x00000000000193e8       0xc8 /usr/local/ps3dev/portlibs/ppu/lib/libtiny3d.a(realityVP.o)
                0x00000000000193e8                .internal_reality_VertexProgramGetInputAttribute
 .text.internal_reality_VertexProgramGetConstants
                0x00000000000194b0       0x18 /usr/local/ps3dev/portlibs/ppu/lib/libtiny3d.a(realityVP.o)
                0x00000000000194b0                .internal_reality_VertexProgramGetConstants
 .text.internal_reality_VertexProgramGetConstant
                0x00000000000194c8       0xc8 /usr/local/ps3dev/portlibs/ppu/lib/libtiny3d.a(realityVP.o)
                0x00000000000194c8                .internal_reality_VertexProgramGetConstant
 .text          0x0000000000019590        0x0 /usr/local/ps3dev/portlibs/ppu/lib/libtiny3d.a(matrix.o)
 .text.MatrixProjPerspective
                0x0000000000019590      0x108 /usr/local/ps3dev/portlibs/ppu/lib/libtiny3d.a(matrix.o)
                0x0000000000019590                .MatrixProjPerspective
 .text.MatrixVectorMultiply
                0x0000000000019698       0xac /usr/local/ps3dev/portlibs/ppu/lib/libtiny3d.a(matrix.o)
                0x0000000000019698                .MatrixVectorMultiply
 *fill*         0x0000000000019744        0x4 60000000
 .text.MatrixVectorMultiply3x3
                0x0000000000019748       0x8c /usr/local/ps3dev/portlibs/ppu/lib/libtiny3d.a(matrix.o)
                0x0000000000019748                .MatrixVectorMultiply3x3
 *fill*         0x00000000000197d4        0x4 60000000
 .text.MatrixMultiply
                0x00000000000197d8      0x2f4 /usr/local/ps3dev/portlibs/ppu/lib/libtiny3d.a(matrix.o)
                0x00000000000197d8                .MatrixMultiply
 *fill*         0x0000000000019acc        0x4 60000000
 .text.MatrixIdentity
                0x0000000000019ad0       0x54 /usr/local/ps3dev/portlibs/ppu/lib/libtiny3d.a(matrix.o)
                0x0000000000019ad0                .MatrixIdentity
 *fill*         0x0000000000019b24        0x4 60000000
 .text.MatrixTranslation
                0x0000000000019b28       0x58 /usr/local/ps3dev/portlibs/ppu/lib/libtiny3d.a(matrix.o)
                0x0000000000019b28                .MatrixTranslation
 .text.MatrixTranspose
                0x0000000000019b80       0xb0 /usr/local/ps3dev/portlibs/ppu/lib/libtiny3d.a(matrix.o)
                0x0000000000019b80                .MatrixTranspose
 .text.MatrixScale
                0x0000000000019c30       0x60 /usr/local/ps3dev/portlibs/ppu/lib/libtiny3d.a(matrix.o)
                0x0000000000019c30                .MatrixScale
 .text.MatrixRotationX
                0x0000000000019c90       0xbc /usr/local/ps3dev/portlibs/ppu/lib/libtiny3d.a(matrix.o)
                0x0000000000019c90                .MatrixRotationX
 *fill*         0x0000000000019d4c        0x4 60000000
 .text.MatrixRotationY
                0x0000000000019d50       0xbc /usr/local/ps3dev/portlibs/ppu/lib/libtiny3d.a(matrix.o)
                0x0000000000019d50                .MatrixRotationY
 *fill*         0x0000000000019e0c        0x4 60000000
 .text.MatrixRotationZ
                0x0000000000019e10       0xac /usr/local/ps3dev/portlibs/ppu/lib/libtiny3d.a(matrix.o)
                0x0000000000019e10                .MatrixRotationZ
 *fill*         0x0000000000019ebc        0x4 60000000
 .text.MatrixRotationAxis
                0x0000000000019ec0      0x2b0 /usr/local/ps3dev/portlibs/ppu/lib/libtiny3d.a(matrix.o)
                0x0000000000019ec0                .MatrixRotationAxis
 .text.VectorToUnit
                0x000000000001a170       0xc4 /usr/local/ps3dev/portlibs/ppu/lib/libtiny3d.a(matrix.o)
                0x000000000001a170                .VectorToUnit
 *fill*         0x000000000001a234        0x4 60000000
 .text.VectorNormalPlane
                0x000000000001a238       0xdc /usr/local/ps3dev/portlibs/ppu/lib/libtiny3d.a(matrix.o)
                0x000000000001a238                .VectorNormalPlane
 .text          0x000000000001a314        0x0 /usr/local/ps3dev/ppu/lib/libgcm_sys.a(sprx.o)
 .text          0x000000000001a314        0x0 /usr/local/ps3dev/portlibs/ppu/lib/libfont.a(libfont.o)
 *fill*         0x000000000001a314        0x4 60000000
 .text.i_must_break_line
                0x000000000001a318      0x134 /usr/local/ps3dev/portlibs/ppu/lib/libfont.a(libfont.o)
 *fill*         0x000000000001a44c        0x4 60000000
 .text.ResetFont
                0x000000000001a450       0x44 /usr/local/ps3dev/portlibs/ppu/lib/libfont.a(libfont.o)
                0x000000000001a450                .ResetFont
 *fill*         0x000000000001a494        0x4 60000000
 .text.AddFontFromBitmapArray
                0x000000000001a498      0x3cc /usr/local/ps3dev/portlibs/ppu/lib/libfont.a(libfont.o)
                0x000000000001a498                .AddFontFromBitmapArray
 *fill*         0x000000000001a864        0x4 60000000
 .text.AddFontFromTTF
                0x000000000001a868      0x3c0 /usr/local/ps3dev/portlibs/ppu/lib/libfont.a(libfont.o)
                0x000000000001a868                .AddFontFromTTF
 .text.SetCurrentFont
                0x000000000001ac28       0x44 /usr/local/ps3dev/portlibs/ppu/lib/libfont.a(libfont.o)
                0x000000000001ac28                .SetCurrentFont
 *fill*         0x000000000001ac6c        0x4 60000000
 .text.SetFontSize
                0x000000000001ac70       0x3c /usr/local/ps3dev/portlibs/ppu/lib/libfont.a(libfont.o)
                0x000000000001ac70                .SetFontSize
 *fill*         0x000000000001acac        0x4 60000000
 .text.SetFontColor
                0x000000000001acb0       0x1c /usr/local/ps3dev/portlibs/ppu/lib/libfont.a(libfont.o)
                0x000000000001acb0                .SetFontColor
 *fill*         0x000000000001accc        0x4 60000000
 .text.SetFontAutoCenter
                0x000000000001acd0       0x20 /usr/local/ps3dev/portlibs/ppu/lib/libfont.a(libfont.o)
                0x000000000001acd0                .SetFontAutoCenter
 .text.SetFontAutoNewLine
                0x000000000001acf0       0x20 /usr/local/ps3dev/portlibs/ppu/lib/libfont.a(libfont.o)
                0x000000000001acf0                .SetFontAutoNewLine
 .text.SetFontZ
                0x000000000001ad10       0x18 /usr/local/ps3dev/portlibs/ppu/lib/libfont.a(libfont.o)
                0x000000000001ad10                .SetFontZ
 .text.GetFontX
                0x000000000001ad28       0x18 /usr/local/ps3dev/portlibs/ppu/lib/libfont.a(libfont.o)
                0x000000000001ad28                .GetFontX
 .text.GetFontY
                0x000000000001ad40       0x18 /usr/local/ps3dev/portlibs/ppu/lib/libfont.a(libfont.o)
                0x000000000001ad40                .GetFontY
 .text.DrawChar
                0x000000000001ad58      0x50c /usr/local/ps3dev/portlibs/ppu/lib/libfont.a(libfont.o)
                0x000000000001ad58                .DrawChar
 *fill*         0x000000000001b264        0x4 60000000
 .text.DrawString
                0x000000000001b268      0x304 /usr/local/ps3dev/portlibs/ppu/lib/libfont.a(libfont.o)
                0x000000000001b268                .DrawString
 *fill*         0x000000000001b56c        0x4 60000000
 .text.DrawFormatString
                0x000000000001b570      0x330 /usr/local/ps3dev/portlibs/ppu/lib/libfont.a(libfont.o)
                0x000000000001b570                .DrawFormatString
 .text          0x000000000001b8a0        0x0 /usr/local/ps3dev/ppu/lib/libio.a(sprx.o)
 .text          0x000000000001b8a0        0x0 /usr/local/ps3dev/ppu/lib/gcc/powerpc64-ps3-elf/7.2.0/../../../../powerpc64-ps3-elf/lib/libm.a(lib_a-sf_cos.o)
 .text.cosf     0x000000000001b8a0      0x12c /usr/local/ps3dev/ppu/lib/gcc/powerpc64-ps3-elf/7.2.0/../../../../powerpc64-ps3-elf/lib/libm.a(lib_a-sf_cos.o)
                0x000000000001b8a0                .cosf
 .text          0x000000000001b9cc        0x0 /usr/local/ps3dev/ppu/lib/gcc/powerpc64-ps3-elf/7.2.0/../../../../powerpc64-ps3-elf/lib/libm.a(lib_a-sf_sin.o)
 *fill*         0x000000000001b9cc        0x4 60000000
 .text.sinf     0x000000000001b9d0      0x130 /usr/local/ps3dev/ppu/lib/gcc/powerpc64-ps3-elf/7.2.0/../../../../powerpc64-ps3-elf/lib/libm.a(lib_a-sf_sin.o)
                0x000000000001b9d0                .sinf
 .text          0x000000000001bb00        0x0 /usr/local/ps3dev/ppu/lib/gcc/powerpc64-ps3-elf/7.2.0/../../../../powerpc64-ps3-elf/lib/libm.a(lib_a-sf_tan.o)
 .text.tanf     0x000000000001bb00       0xb8 /usr/local/ps3dev/ppu/lib/gcc/powerpc64-ps3-elf/7.2.0/../../../../powerpc64-ps3-elf/lib/libm.a(lib_a-sf_tan.o)
                0x000000000001bb00                .tanf
 .text          0x000000000001bbb8        0x0 /usr/local/ps3dev/ppu/lib/gcc/powerpc64-ps3-elf/7.2.0/../../../../powerpc64-ps3-elf/lib/libm.a(lib_a-wf_sqrt.o)
 .text.sqrtf    0x000000000001bbb8      0x140 /usr/local/ps3dev/ppu/lib/gcc/powerpc64-ps3-elf/7.2.0/../../../../powerpc64-ps3-elf/lib/libm.a(lib_a-wf_sqrt.o)
                0x000000000001bbb8                .sqrtf
 .text          0x000000000001bcf8        0x0 /usr/local/ps3dev/ppu/lib/gcc/powerpc64-ps3-elf/7.2.0/../../../../powerpc64-ps3-elf/lib/libm.a(lib_a-ef_rem_pio2.o)
 .text.__ieee754_rem_pio2f
                0x000000000001bcf8      0x4b4 /usr/local/ps3dev/ppu/lib/gcc/powerpc64-ps3-elf/7.2.0/../../../../powerpc64-ps3-elf/lib/libm.a(lib_a-ef_rem_pio2.o)
                0x000000000001bcf8                .__ieee754_rem_pio2f
 .text          0x000000000001c1ac        0x0 /usr/local/ps3dev/ppu/lib/gcc/powerpc64-ps3-elf/7.2.0/../../../../powerpc64-ps3-elf/lib/libm.a(lib_a-ef_sqrt.o)
 *fill*         0x000000000001c1ac        0x4 60000000
 .text.__ieee754_sqrtf
                0x000000000001c1b0      0x164 /usr/local/ps3dev/ppu/lib/gcc/powerpc64-ps3-elf/7.2.0/../../../../powerpc64-ps3-elf/lib/libm.a(lib_a-ef_sqrt.o)
                0x000000000001c1b0                .__ieee754_sqrtf
 .text          0x000000000001c314        0x0 /usr/local/ps3dev/ppu/lib/gcc/powerpc64-ps3-elf/7.2.0/../../../../powerpc64-ps3-elf/lib/libm.a(lib_a-kf_cos.o)
 *fill*         0x000000000001c314        0x4 60000000
 .text.__kernel_cosf
                0x000000000001c318      0x1b8 /usr/local/ps3dev/ppu/lib/gcc/powerpc64-ps3-elf/7.2.0/../../../../powerpc64-ps3-elf/lib/libm.a(lib_a-kf_cos.o)
                0x000000000001c318                .__kernel_cosf
 .text          0x000000000001c4d0        0x0 /usr/local/ps3dev/ppu/lib/gcc/powerpc64-ps3-elf/7.2.0/../../../../powerpc64-ps3-elf/lib/libm.a(lib_a-kf_rem_pio2.o)
 .text.__kernel_rem_pio2f
                0x000000000001c4d0      0xda4 /usr/local/ps3dev/ppu/lib/gcc/powerpc64-ps3-elf/7.2.0/../../../../powerpc64-ps3-elf/lib/libm.a(lib_a-kf_rem_pio2.o)
                0x000000000001c4d0                .__kernel_rem_pio2f
 .text          0x000000000001d274        0x0 /usr/local/ps3dev/ppu/lib/gcc/powerpc64-ps3-elf/7.2.0/../../../../powerpc64-ps3-elf/lib/libm.a(lib_a-kf_sin.o)
 *fill*         0x000000000001d274        0x4 60000000
 .text.__kernel_sinf
                0x000000000001d278       0xd0 /usr/local/ps3dev/ppu/lib/gcc/powerpc64-ps3-elf/7.2.0/../../../../powerpc64-ps3-elf/lib/libm.a(lib_a-kf_sin.o)
                0x000000000001d278                .__kernel_sinf
 .text          0x000000000001d348        0x0 /usr/local/ps3dev/ppu/lib/gcc/powerpc64-ps3-elf/7.2.0/../../../../powerpc64-ps3-elf/lib/libm.a(lib_a-kf_tan.o)
 .text.__kernel_tanf
                0x000000000001d348      0x338 /usr/local/ps3dev/ppu/lib/gcc/powerpc64-ps3-elf/7.2.0/../../../../powerpc64-ps3-elf/lib/libm.a(lib_a-kf_tan.o)
                0x000000000001d348                .__kernel_tanf
 .text          0x000000000001d680        0x0 /usr/local/ps3dev/ppu/lib/gcc/powerpc64-ps3-elf/7.2.0/../../../../powerpc64-ps3-elf/lib/libm.a(lib_a-s_lib_ver.o)
 .text          0x000000000001d680        0x0 /usr/local/ps3dev/ppu/lib/gcc/powerpc64-ps3-elf/7.2.0/../../../../powerpc64-ps3-elf/lib/libm.a(lib_a-s_matherr.o)
 .text.matherr  0x000000000001d680       0x14 /usr/local/ps3dev/ppu/lib/gcc/powerpc64-ps3-elf/7.2.0/../../../../powerpc64-ps3-elf/lib/libm.a(lib_a-s_matherr.o)
                0x000000000001d680                .matherr
 .text          0x000000000001d694        0x0 /usr/local/ps3dev/ppu/lib/gcc/powerpc64-ps3-elf/7.2.0/../../../../powerpc64-ps3-elf/lib/libm.a(lib_a-sf_fabs.o)
 *fill*         0x000000000001d694        0x4 60000000
 .text.fabsf    0x000000000001d698       0x24 /usr/local/ps3dev/ppu/lib/gcc/powerpc64-ps3-elf/7.2.0/../../../../powerpc64-ps3-elf/lib/libm.a(lib_a-sf_fabs.o)
                0x000000000001d698                .fabsf
 .text          0x000000000001d6bc        0x0 /usr/local/ps3dev/ppu/lib/gcc/powerpc64-ps3-elf/7.2.0/../../../../powerpc64-ps3-elf/lib/libm.a(lib_a-sf_floor.o)
 *fill*         0x000000000001d6bc        0x4 60000000
 .text.floorf   0x000000000001d6c0      0x120 /usr/local/ps3dev/ppu/lib/gcc/powerpc64-ps3-elf/7.2.0/../../../../powerpc64-ps3-elf/lib/libm.a(lib_a-sf_floor.o)
                0x000000000001d6c0                .floorf
 .text          0x000000000001d7e0        0x0 /usr/local/ps3dev/ppu/lib/gcc/powerpc64-ps3-elf/7.2.0/../../../../powerpc64-ps3-elf/lib/libm.a(lib_a-sf_fpclassify.o)
 .text.__fpclassifyf
                0x000000000001d7e0       0x68 /usr/local/ps3dev/ppu/lib/gcc/powerpc64-ps3-elf/7.2.0/../../../../powerpc64-ps3-elf/lib/libm.a(lib_a-sf_fpclassify.o)
                0x000000000001d7e0                .__fpclassifyf
 .text          0x000000000001d848        0x0 /usr/local/ps3dev/ppu/lib/gcc/powerpc64-ps3-elf/7.2.0/../../../../powerpc64-ps3-elf/lib/libm.a(lib_a-sf_scalbn.o)
 .text.scalbnf  0x000000000001d848      0x194 /usr/local/ps3dev/ppu/lib/gcc/powerpc64-ps3-elf/7.2.0/../../../../powerpc64-ps3-elf/lib/libm.a(lib_a-sf_scalbn.o)
                0x000000000001d848                .scalbnf
 .text          0x000000000001d9dc        0x0 /usr/local/ps3dev/ppu/lib/gcc/powerpc64-ps3-elf/7.2.0/../../../../powerpc64-ps3-elf/lib/libm.a(lib_a-sf_copysign.o)
 *fill*         0x000000000001d9dc        0x4 60000000
 .text.copysignf
                0x000000000001d9e0       0x2c /usr/local/ps3dev/ppu/lib/gcc/powerpc64-ps3-elf/7.2.0/../../../../powerpc64-ps3-elf/lib/libm.a(lib_a-sf_copysign.o)
                0x000000000001d9e0                .copysignf
 .text          0x000000000001da0c        0x0 /usr/local/ps3dev/ppu/lib/libsysutil.a(sprx.o)
 .text          0x000000000001da0c        0x0 /usr/local/ps3dev/ppu/lib/libsysutil.a(sysutil_wrapper.o)
 *fill*         0x000000000001da0c        0x4 60000000
 .text.sysUtilRegisterCallback
                0x000000000001da10       0x34 /usr/local/ps3dev/ppu/lib/libsysutil.a(sysutil_wrapper.o)
                0x000000000001da10                .sysUtilRegisterCallback
 *fill*         0x000000000001da44        0x4 60000000
 .text.msgDialogOpen
                0x000000000001da48       0x34 /usr/local/ps3dev/ppu/lib/libsysutil.a(sysutil_wrapper.o)
                0x000000000001da48                .msgDialogOpen
 *fill*         0x000000000001da7c        0x4 60000000
 .text.msgDialogOpen2
                0x000000000001da80       0x34 /usr/local/ps3dev/ppu/lib/libsysutil.a(sysutil_wrapper.o)
                0x000000000001da80                .msgDialogOpen2
 *fill*         0x000000000001dab4        0x4 60000000
 .text.msgDialogOpenErrorCode
                0x000000000001dab8       0x34 /usr/local/ps3dev/ppu/lib/libsysutil.a(sysutil_wrapper.o)
                0x000000000001dab8                .msgDialogOpenErrorCode
 *fill*         0x000000000001daec        0x4 60000000
 .text.sysSaveListLoad2
                0x000000000001daf0       0x3c /usr/local/ps3dev/ppu/lib/libsysutil.a(sysutil_wrapper.o)
                0x000000000001daf0                .sysSaveListLoad2
 *fill*         0x000000000001db2c        0x4 60000000
 .text.sysSaveListSave2
                0x000000000001db30       0x3c /usr/local/ps3dev/ppu/lib/libsysutil.a(sysutil_wrapper.o)
                0x000000000001db30                .sysSaveListSave2
 *fill*         0x000000000001db6c        0x4 60000000
 .text.sysSaveListAutoLoad
                0x000000000001db70       0x44 /usr/local/ps3dev/ppu/lib/libsysutil.a(sysutil_wrapper.o)
                0x000000000001db70                .sysSaveListAutoLoad
 *fill*         0x000000000001dbb4        0x4 60000000
 .text.sysSaveListAutoSave
                0x000000000001dbb8       0x44 /usr/local/ps3dev/ppu/lib/libsysutil.a(sysutil_wrapper.o)
                0x000000000001dbb8                .sysSaveListAutoSave
 *fill*         0x000000000001dbfc        0x4 60000000
 .text.sysSaveFixedLoad2
                0x000000000001dc00       0x3c /usr/local/ps3dev/ppu/lib/libsysutil.a(sysutil_wrapper.o)
                0x000000000001dc00                .sysSaveFixedLoad2
 *fill*         0x000000000001dc3c        0x4 60000000
 .text.sysSaveFixedSave2
                0x000000000001dc40       0x3c /usr/local/ps3dev/ppu/lib/libsysutil.a(sysutil_wrapper.o)
                0x000000000001dc40                .sysSaveFixedSave2
 *fill*         0x000000000001dc7c        0x4 60000000
 .text.sysSaveAutoLoad2
                0x000000000001dc80       0x38 /usr/local/ps3dev/ppu/lib/libsysutil.a(sysutil_wrapper.o)
                0x000000000001dc80                .sysSaveAutoLoad2
 .text.sysSaveAutoSave2
                0x000000000001dcb8       0x38 /usr/local/ps3dev/ppu/lib/libsysutil.a(sysutil_wrapper.o)
                0x000000000001dcb8                .sysSaveAutoSave2
 .text.sysGameThemeInstallFromBuffer
                0x000000000001dcf0       0x34 /usr/local/ps3dev/ppu/lib/libsysutil.a(sysutil_wrapper.o)
                0x000000000001dcf0                .sysGameThemeInstallFromBuffer
 *fill*         0x000000000001dd24        0x4 60000000
 .text.sysDiscRegisterDiscChangeCallback
                0x000000000001dd28       0x38 /usr/local/ps3dev/ppu/lib/libsysutil.a(sysutil_wrapper.o)
                0x000000000001dd28                .sysDiscRegisterDiscChangeCallback
 .text.sysGameDiscRegisterDiscChangeCallback
                0x000000000001dd60       0x10 /usr/local/ps3dev/ppu/lib/libsysutil.a(sysutil_wrapper.o)
                0x000000000001dd60                .sysGameDiscRegisterDiscChangeCallback
 .text          0x000000000001dd70        0x0 /usr/local/ps3dev/portlibs/ppu/lib/libfreetype.a(ftinit.o)
 .text.FT_Add_Default_Modules
                0x000000000001dd70       0x84 /usr/local/ps3dev/portlibs/ppu/lib/libfreetype.a(ftinit.o)
                0x000000000001dd70                .FT_Add_Default_Modules
 .text.FT_Init_FreeType
                0x000000000001ddf4       0xa8 /usr/local/ps3dev/portlibs/ppu/lib/libfreetype.a(ftinit.o)
                0x000000000001ddf4                .FT_Init_FreeType
 .text.FT_Done_FreeType
                0x000000000001de9c       0x70 /usr/local/ps3dev/portlibs/ppu/lib/libfreetype.a(ftinit.o)
                0x000000000001de9c                .FT_Done_FreeType
 .text          0x000000000001df0c        0x0 /usr/local/ps3dev/portlibs/ppu/lib/libfreetype.a(ftbase.o)
 .text._ft_face_scale_advances
                0x000000000001df0c      0x130 /usr/local/ps3dev/portlibs/ppu/lib/libfreetype.a(ftbase.o)
 .text.FT_Get_Advance
                0x000000000001e03c      0x194 /usr/local/ps3dev/portlibs/ppu/lib/libfreetype.a(ftbase.o)
                0x000000000001e03c                .FT_Get_Advance
 .text.FT_Get_Advances
                0x000000000001e1d0      0x2cc /usr/local/ps3dev/portlibs/ppu/lib/libfreetype.a(ftbase.o)
                0x000000000001e1d0                .FT_Get_Advances
 .text.FT_RoundFix
                0x000000000001e49c       0x64 /usr/local/ps3dev/portlibs/ppu/lib/libfreetype.a(ftbase.o)
                0x000000000001e49c                .FT_RoundFix
 .text.FT_CeilFix
                0x000000000001e500       0x64 /usr/local/ps3dev/portlibs/ppu/lib/libfreetype.a(ftbase.o)
                0x000000000001e500                .FT_CeilFix
 .text.FT_FloorFix
                0x000000000001e564       0x54 /usr/local/ps3dev/portlibs/ppu/lib/libfreetype.a(ftbase.o)
                0x000000000001e564                .FT_FloorFix
 .text.FT_Sqrt32
                0x000000000001e5b8       0xb4 /usr/local/ps3dev/portlibs/ppu/lib/libfreetype.a(ftbase.o)
                0x000000000001e5b8                .FT_Sqrt32
 .text.ft_multo64
                0x000000000001e66c      0x160 /usr/local/ps3dev/portlibs/ppu/lib/libfreetype.a(ftbase.o)
 .text.ft_div64by32
                0x000000000001e7cc      0x100 /usr/local/ps3dev/portlibs/ppu/lib/libfreetype.a(ftbase.o)
 .text.FT_Add64
                0x000000000001e8cc       0xb0 /usr/local/ps3dev/portlibs/ppu/lib/libfreetype.a(ftbase.o)
 .text.FT_MulDiv
                0x000000000001e97c      0x200 /usr/local/ps3dev/portlibs/ppu/lib/libfreetype.a(ftbase.o)
                0x000000000001e97c                .FT_MulDiv
 .text.FT_MulDiv_No_Round
                0x000000000001eb7c      0x1ac /usr/local/ps3dev/portlibs/ppu/lib/libfreetype.a(ftbase.o)
                0x000000000001eb7c                .FT_MulDiv_No_Round
 .text.FT_MulFix
                0x000000000001ed28      0x158 /usr/local/ps3dev/portlibs/ppu/lib/libfreetype.a(ftbase.o)
                0x000000000001ed28                .FT_MulFix
 .text.FT_DivFix
                0x000000000001ee80      0x198 /usr/local/ps3dev/portlibs/ppu/lib/libfreetype.a(ftbase.o)
                0x000000000001ee80                .FT_DivFix
 .text.FT_Matrix_Multiply
                0x000000000001f018      0x1b4 /usr/local/ps3dev/portlibs/ppu/lib/libfreetype.a(ftbase.o)
                0x000000000001f018                .FT_Matrix_Multiply
 .text.FT_Matrix_Invert
                0x000000000001f1cc      0x148 /usr/local/ps3dev/portlibs/ppu/lib/libfreetype.a(ftbase.o)
                0x000000000001f1cc                .FT_Matrix_Invert
 .text.FT_Matrix_Multiply_Scaled
                0x000000000001f314      0x1e4 /usr/local/ps3dev/portlibs/ppu/lib/libfreetype.a(ftbase.o)
                0x000000000001f314                .FT_Matrix_Multiply_Scaled
 .text.FT_Vector_Transform_Scaled
                0x000000000001f4f8      0x12c /usr/local/ps3dev/portlibs/ppu/lib/libfreetype.a(ftbase.o)
                0x000000000001f4f8                .FT_Vector_Transform_Scaled
 .text.FT_SqrtFixed
                0x000000000001f624       0xf4 /usr/local/ps3dev/portlibs/ppu/lib/libfreetype.a(ftbase.o)
                0x000000000001f624                .FT_SqrtFixed
 .text.ft_corner_orientation
                0x000000000001f718      0x1e0 /usr/local/ps3dev/portlibs/ppu/lib/libfreetype.a(ftbase.o)
                0x000000000001f718                .ft_corner_orientation
 .text.ft_corner_is_flat
                0x000000000001f8f8      0x170 /usr/local/ps3dev/portlibs/ppu/lib/libfreetype.a(ftbase.o)
                0x000000000001f8f8                .ft_corner_is_flat
 .text.FT_GlyphLoader_New
                0x000000000001fa68       0x90 /usr/local/ps3dev/portlibs/ppu/lib/libfreetype.a(ftbase.o)
                0x000000000001fa68                .FT_GlyphLoader_New
 .text.FT_GlyphLoader_Rewind
                0x000000000001faf8       0x9c /usr/local/ps3dev/portlibs/ppu/lib/libfreetype.a(ftbase.o)
                0x000000000001faf8                .FT_GlyphLoader_Rewind
 .text.FT_GlyphLoader_Reset
                0x000000000001fb94      0x120 /usr/local/ps3dev/portlibs/ppu/lib/libfreetype.a(ftbase.o)
                0x000000000001fb94                .FT_GlyphLoader_Reset
 .text.FT_GlyphLoader_Done
                0x000000000001fcb4       0x70 /usr/local/ps3dev/portlibs/ppu/lib/libfreetype.a(ftbase.o)
                0x000000000001fcb4                .FT_GlyphLoader_Done
 .text.FT_GlyphLoader_Adjust_Points
                0x000000000001fd24      0x104 /usr/local/ps3dev/portlibs/ppu/lib/libfreetype.a(ftbase.o)
 .text.FT_GlyphLoader_CreateExtra
                0x000000000001fe28       0xd4 /usr/local/ps3dev/portlibs/ppu/lib/libfreetype.a(ftbase.o)
                0x000000000001fe28                .FT_GlyphLoader_CreateExtra
 .text.FT_GlyphLoader_Adjust_Subglyphs
                0x000000000001fefc       0x64 /usr/local/ps3dev/portlibs/ppu/lib/libfreetype.a(ftbase.o)
 .text.FT_GlyphLoader_CheckPoints
                0x000000000001ff60      0x370 /usr/local/ps3dev/portlibs/ppu/lib/libfreetype.a(ftbase.o)
                0x000000000001ff60                .FT_GlyphLoader_CheckPoints
 .text.FT_GlyphLoader_CheckSubGlyphs
                0x00000000000202d0      0x134 /usr/local/ps3dev/portlibs/ppu/lib/libfreetype.a(ftbase.o)
                0x00000000000202d0                .FT_GlyphLoader_CheckSubGlyphs
 .text.FT_GlyphLoader_Prepare
                0x0000000000020404       0x7c /usr/local/ps3dev/portlibs/ppu/lib/libfreetype.a(ftbase.o)
                0x0000000000020404                .FT_GlyphLoader_Prepare
 .text.FT_GlyphLoader_Add
                0x0000000000020480      0x188 /usr/local/ps3dev/portlibs/ppu/lib/libfreetype.a(ftbase.o)
                0x0000000000020480                .FT_GlyphLoader_Add
 .text.FT_GlyphLoader_CopyPoints
                0x0000000000020608      0x1cc /usr/local/ps3dev/portlibs/ppu/lib/libfreetype.a(ftbase.o)
                0x0000000000020608                .FT_GlyphLoader_CopyPoints
 .text.ft_service_list_lookup
                0x00000000000207d4       0xc0 /usr/local/ps3dev/portlibs/ppu/lib/libfreetype.a(ftbase.o)
                0x00000000000207d4                .ft_service_list_lookup
 .text.ft_validator_init
                0x0000000000020894       0x6c /usr/local/ps3dev/portlibs/ppu/lib/libfreetype.a(ftbase.o)
                0x0000000000020894                .ft_validator_init
 .text.ft_validator_run
                0x0000000000020900       0x30 /usr/local/ps3dev/portlibs/ppu/lib/libfreetype.a(ftbase.o)
                0x0000000000020900                .ft_validator_run
 .text.ft_validator_error
                0x0000000000020930       0x6c /usr/local/ps3dev/portlibs/ppu/lib/libfreetype.a(ftbase.o)
                0x0000000000020930                .ft_validator_error
 .text.FT_Stream_New
                0x000000000002099c      0x1e4 /usr/local/ps3dev/portlibs/ppu/lib/libfreetype.a(ftbase.o)
                0x000000000002099c                .FT_Stream_New
 .text.FT_Stream_Free
                0x0000000000020b80       0x84 /usr/local/ps3dev/portlibs/ppu/lib/libfreetype.a(ftbase.o)
                0x0000000000020b80                .FT_Stream_Free
 .text.ft_glyphslot_init
                0x0000000000020c04      0x150 /usr/local/ps3dev/portlibs/ppu/lib/libfreetype.a(ftbase.o)
 .text.ft_glyphslot_free_bitmap
                0x0000000000020d54       0xc8 /usr/local/ps3dev/portlibs/ppu/lib/libfreetype.a(ftbase.o)
                0x0000000000020d54                .ft_glyphslot_free_bitmap
 .text.ft_glyphslot_set_bitmap
                0x0000000000020e1c       0x54 /usr/local/ps3dev/portlibs/ppu/lib/libfreetype.a(ftbase.o)
                0x0000000000020e1c                .ft_glyphslot_set_bitmap
 .text.ft_glyphslot_alloc_bitmap
                0x0000000000020e70       0xdc /usr/local/ps3dev/portlibs/ppu/lib/libfreetype.a(ftbase.o)
                0x0000000000020e70                .ft_glyphslot_alloc_bitmap
 .text.ft_glyphslot_clear
                0x0000000000020f4c      0x13c /usr/local/ps3dev/portlibs/ppu/lib/libfreetype.a(ftbase.o)
 .text.ft_glyphslot_done
                0x0000000000021088      0x110 /usr/local/ps3dev/portlibs/ppu/lib/libfreetype.a(ftbase.o)
 .text.FT_New_GlyphSlot
                0x0000000000021198      0x164 /usr/local/ps3dev/portlibs/ppu/lib/libfreetype.a(ftbase.o)
                0x0000000000021198                .FT_New_GlyphSlot
 .text.FT_Done_GlyphSlot
                0x00000000000212fc      0x108 /usr/local/ps3dev/portlibs/ppu/lib/libfreetype.a(ftbase.o)
                0x00000000000212fc                .FT_Done_GlyphSlot
 .text.FT_Set_Transform
                0x0000000000021404      0x1b8 /usr/local/ps3dev/portlibs/ppu/lib/libfreetype.a(ftbase.o)
                0x0000000000021404                .FT_Set_Transform
 .text.ft_glyphslot_grid_fit_metrics
                0x00000000000215bc      0x204 /usr/local/ps3dev/portlibs/ppu/lib/libfreetype.a(ftbase.o)
 .text.FT_Load_Glyph
                0x00000000000217c0      0x750 /usr/local/ps3dev/portlibs/ppu/lib/libfreetype.a(ftbase.o)
                0x00000000000217c0                .FT_Load_Glyph
 .text.FT_Load_Char
                0x0000000000021f10       0xa8 /usr/local/ps3dev/portlibs/ppu/lib/libfreetype.a(ftbase.o)
                0x0000000000021f10                .FT_Load_Char
 .text.destroy_size
                0x0000000000021fb8       0xf0 /usr/local/ps3dev/portlibs/ppu/lib/libfreetype.a(ftbase.o)
 .text.destroy_charmaps
                0x00000000000220a8       0xf4 /usr/local/ps3dev/portlibs/ppu/lib/libfreetype.a(ftbase.o)
 .text.destroy_face
                0x000000000002219c      0x1d8 /usr/local/ps3dev/portlibs/ppu/lib/libfreetype.a(ftbase.o)
 .text.Destroy_Driver
                0x0000000000022374       0x88 /usr/local/ps3dev/portlibs/ppu/lib/libfreetype.a(ftbase.o)
 .text.find_unicode_charmap
                0x00000000000223fc      0x1b0 /usr/local/ps3dev/portlibs/ppu/lib/libfreetype.a(ftbase.o)
 .text.find_variant_selector_charmap
                0x00000000000225ac      0x10c /usr/local/ps3dev/portlibs/ppu/lib/libfreetype.a(ftbase.o)
 .text.open_face
                0x00000000000226b8      0x2f4 /usr/local/ps3dev/portlibs/ppu/lib/libfreetype.a(ftbase.o)
 .text.FT_New_Face
                0x00000000000229ac       0x90 /usr/local/ps3dev/portlibs/ppu/lib/libfreetype.a(ftbase.o)
                0x00000000000229ac                .FT_New_Face
 .text.FT_New_Memory_Face
                0x0000000000022a3c       0x9c /usr/local/ps3dev/portlibs/ppu/lib/libfreetype.a(ftbase.o)
                0x0000000000022a3c                .FT_New_Memory_Face
 .text.memory_stream_close
                0x0000000000022ad8       0x8c /usr/local/ps3dev/portlibs/ppu/lib/libfreetype.a(ftbase.o)
 .text.new_memory_stream
                0x0000000000022b64       0xec /usr/local/ps3dev/portlibs/ppu/lib/libfreetype.a(ftbase.o)
 .text.open_face_from_buffer
                0x0000000000022c50      0x178 /usr/local/ps3dev/portlibs/ppu/lib/libfreetype.a(ftbase.o)
 .text.ft_lookup_PS_in_sfnt_stream
                0x0000000000022dc8      0x314 /usr/local/ps3dev/portlibs/ppu/lib/libfreetype.a(ftbase.o)
 .text.open_face_PS_from_sfnt_stream
                0x00000000000230dc      0x1dc /usr/local/ps3dev/portlibs/ppu/lib/libfreetype.a(ftbase.o)
 .text.Mac_Read_POST_Resource
                0x00000000000232b8      0x6b0 /usr/local/ps3dev/portlibs/ppu/lib/libfreetype.a(ftbase.o)
 .text.Mac_Read_sfnt_Resource
                0x0000000000023968      0x270 /usr/local/ps3dev/portlibs/ppu/lib/libfreetype.a(ftbase.o)
 .text.IsMacResource
                0x0000000000023bd8      0x1fc /usr/local/ps3dev/portlibs/ppu/lib/libfreetype.a(ftbase.o)
 .text.IsMacBinary
                0x0000000000023dd4      0x1b4 /usr/local/ps3dev/portlibs/ppu/lib/libfreetype.a(ftbase.o)
 .text.load_face_in_embedded_rfork
                0x0000000000023f88      0x280 /usr/local/ps3dev/portlibs/ppu/lib/libfreetype.a(ftbase.o)
 .text.load_mac_face
                0x0000000000024208      0x104 /usr/local/ps3dev/portlibs/ppu/lib/libfreetype.a(ftbase.o)
 .text.FT_Open_Face
                0x000000000002430c      0x7b0 /usr/local/ps3dev/portlibs/ppu/lib/libfreetype.a(ftbase.o)
                0x000000000002430c                .FT_Open_Face
 .text.FT_Attach_File
                0x0000000000024abc       0x80 /usr/local/ps3dev/portlibs/ppu/lib/libfreetype.a(ftbase.o)
                0x0000000000024abc                .FT_Attach_File
 .text.FT_Attach_Stream
                0x0000000000024b3c      0x15c /usr/local/ps3dev/portlibs/ppu/lib/libfreetype.a(ftbase.o)
                0x0000000000024b3c                .FT_Attach_Stream
 .text.FT_Reference_Face
                0x0000000000024c98       0x48 /usr/local/ps3dev/portlibs/ppu/lib/libfreetype.a(ftbase.o)
                0x0000000000024c98                .FT_Reference_Face
 .text.FT_Done_Face
                0x0000000000024ce0      0x11c /usr/local/ps3dev/portlibs/ppu/lib/libfreetype.a(ftbase.o)
                0x0000000000024ce0                .FT_Done_Face
 .text.FT_New_Size
                0x0000000000024dfc      0x1f4 /usr/local/ps3dev/portlibs/ppu/lib/libfreetype.a(ftbase.o)
                0x0000000000024dfc                .FT_New_Size
 .text.FT_Done_Size
                0x0000000000024ff0      0x158 /usr/local/ps3dev/portlibs/ppu/lib/libfreetype.a(ftbase.o)
                0x0000000000024ff0                .FT_Done_Size
 .text.FT_Match_Size
                0x0000000000025148      0x238 /usr/local/ps3dev/portlibs/ppu/lib/libfreetype.a(ftbase.o)
                0x0000000000025148                .FT_Match_Size
 .text.ft_synthesize_vertical_metrics
                0x0000000000025380      0x110 /usr/local/ps3dev/portlibs/ppu/lib/libfreetype.a(ftbase.o)
                0x0000000000025380                .ft_synthesize_vertical_metrics
 .text.ft_recompute_scaled_metrics
                0x0000000000025490      0x11c /usr/local/ps3dev/portlibs/ppu/lib/libfreetype.a(ftbase.o)
 .text.FT_Select_Metrics
                0x00000000000255ac      0x17c /usr/local/ps3dev/portlibs/ppu/lib/libfreetype.a(ftbase.o)
                0x00000000000255ac                .FT_Select_Metrics
 .text.FT_Request_Metrics
                0x0000000000025728      0x498 /usr/local/ps3dev/portlibs/ppu/lib/libfreetype.a(ftbase.o)
                0x0000000000025728                .FT_Request_Metrics
 .text.FT_Select_Size
                0x0000000000025bc0      0x114 /usr/local/ps3dev/portlibs/ppu/lib/libfreetype.a(ftbase.o)
                0x0000000000025bc0                .FT_Select_Size
 .text.FT_Request_Size
                0x0000000000025cd4      0x180 /usr/local/ps3dev/portlibs/ppu/lib/libfreetype.a(ftbase.o)
                0x0000000000025cd4                .FT_Request_Size
 .text.FT_Set_Char_Size
                0x0000000000025e54      0x130 /usr/local/ps3dev/portlibs/ppu/lib/libfreetype.a(ftbase.o)
                0x0000000000025e54                .FT_Set_Char_Size
 .text.FT_Set_Pixel_Sizes
                0x0000000000025f84      0x130 /usr/local/ps3dev/portlibs/ppu/lib/libfreetype.a(ftbase.o)
                0x0000000000025f84                .FT_Set_Pixel_Sizes
 .text.FT_Get_Kerning
                0x00000000000260b4      0x24c /usr/local/ps3dev/portlibs/ppu/lib/libfreetype.a(ftbase.o)
                0x00000000000260b4                .FT_Get_Kerning
 .text.FT_Get_Track_Kerning
                0x0000000000026300      0x140 /usr/local/ps3dev/portlibs/ppu/lib/libfreetype.a(ftbase.o)
                0x0000000000026300                .FT_Get_Track_Kerning
 .text.FT_Select_Charmap
                0x0000000000026440      0x13c /usr/local/ps3dev/portlibs/ppu/lib/libfreetype.a(ftbase.o)
                0x0000000000026440                .FT_Select_Charmap
 .text.FT_Set_Charmap
                0x000000000002657c      0x118 /usr/local/ps3dev/portlibs/ppu/lib/libfreetype.a(ftbase.o)
                0x000000000002657c                .FT_Set_Charmap
 .text.FT_Get_Charmap_Index
                0x0000000000026694       0xdc /usr/local/ps3dev/portlibs/ppu/lib/libfreetype.a(ftbase.o)
                0x0000000000026694                .FT_Get_Charmap_Index
 .text.ft_cmap_done_internal
                0x0000000000026770       0xac /usr/local/ps3dev/portlibs/ppu/lib/libfreetype.a(ftbase.o)
 .text.FT_CMap_Done
                0x000000000002681c      0x248 /usr/local/ps3dev/portlibs/ppu/lib/libfreetype.a(ftbase.o)
                0x000000000002681c                .FT_CMap_Done
 .text.FT_CMap_New
                0x0000000000026a64      0x228 /usr/local/ps3dev/portlibs/ppu/lib/libfreetype.a(ftbase.o)
                0x0000000000026a64                .FT_CMap_New
 .text.FT_Get_Char_Index
                0x0000000000026c8c       0xb4 /usr/local/ps3dev/portlibs/ppu/lib/libfreetype.a(ftbase.o)
                0x0000000000026c8c                .FT_Get_Char_Index
 .text.FT_Get_First_Char
                0x0000000000026d40       0xe8 /usr/local/ps3dev/portlibs/ppu/lib/libfreetype.a(ftbase.o)
                0x0000000000026d40                .FT_Get_First_Char
 .text.FT_Get_Next_Char
                0x0000000000026e28      0x124 /usr/local/ps3dev/portlibs/ppu/lib/libfreetype.a(ftbase.o)
                0x0000000000026e28                .FT_Get_Next_Char
 .text.FT_Face_GetCharVariantIndex
                0x0000000000026f4c      0x104 /usr/local/ps3dev/portlibs/ppu/lib/libfreetype.a(ftbase.o)
                0x0000000000026f4c                .FT_Face_GetCharVariantIndex
 .text.FT_Face_GetCharVariantIsDefault
                0x0000000000027050       0xcc /usr/local/ps3dev/portlibs/ppu/lib/libfreetype.a(ftbase.o)
                0x0000000000027050                .FT_Face_GetCharVariantIsDefault
 .text.FT_Face_GetVariantSelectors
                0x000000000002711c       0xb4 /usr/local/ps3dev/portlibs/ppu/lib/libfreetype.a(ftbase.o)
                0x000000000002711c                .FT_Face_GetVariantSelectors
 .text.FT_Face_GetVariantsOfChar
                0x00000000000271d0       0xc4 /usr/local/ps3dev/portlibs/ppu/lib/libfreetype.a(ftbase.o)
                0x00000000000271d0                .FT_Face_GetVariantsOfChar
 .text.FT_Face_GetCharsOfVariant
                0x0000000000027294       0xc4 /usr/local/ps3dev/portlibs/ppu/lib/libfreetype.a(ftbase.o)
                0x0000000000027294                .FT_Face_GetCharsOfVariant
 .text.FT_Get_Name_Index
                0x0000000000027358      0x184 /usr/local/ps3dev/portlibs/ppu/lib/libfreetype.a(ftbase.o)
                0x0000000000027358                .FT_Get_Name_Index
 .text.FT_Get_Glyph_Name
                0x00000000000274dc      0x1e4 /usr/local/ps3dev/portlibs/ppu/lib/libfreetype.a(ftbase.o)
                0x00000000000274dc                .FT_Get_Glyph_Name
 .text.FT_Get_Postscript_Name
                0x00000000000276c0      0x180 /usr/local/ps3dev/portlibs/ppu/lib/libfreetype.a(ftbase.o)
                0x00000000000276c0                .FT_Get_Postscript_Name
 .text.FT_Get_Sfnt_Table
                0x0000000000027840      0x114 /usr/local/ps3dev/portlibs/ppu/lib/libfreetype.a(ftbase.o)
                0x0000000000027840                .FT_Get_Sfnt_Table
 .text.FT_Load_Sfnt_Table
                0x0000000000027954      0x128 /usr/local/ps3dev/portlibs/ppu/lib/libfreetype.a(ftbase.o)
                0x0000000000027954                .FT_Load_Sfnt_Table
 .text.FT_Sfnt_Table_Info
                0x0000000000027a7c      0x130 /usr/local/ps3dev/portlibs/ppu/lib/libfreetype.a(ftbase.o)
                0x0000000000027a7c                .FT_Sfnt_Table_Info
 .text.FT_Get_CMap_Language_ID
                0x0000000000027bac      0x12c /usr/local/ps3dev/portlibs/ppu/lib/libfreetype.a(ftbase.o)
                0x0000000000027bac                .FT_Get_CMap_Language_ID
 .text.FT_Get_CMap_Format
                0x0000000000027cd8      0x12c /usr/local/ps3dev/portlibs/ppu/lib/libfreetype.a(ftbase.o)
                0x0000000000027cd8                .FT_Get_CMap_Format
 .text.FT_Activate_Size
                0x0000000000027e04       0x80 /usr/local/ps3dev/portlibs/ppu/lib/libfreetype.a(ftbase.o)
                0x0000000000027e04                .FT_Activate_Size
 .text.FT_Lookup_Renderer
                0x0000000000027e84       0xfc /usr/local/ps3dev/portlibs/ppu/lib/libfreetype.a(ftbase.o)
                0x0000000000027e84                .FT_Lookup_Renderer
 .text.ft_lookup_glyph_renderer
                0x0000000000027f80       0xa8 /usr/local/ps3dev/portlibs/ppu/lib/libfreetype.a(ftbase.o)
 .text.ft_set_current_renderer
                0x0000000000028028       0x60 /usr/local/ps3dev/portlibs/ppu/lib/libfreetype.a(ftbase.o)
 .text.ft_add_renderer
                0x0000000000028088      0x1c0 /usr/local/ps3dev/portlibs/ppu/lib/libfreetype.a(ftbase.o)
 .text.ft_remove_renderer
                0x0000000000028248      0x114 /usr/local/ps3dev/portlibs/ppu/lib/libfreetype.a(ftbase.o)
 .text.FT_Get_Renderer
                0x000000000002835c       0x5c /usr/local/ps3dev/portlibs/ppu/lib/libfreetype.a(ftbase.o)
                0x000000000002835c                .FT_Get_Renderer
 .text.FT_Set_Renderer
                0x00000000000283b8      0x180 /usr/local/ps3dev/portlibs/ppu/lib/libfreetype.a(ftbase.o)
                0x00000000000283b8                .FT_Set_Renderer
 .text.FT_Render_Glyph_Internal
                0x0000000000028538      0x1b4 /usr/local/ps3dev/portlibs/ppu/lib/libfreetype.a(ftbase.o)
                0x0000000000028538                .FT_Render_Glyph_Internal
 .text.FT_Render_Glyph
                0x00000000000286ec       0x94 /usr/local/ps3dev/portlibs/ppu/lib/libfreetype.a(ftbase.o)
                0x00000000000286ec                .FT_Render_Glyph
 .text.Destroy_Module
                0x0000000000028780      0x150 /usr/local/ps3dev/portlibs/ppu/lib/libfreetype.a(ftbase.o)
 .text.FT_Add_Module
                0x00000000000288d0      0x41c /usr/local/ps3dev/portlibs/ppu/lib/libfreetype.a(ftbase.o)
                0x00000000000288d0                .FT_Add_Module
 .text.FT_Get_Module
                0x0000000000028cec       0xec /usr/local/ps3dev/portlibs/ppu/lib/libfreetype.a(ftbase.o)
                0x0000000000028cec                .FT_Get_Module
 .text.FT_Get_Module_Interface
                0x0000000000028dd8       0x70 /usr/local/ps3dev/portlibs/ppu/lib/libfreetype.a(ftbase.o)
                0x0000000000028dd8                .FT_Get_Module_Interface
 .text.ft_module_get_service
                0x0000000000028e48      0x17c /usr/local/ps3dev/portlibs/ppu/lib/libfreetype.a(ftbase.o)
                0x0000000000028e48                .ft_module_get_service
 .text.FT_Remove_Module
                0x0000000000028fc4      0x12c /usr/local/ps3dev/portlibs/ppu/lib/libfreetype.a(ftbase.o)
                0x0000000000028fc4                .FT_Remove_Module
 .text.FT_Reference_Library
                0x00000000000290f0       0x48 /usr/local/ps3dev/portlibs/ppu/lib/libfreetype.a(ftbase.o)
                0x00000000000290f0                .FT_Reference_Library
 .text.FT_New_Library
                0x0000000000029138      0x13c /usr/local/ps3dev/portlibs/ppu/lib/libfreetype.a(ftbase.o)
                0x0000000000029138                .FT_New_Library
 .text.FT_Library_Version
                0x0000000000029274       0xc8 /usr/local/ps3dev/portlibs/ppu/lib/libfreetype.a(ftbase.o)
                0x0000000000029274                .FT_Library_Version
 .text.FT_Done_Library
                0x000000000002933c      0x290 /usr/local/ps3dev/portlibs/ppu/lib/libfreetype.a(ftbase.o)
                0x000000000002933c                .FT_Done_Library
 .text.FT_Set_Debug_Hook
                0x00000000000295cc       0x7c /usr/local/ps3dev/portlibs/ppu/lib/libfreetype.a(ftbase.o)
                0x00000000000295cc                .FT_Set_Debug_Hook
 .text.FT_Get_TrueType_Engine_Type
                0x0000000000029648       0x98 /usr/local/ps3dev/portlibs/ppu/lib/libfreetype.a(ftbase.o)
                0x0000000000029648                .FT_Get_TrueType_Engine_Type
 .text.ft_stub_set_char_sizes
                0x00000000000296e0      0x128 /usr/local/ps3dev/portlibs/ppu/lib/libfreetype.a(ftbase.o)
                0x00000000000296e0                .ft_stub_set_char_sizes
 .text.ft_stub_set_pixel_sizes
                0x0000000000029808       0xec /usr/local/ps3dev/portlibs/ppu/lib/libfreetype.a(ftbase.o)
                0x0000000000029808                .ft_stub_set_pixel_sizes
 .text.FT_Get_SubGlyph_Info
                0x00000000000298f4      0x134 /usr/local/ps3dev/portlibs/ppu/lib/libfreetype.a(ftbase.o)
                0x00000000000298f4                .FT_Get_SubGlyph_Info
 .text.FT_Outline_Decompose
                0x0000000000029a28      0x840 /usr/local/ps3dev/portlibs/ppu/lib/libfreetype.a(ftbase.o)
                0x0000000000029a28                .FT_Outline_Decompose
 .text.FT_Outline_New_Internal
                0x000000000002a268      0x1dc /usr/local/ps3dev/portlibs/ppu/lib/libfreetype.a(ftbase.o)
                0x000000000002a268                .FT_Outline_New_Internal
 .text.FT_Outline_New
                0x000000000002a444       0x94 /usr/local/ps3dev/portlibs/ppu/lib/libfreetype.a(ftbase.o)
                0x000000000002a444                .FT_Outline_New
 .text.FT_Outline_Check
                0x000000000002a4d8      0x144 /usr/local/ps3dev/portlibs/ppu/lib/libfreetype.a(ftbase.o)
                0x000000000002a4d8                .FT_Outline_Check
 .text.FT_Outline_Copy
                0x000000000002a61c      0x1b8 /usr/local/ps3dev/portlibs/ppu/lib/libfreetype.a(ftbase.o)
                0x000000000002a61c                .FT_Outline_Copy
 .text.FT_Outline_Done_Internal
                0x000000000002a7d4      0x10c /usr/local/ps3dev/portlibs/ppu/lib/libfreetype.a(ftbase.o)
                0x000000000002a7d4                .FT_Outline_Done_Internal
 .text.FT_Outline_Done
                0x000000000002a8e0       0x6c /usr/local/ps3dev/portlibs/ppu/lib/libfreetype.a(ftbase.o)
                0x000000000002a8e0                .FT_Outline_Done
 .text.FT_Outline_Get_CBox
                0x000000000002a94c      0x1a4 /usr/local/ps3dev/portlibs/ppu/lib/libfreetype.a(ftbase.o)
                0x000000000002a94c                .FT_Outline_Get_CBox
 .text.FT_Outline_Translate
                0x000000000002aaf0       0xc4 /usr/local/ps3dev/portlibs/ppu/lib/libfreetype.a(ftbase.o)
                0x000000000002aaf0                .FT_Outline_Translate
 .text.FT_Outline_Reverse
                0x000000000002abb4      0x1f4 /usr/local/ps3dev/portlibs/ppu/lib/libfreetype.a(ftbase.o)
                0x000000000002abb4                .FT_Outline_Reverse
 .text.FT_Outline_Render
                0x000000000002ada8      0x17c /usr/local/ps3dev/portlibs/ppu/lib/libfreetype.a(ftbase.o)
                0x000000000002ada8                .FT_Outline_Render
 .text.FT_Outline_Get_Bitmap
                0x000000000002af24       0xc4 /usr/local/ps3dev/portlibs/ppu/lib/libfreetype.a(ftbase.o)
                0x000000000002af24                .FT_Outline_Get_Bitmap
 .text.FT_Vector_Transform
                0x000000000002afe8      0x10c /usr/local/ps3dev/portlibs/ppu/lib/libfreetype.a(ftbase.o)
                0x000000000002afe8                .FT_Vector_Transform
 .text.FT_Outline_Transform
                0x000000000002b0f4       0xb0 /usr/local/ps3dev/portlibs/ppu/lib/libfreetype.a(ftbase.o)
                0x000000000002b0f4                .FT_Outline_Transform
 .text.FT_Outline_Embolden
                0x000000000002b1a4      0x3d4 /usr/local/ps3dev/portlibs/ppu/lib/libfreetype.a(ftbase.o)
                0x000000000002b1a4                .FT_Outline_Embolden
 .text.FT_Outline_Get_Orientation
                0x000000000002b578      0x6bc /usr/local/ps3dev/portlibs/ppu/lib/libfreetype.a(ftbase.o)
                0x000000000002b578                .FT_Outline_Get_Orientation
 .text.FT_Raccess_Get_HeaderInfo
                0x000000000002bc34      0x3e8 /usr/local/ps3dev/portlibs/ppu/lib/libfreetype.a(ftbase.o)
                0x000000000002bc34                .FT_Raccess_Get_HeaderInfo
 .text.ft_raccess_sort_ref_by_id
                0x000000000002c01c       0x74 /usr/local/ps3dev/portlibs/ppu/lib/libfreetype.a(ftbase.o)
 .text.FT_Raccess_Get_DataOffsets
                0x000000000002c090      0x464 /usr/local/ps3dev/portlibs/ppu/lib/libfreetype.a(ftbase.o)
                0x000000000002c090                .FT_Raccess_Get_DataOffsets
 .text.FT_Raccess_Guess
                0x000000000002c4f4      0x1a4 /usr/local/ps3dev/portlibs/ppu/lib/libfreetype.a(ftbase.o)
                0x000000000002c4f4                .FT_Raccess_Guess
 .text.raccess_guess_apple_double
                0x000000000002c698       0x9c /usr/local/ps3dev/portlibs/ppu/lib/libfreetype.a(ftbase.o)
 .text.raccess_guess_apple_single
                0x000000000002c734       0x9c /usr/local/ps3dev/portlibs/ppu/lib/libfreetype.a(ftbase.o)
 .text.raccess_guess_darwin_ufs_export
                0x000000000002c7d0       0xd0 /usr/local/ps3dev/portlibs/ppu/lib/libfreetype.a(ftbase.o)
 .text.raccess_guess_darwin_hfsplus
                0x000000000002c8a0      0x11c /usr/local/ps3dev/portlibs/ppu/lib/libfreetype.a(ftbase.o)
 .text.raccess_guess_darwin_newvfs
                0x000000000002c9bc      0x11c /usr/local/ps3dev/portlibs/ppu/lib/libfreetype.a(ftbase.o)
 .text.raccess_guess_vfat
                0x000000000002cad8       0x9c /usr/local/ps3dev/portlibs/ppu/lib/libfreetype.a(ftbase.o)
 .text.raccess_guess_linux_cap
                0x000000000002cb74       0x9c /usr/local/ps3dev/portlibs/ppu/lib/libfreetype.a(ftbase.o)
 .text.raccess_guess_linux_double
                0x000000000002cc10       0xd0 /usr/local/ps3dev/portlibs/ppu/lib/libfreetype.a(ftbase.o)
 .text.raccess_guess_linux_netatalk
                0x000000000002cce0       0xd0 /usr/local/ps3dev/portlibs/ppu/lib/libfreetype.a(ftbase.o)
 .text.raccess_guess_apple_generic
                0x000000000002cdb0      0x26c /usr/local/ps3dev/portlibs/ppu/lib/libfreetype.a(ftbase.o)
 .text.raccess_guess_linux_double_from_file_name
                0x000000000002d01c       0xd4 /usr/local/ps3dev/portlibs/ppu/lib/libfreetype.a(ftbase.o)
 .text.raccess_make_file_name
                0x000000000002d0f0      0x178 /usr/local/ps3dev/portlibs/ppu/lib/libfreetype.a(ftbase.o)
 .text.FT_Get_Sfnt_Name_Count
                0x000000000002d268       0x60 /usr/local/ps3dev/portlibs/ppu/lib/libfreetype.a(ftbase.o)
                0x000000000002d268                .FT_Get_Sfnt_Name_Count
 .text.FT_Get_Sfnt_Name
                0x000000000002d2c8      0x238 /usr/local/ps3dev/portlibs/ppu/lib/libfreetype.a(ftbase.o)
                0x000000000002d2c8                .FT_Get_Sfnt_Name
 .text.FT_Stream_OpenMemory
                0x000000000002d500       0x7c /usr/local/ps3dev/portlibs/ppu/lib/libfreetype.a(ftbase.o)
                0x000000000002d500                .FT_Stream_OpenMemory
 .text.FT_Stream_Close
                0x000000000002d57c       0x80 /usr/local/ps3dev/portlibs/ppu/lib/libfreetype.a(ftbase.o)
                0x000000000002d57c                .FT_Stream_Close
 .text.FT_Stream_Seek
                0x000000000002d5fc       0xe0 /usr/local/ps3dev/portlibs/ppu/lib/libfreetype.a(ftbase.o)
                0x000000000002d5fc                .FT_Stream_Seek
 .text.FT_Stream_Skip
                0x000000000002d6dc       0x74 /usr/local/ps3dev/portlibs/ppu/lib/libfreetype.a(ftbase.o)
                0x000000000002d6dc                .FT_Stream_Skip
 .text.FT_Stream_Pos
                0x000000000002d750       0x34 /usr/local/ps3dev/portlibs/ppu/lib/libfreetype.a(ftbase.o)
                0x000000000002d750                .FT_Stream_Pos
 .text.FT_Stream_Read
                0x000000000002d784       0x64 /usr/local/ps3dev/portlibs/ppu/lib/libfreetype.a(ftbase.o)
                0x000000000002d784                .FT_Stream_Read
 .text.FT_Stream_ReadAt
                0x000000000002d7e8      0x13c /usr/local/ps3dev/portlibs/ppu/lib/libfreetype.a(ftbase.o)
                0x000000000002d7e8                .FT_Stream_ReadAt
 .text.FT_Stream_TryRead
                0x000000000002d924      0x134 /usr/local/ps3dev/portlibs/ppu/lib/libfreetype.a(ftbase.o)
                0x000000000002d924                .FT_Stream_TryRead
 .text.FT_Stream_ExtractFrame
                0x000000000002da58       0x94 /usr/local/ps3dev/portlibs/ppu/lib/libfreetype.a(ftbase.o)
                0x000000000002da58                .FT_Stream_ExtractFrame
 .text.FT_Stream_ReleaseFrame
                0x000000000002daec       0x94 /usr/local/ps3dev/portlibs/ppu/lib/libfreetype.a(ftbase.o)
                0x000000000002daec                .FT_Stream_ReleaseFrame
 .text.FT_Stream_EnterFrame
                0x000000000002db80      0x21c /usr/local/ps3dev/portlibs/ppu/lib/libfreetype.a(ftbase.o)
                0x000000000002db80                .FT_Stream_EnterFrame
 .text.FT_Stream_ExitFrame
                0x000000000002dd9c       0x90 /usr/local/ps3dev/portlibs/ppu/lib/libfreetype.a(ftbase.o)
                0x000000000002dd9c                .FT_Stream_ExitFrame
 .text.FT_Stream_GetChar
                0x000000000002de2c       0x70 /usr/local/ps3dev/portlibs/ppu/lib/libfreetype.a(ftbase.o)
                0x000000000002de2c                .FT_Stream_GetChar
 .text.FT_Stream_GetShort
                0x000000000002de9c       0xb4 /usr/local/ps3dev/portlibs/ppu/lib/libfreetype.a(ftbase.o)
                0x000000000002de9c                .FT_Stream_GetShort
 .text.FT_Stream_GetShortLE
                0x000000000002df50       0xb4 /usr/local/ps3dev/portlibs/ppu/lib/libfreetype.a(ftbase.o)
                0x000000000002df50                .FT_Stream_GetShortLE
 .text.FT_Stream_GetOffset
                0x000000000002e004       0xd4 /usr/local/ps3dev/portlibs/ppu/lib/libfreetype.a(ftbase.o)
                0x000000000002e004                .FT_Stream_GetOffset
 .text.FT_Stream_GetLong
                0x000000000002e0d8       0xf8 /usr/local/ps3dev/portlibs/ppu/lib/libfreetype.a(ftbase.o)
                0x000000000002e0d8                .FT_Stream_GetLong
 .text.FT_Stream_GetLongLE
                0x000000000002e1d0       0xf8 /usr/local/ps3dev/portlibs/ppu/lib/libfreetype.a(ftbase.o)
                0x000000000002e1d0                .FT_Stream_GetLongLE
 .text.FT_Stream_ReadChar
                0x000000000002e2c8      0x11c /usr/local/ps3dev/portlibs/ppu/lib/libfreetype.a(ftbase.o)
                0x000000000002e2c8                .FT_Stream_ReadChar
 .text.FT_Stream_ReadShort
                0x000000000002e3e4      0x188 /usr/local/ps3dev/portlibs/ppu/lib/libfreetype.a(ftbase.o)
                0x000000000002e3e4                .FT_Stream_ReadShort
 .text.FT_Stream_ReadShortLE
                0x000000000002e56c      0x188 /usr/local/ps3dev/portlibs/ppu/lib/libfreetype.a(ftbase.o)
                0x000000000002e56c                .FT_Stream_ReadShortLE
 .text.FT_Stream_ReadOffset
                0x000000000002e6f4      0x1a8 /usr/local/ps3dev/portlibs/ppu/lib/libfreetype.a(ftbase.o)
                0x000000000002e6f4                .FT_Stream_ReadOffset
 .text.FT_Stream_ReadLong
                0x000000000002e89c      0x1cc /usr/local/ps3dev/portlibs/ppu/lib/libfreetype.a(ftbase.o)
                0x000000000002e89c                .FT_Stream_ReadLong
 .text.FT_Stream_ReadLongLE
                0x000000000002ea68      0x1cc /usr/local/ps3dev/portlibs/ppu/lib/libfreetype.a(ftbase.o)
                0x000000000002ea68                .FT_Stream_ReadLongLE
 .text.FT_Stream_ReadFields
                0x000000000002ec34      0x5e0 /usr/local/ps3dev/portlibs/ppu/lib/libfreetype.a(ftbase.o)
                0x000000000002ec34                .FT_Stream_ReadFields
 .text.ft_trig_downscale
                0x000000000002f214      0x150 /usr/local/ps3dev/portlibs/ppu/lib/libfreetype.a(ftbase.o)
 .text.ft_trig_prenorm
                0x000000000002f364      0x1c4 /usr/local/ps3dev/portlibs/ppu/lib/libfreetype.a(ftbase.o)
 .text.ft_trig_pseudo_rotate
                0x000000000002f528      0x25c /usr/local/ps3dev/portlibs/ppu/lib/libfreetype.a(ftbase.o)
 .text.ft_trig_pseudo_polarize
                0x000000000002f784      0x274 /usr/local/ps3dev/portlibs/ppu/lib/libfreetype.a(ftbase.o)
 .text.FT_Cos   0x000000000002f9f8       0x6c /usr/local/ps3dev/portlibs/ppu/lib/libfreetype.a(ftbase.o)
                0x000000000002f9f8                .FT_Cos
 .text.FT_Sin   0x000000000002fa64       0x54 /usr/local/ps3dev/portlibs/ppu/lib/libfreetype.a(ftbase.o)
                0x000000000002fa64                .FT_Sin
 .text.FT_Tan   0x000000000002fab8       0x78 /usr/local/ps3dev/portlibs/ppu/lib/libfreetype.a(ftbase.o)
                0x000000000002fab8                .FT_Tan
 .text.FT_Atan2
                0x000000000002fb30       0x8c /usr/local/ps3dev/portlibs/ppu/lib/libfreetype.a(ftbase.o)
                0x000000000002fb30                .FT_Atan2
 .text.FT_Vector_Unit
                0x000000000002fbbc       0x90 /usr/local/ps3dev/portlibs/ppu/lib/libfreetype.a(ftbase.o)
                0x000000000002fbbc                .FT_Vector_Unit
 .text.FT_Vector_Rotate
                0x000000000002fc4c      0x17c /usr/local/ps3dev/portlibs/ppu/lib/libfreetype.a(ftbase.o)
                0x000000000002fc4c                .FT_Vector_Rotate
 .text.FT_Vector_Length
                0x000000000002fdc8      0x114 /usr/local/ps3dev/portlibs/ppu/lib/libfreetype.a(ftbase.o)
                0x000000000002fdc8                .FT_Vector_Length
 .text.FT_Vector_Polarize
                0x000000000002fedc       0xf0 /usr/local/ps3dev/portlibs/ppu/lib/libfreetype.a(ftbase.o)
                0x000000000002fedc                .FT_Vector_Polarize
 .text.FT_Vector_From_Polar
                0x000000000002ffcc       0x68 /usr/local/ps3dev/portlibs/ppu/lib/libfreetype.a(ftbase.o)
                0x000000000002ffcc                .FT_Vector_From_Polar
 .text.FT_Angle_Diff
                0x0000000000030034       0xb4 /usr/local/ps3dev/portlibs/ppu/lib/libfreetype.a(ftbase.o)
                0x0000000000030034                .FT_Angle_Diff
 .text.ft_mem_alloc
                0x00000000000300e8       0xa4 /usr/local/ps3dev/portlibs/ppu/lib/libfreetype.a(ftbase.o)
                0x00000000000300e8                .ft_mem_alloc
 .text.ft_mem_qalloc
                0x000000000003018c       0xcc /usr/local/ps3dev/portlibs/ppu/lib/libfreetype.a(ftbase.o)
                0x000000000003018c                .ft_mem_qalloc
 .text.ft_mem_realloc
                0x0000000000030258       0xf0 /usr/local/ps3dev/portlibs/ppu/lib/libfreetype.a(ftbase.o)
                0x0000000000030258                .ft_mem_realloc
 .text.ft_mem_qrealloc
                0x0000000000030348      0x1a0 /usr/local/ps3dev/portlibs/ppu/lib/libfreetype.a(ftbase.o)
                0x0000000000030348                .ft_mem_qrealloc
 .text.ft_mem_free
                0x00000000000304e8       0x78 /usr/local/ps3dev/portlibs/ppu/lib/libfreetype.a(ftbase.o)
                0x00000000000304e8                .ft_mem_free
 .text.ft_mem_dup
                0x0000000000030560       0xa8 /usr/local/ps3dev/portlibs/ppu/lib/libfreetype.a(ftbase.o)
                0x0000000000030560                .ft_mem_dup
 .text.ft_mem_strdup
                0x0000000000030608       0x88 /usr/local/ps3dev/portlibs/ppu/lib/libfreetype.a(ftbase.o)
                0x0000000000030608                .ft_mem_strdup
 .text.ft_mem_strcpyn
                0x0000000000030690       0xa8 /usr/local/ps3dev/portlibs/ppu/lib/libfreetype.a(ftbase.o)
                0x0000000000030690                .ft_mem_strcpyn
 .text.FT_List_Find
                0x0000000000030738       0x78 /usr/local/ps3dev/portlibs/ppu/lib/libfreetype.a(ftbase.o)
                0x0000000000030738                .FT_List_Find
 .text.FT_List_Add
                0x00000000000307b0       0x88 /usr/local/ps3dev/portlibs/ppu/lib/libfreetype.a(ftbase.o)
                0x00000000000307b0                .FT_List_Add
 .text.FT_List_Insert
                0x0000000000030838       0x88 /usr/local/ps3dev/portlibs/ppu/lib/libfreetype.a(ftbase.o)
                0x0000000000030838                .FT_List_Insert
 .text.FT_List_Remove
                0x00000000000308c0       0x98 /usr/local/ps3dev/portlibs/ppu/lib/libfreetype.a(ftbase.o)
                0x00000000000308c0                .FT_List_Remove
 .text.FT_List_Up
                0x0000000000030958       0xc4 /usr/local/ps3dev/portlibs/ppu/lib/libfreetype.a(ftbase.o)
                0x0000000000030958                .FT_List_Up
 .text.FT_List_Iterate
                0x0000000000030a1c       0xc8 /usr/local/ps3dev/portlibs/ppu/lib/libfreetype.a(ftbase.o)
                0x0000000000030a1c                .FT_List_Iterate
 .text.FT_List_Finalize
                0x0000000000030ae4       0xe8 /usr/local/ps3dev/portlibs/ppu/lib/libfreetype.a(ftbase.o)
                0x0000000000030ae4                .FT_List_Finalize
 .text.ft_highpow2
                0x0000000000030bcc       0x68 /usr/local/ps3dev/portlibs/ppu/lib/libfreetype.a(ftbase.o)
                0x0000000000030bcc                .ft_highpow2
 .text.FT_Alloc
                0x0000000000030c34       0x6c /usr/local/ps3dev/portlibs/ppu/lib/libfreetype.a(ftbase.o)
                0x0000000000030c34                .FT_Alloc
 .text.FT_QAlloc
                0x0000000000030ca0       0x6c /usr/local/ps3dev/portlibs/ppu/lib/libfreetype.a(ftbase.o)
                0x0000000000030ca0                .FT_QAlloc
 .text.FT_Realloc
                0x0000000000030d0c       0x84 /usr/local/ps3dev/portlibs/ppu/lib/libfreetype.a(ftbase.o)
                0x0000000000030d0c                .FT_Realloc
 .text.FT_QRealloc
                0x0000000000030d90       0x84 /usr/local/ps3dev/portlibs/ppu/lib/libfreetype.a(ftbase.o)
                0x0000000000030d90                .FT_QRealloc
 .text.FT_Free  0x0000000000030e14       0x70 /usr/local/ps3dev/portlibs/ppu/lib/libfreetype.a(ftbase.o)
                0x0000000000030e14                .FT_Free
 .text          0x0000000000030e84        0x0 /usr/local/ps3dev/portlibs/ppu/lib/libfreetype.a(truetype.o)
 .text.tt_get_kerning
                0x0000000000030e84       0xd8 /usr/local/ps3dev/portlibs/ppu/lib/libfreetype.a(truetype.o)
 .text.tt_get_advances
                0x0000000000030f5c      0x188 /usr/local/ps3dev/portlibs/ppu/lib/libfreetype.a(truetype.o)
 .text.tt_size_select
                0x00000000000310e4      0x118 /usr/local/ps3dev/portlibs/ppu/lib/libfreetype.a(truetype.o)
 .text.tt_size_request
                0x00000000000311fc      0x13c /usr/local/ps3dev/portlibs/ppu/lib/libfreetype.a(truetype.o)
 .text.Load_Glyph
                0x0000000000031338      0x1a8 /usr/local/ps3dev/portlibs/ppu/lib/libfreetype.a(truetype.o)
 .text.tt_get_interface
                0x00000000000314e0       0xf8 /usr/local/ps3dev/portlibs/ppu/lib/libfreetype.a(truetype.o)
 .text.tt_face_load_loca
                0x00000000000315d8      0x2dc /usr/local/ps3dev/portlibs/ppu/lib/libfreetype.a(truetype.o)
 .text.tt_face_get_location
                0x00000000000318b4      0x388 /usr/local/ps3dev/portlibs/ppu/lib/libfreetype.a(truetype.o)
 .text.tt_face_done_loca
                0x0000000000031c3c       0x6c /usr/local/ps3dev/portlibs/ppu/lib/libfreetype.a(truetype.o)
 .text.tt_face_load_cvt
                0x0000000000031ca8      0x204 /usr/local/ps3dev/portlibs/ppu/lib/libfreetype.a(truetype.o)
 .text.tt_face_load_fpgm
                0x0000000000031eac       0xf4 /usr/local/ps3dev/portlibs/ppu/lib/libfreetype.a(truetype.o)
 .text.tt_face_load_prep
                0x0000000000031fa0       0xf4 /usr/local/ps3dev/portlibs/ppu/lib/libfreetype.a(truetype.o)
 .text.tt_face_load_hdmx
                0x0000000000032094      0x39c /usr/local/ps3dev/portlibs/ppu/lib/libfreetype.a(truetype.o)
 .text.tt_face_free_hdmx
                0x0000000000032430       0x90 /usr/local/ps3dev/portlibs/ppu/lib/libfreetype.a(truetype.o)
 .text.tt_face_get_device_metrics
                0x00000000000324c0      0x100 /usr/local/ps3dev/portlibs/ppu/lib/libfreetype.a(truetype.o)
 .text.TT_Get_HMetrics
                0x00000000000325c0       0xc4 /usr/local/ps3dev/portlibs/ppu/lib/libfreetype.a(truetype.o)
 .text.TT_Get_VMetrics
                0x0000000000032684       0xc8 /usr/local/ps3dev/portlibs/ppu/lib/libfreetype.a(truetype.o)
 .text.tt_get_metrics